[0.039s][info][gc] Using Concurrent Mark Sweep
[0.040s][info][gc,heap,coops] Heap address: 0x00000000fc000000, size: 64 MB, Compressed Oops mode: 32-bit
[15.160s][info][gc,start     ] GC(0) Pause Young (Allocation Failure)
[15.161s][info][gc,task      ] GC(0) Using 4 workers of 4 for evacuation
[15.189s][info][gc,heap      ] GC(0) ParNew: 17472K->2175K(19648K)
[15.189s][info][gc,heap      ] GC(0) CMS: 0K->3336K(43712K)
[15.189s][info][gc,metaspace ] GC(0) Metaspace: 5692K->5692K(1056768K)
[15.189s][info][gc           ] GC(0) Pause Young (Allocation Failure) 17M->5M(61M) 28.736ms
[15.189s][info][gc,cpu       ] GC(0) User=0.05s Sys=0.00s Real=0.03s
[35.157s][info][gc,start     ] GC(1) Pause Young (Allocation Failure)
[35.157s][info][gc,task      ] GC(1) Using 4 workers of 4 for evacuation
[35.188s][info][gc,heap      ] GC(1) ParNew: 19647K->2176K(19648K)
[35.188s][info][gc,heap      ] GC(1) CMS: 3336K->9638K(43712K)
[35.188s][info][gc,metaspace ] GC(1) Metaspace: 8205K->8205K(1056768K)
[35.188s][info][gc           ] GC(1) Pause Young (Allocation Failure) 22M->11M(61M) 31.345ms
[35.188s][info][gc,cpu       ] GC(1) User=0.06s Sys=0.00s Real=0.03s
[66.620s][info][gc,start     ] GC(2) Pause Young (Allocation Failure)
[66.620s][info][gc,task      ] GC(2) Using 4 workers of 4 for evacuation
[66.678s][info][gc,heap      ] GC(2) ParNew: 19648K->2176K(19648K)
[66.678s][info][gc,heap      ] GC(2) CMS: 9638K->18825K(43712K)
[66.678s][info][gc,metaspace ] GC(2) Metaspace: 8371K->8371K(1056768K)
[66.678s][info][gc           ] GC(2) Pause Young (Allocation Failure) 28M->20M(61M) 58.482ms
[66.678s][info][gc,cpu       ] GC(2) User=0.12s Sys=0.00s Real=0.06s
[99.379s][info][gc,start     ] GC(3) Pause Young (Allocation Failure)
[99.379s][info][gc,task      ] GC(3) Using 4 workers of 4 for evacuation
[99.412s][info][gc,heap      ] GC(3) ParNew: 19648K->2176K(19648K)
[99.412s][info][gc,heap      ] GC(3) CMS: 18825K->29145K(43712K)
[99.412s][info][gc,metaspace ] GC(3) Metaspace: 8503K->8503K(1056768K)
[99.412s][info][gc           ] GC(3) Pause Young (Allocation Failure) 37M->30M(61M) 33.214ms
[99.412s][info][gc,cpu       ] GC(3) User=0.08s Sys=0.00s Real=0.03s
[99.413s][info][gc,start     ] GC(4) Pause Initial Mark
[99.415s][info][gc           ] GC(4) Pause Initial Mark 30M->30M(61M) 2.108ms
[99.415s][info][gc,cpu       ] GC(4) User=0.00s Sys=0.00s Real=0.00s
[99.415s][info][gc           ] GC(4) Concurrent Mark
[99.436s][info][gc           ] GC(4) Concurrent Mark 21.142ms
[99.436s][info][gc,cpu       ] GC(4) User=0.05s Sys=0.00s Real=0.02s
[99.436s][info][gc           ] GC(4) Concurrent Preclean
[99.437s][info][gc           ] GC(4) Concurrent Preclean 0.189ms
[99.437s][info][gc,cpu       ] GC(4) User=0.00s Sys=0.00s Real=0.00s
[99.437s][info][gc,start     ] GC(4) Pause Remark
[99.445s][info][gc           ] GC(4) Pause Remark 31M->31M(61M) 7.776ms
[99.445s][info][gc,cpu       ] GC(4) User=0.00s Sys=0.00s Real=0.01s
[99.445s][info][gc           ] GC(4) Concurrent Sweep
[99.462s][info][gc           ] GC(4) Concurrent Sweep 17.034ms
[99.462s][info][gc,cpu       ] GC(4) User=0.02s Sys=0.00s Real=0.02s
[99.462s][info][gc           ] GC(4) Concurrent Reset
[99.462s][info][gc           ] GC(4) Concurrent Reset 0.042ms
[99.462s][info][gc,cpu       ] GC(4) User=0.00s Sys=0.00s Real=0.00s
[99.462s][info][gc,heap      ] GC(4) Old: 29145K->19036K(43712K)
[132.224s][info][gc,start     ] GC(5) Pause Young (Allocation Failure)
[132.224s][info][gc,task      ] GC(5) Using 4 workers of 4 for evacuation
[132.257s][info][gc,heap      ] GC(5) ParNew: 19648K->2176K(19648K)
[132.257s][info][gc,heap      ] GC(5) CMS: 19036K->30513K(43712K)
[132.257s][info][gc,metaspace ] GC(5) Metaspace: 8267K->8267K(1056768K)
[132.257s][info][gc           ] GC(5) Pause Young (Allocation Failure) 37M->31M(61M) 32.497ms
[132.257s][info][gc,cpu       ] GC(5) User=0.08s Sys=0.00s Real=0.03s
[132.257s][info][gc,start     ] GC(6) Pause Initial Mark
[132.258s][info][gc           ] GC(6) Pause Initial Mark 32M->32M(61M) 0.921ms
[132.258s][info][gc,cpu       ] GC(6) User=0.00s Sys=0.00s Real=0.00s
[132.258s][info][gc           ] GC(6) Concurrent Mark
[132.287s][info][gc           ] GC(6) Concurrent Mark 28.894ms
[132.287s][info][gc,cpu       ] GC(6) User=0.03s Sys=0.00s Real=0.03s
[132.287s][info][gc           ] GC(6) Concurrent Preclean
[132.288s][info][gc           ] GC(6) Concurrent Preclean 0.117ms
[132.288s][info][gc,cpu       ] GC(6) User=0.00s Sys=0.00s Real=0.00s
[132.288s][info][gc,start     ] GC(6) Pause Remark
[132.294s][info][gc           ] GC(6) Pause Remark 32M->32M(61M) 6.240ms
[132.294s][info][gc,cpu       ] GC(6) User=0.00s Sys=0.00s Real=0.01s
[132.294s][info][gc           ] GC(6) Concurrent Sweep
[132.309s][info][gc           ] GC(6) Concurrent Sweep 14.644ms
[132.309s][info][gc,cpu       ] GC(6) User=0.02s Sys=0.00s Real=0.01s
[132.309s][info][gc           ] GC(6) Concurrent Reset
[132.309s][info][gc           ] GC(6) Concurrent Reset 0.058ms
[132.309s][info][gc,cpu       ] GC(6) User=0.00s Sys=0.00s Real=0.00s
[132.309s][info][gc,heap      ] GC(6) Old: 30513K->25280K(43712K)
[134.308s][info][gc,start     ] GC(7) Pause Initial Mark
[134.312s][info][gc           ] GC(7) Pause Initial Mark 28M->28M(61M) 3.457ms
[134.312s][info][gc,cpu       ] GC(7) User=0.00s Sys=0.00s Real=0.00s
[134.312s][info][gc           ] GC(7) Concurrent Mark
[134.355s][info][gc           ] GC(7) Concurrent Mark 42.838ms
[134.355s][info][gc,cpu       ] GC(7) User=0.05s Sys=0.00s Real=0.04s
[134.355s][info][gc           ] GC(7) Concurrent Preclean
[134.355s][info][gc           ] GC(7) Concurrent Preclean 0.142ms
[134.355s][info][gc,cpu       ] GC(7) User=0.00s Sys=0.00s Real=0.00s
[134.355s][info][gc,start     ] GC(7) Pause Remark
[134.359s][info][gc           ] GC(7) Pause Remark 28M->28M(61M) 4.273ms
[134.360s][info][gc,cpu       ] GC(7) User=0.00s Sys=0.00s Real=0.01s
[134.360s][info][gc           ] GC(7) Concurrent Sweep
[134.372s][info][gc           ] GC(7) Concurrent Sweep 12.583ms
[134.372s][info][gc,cpu       ] GC(7) User=0.02s Sys=0.00s Real=0.01s
[134.372s][info][gc           ] GC(7) Concurrent Reset
[134.372s][info][gc           ] GC(7) Concurrent Reset 0.042ms
[134.372s][info][gc,cpu       ] GC(7) User=0.00s Sys=0.00s Real=0.00s
[134.372s][info][gc,heap      ] GC(7) Old: 25280K->24913K(43712K)
[136.373s][info][gc,start     ] GC(8) Pause Initial Mark
[136.374s][info][gc           ] GC(8) Pause Initial Mark 28M->28M(61M) 1.668ms
[136.374s][info][gc,cpu       ] GC(8) User=0.03s Sys=0.00s Real=0.00s
[136.374s][info][gc           ] GC(8) Concurrent Mark
[136.401s][info][gc           ] GC(8) Concurrent Mark 27.096ms
[136.401s][info][gc,cpu       ] GC(8) User=0.02s Sys=0.00s Real=0.03s
[136.402s][info][gc           ] GC(8) Concurrent Preclean
[136.402s][info][gc           ] GC(8) Concurrent Preclean 0.121ms
[136.402s][info][gc,cpu       ] GC(8) User=0.00s Sys=0.00s Real=0.00s
[136.402s][info][gc           ] GC(8) Concurrent Abortable Preclean
[141.453s][info][gc           ] GC(8) Concurrent Abortable Preclean 5051.387ms
[141.453s][info][gc,cpu       ] GC(8) User=1.15s Sys=0.00s Real=5.05s
[141.453s][info][gc,start     ] GC(8) Pause Remark
[141.460s][info][gc           ] GC(8) Pause Remark 31M->31M(61M) 6.854ms
[141.460s][info][gc,cpu       ] GC(8) User=0.02s Sys=0.00s Real=0.01s
[141.460s][info][gc           ] GC(8) Concurrent Sweep
[141.480s][info][gc           ] GC(8) Concurrent Sweep 19.306ms
[141.480s][info][gc,cpu       ] GC(8) User=0.02s Sys=0.00s Real=0.02s
[141.480s][info][gc           ] GC(8) Concurrent Reset
[141.480s][info][gc           ] GC(8) Concurrent Reset 0.041ms
[141.480s][info][gc,cpu       ] GC(8) User=0.00s Sys=0.00s Real=0.00s
[141.480s][info][gc,heap      ] GC(8) Old: 24913K->24557K(43712K)
[143.479s][info][gc,start     ] GC(9) Pause Initial Mark
[143.487s][info][gc           ] GC(9) Pause Initial Mark 32M->32M(61M) 7.595ms
[143.487s][info][gc,cpu       ] GC(9) User=0.00s Sys=0.00s Real=0.01s
[143.487s][info][gc           ] GC(9) Concurrent Mark
[143.514s][info][gc           ] GC(9) Concurrent Mark 26.865ms
[143.514s][info][gc,cpu       ] GC(9) User=0.02s Sys=0.00s Real=0.03s
[143.514s][info][gc           ] GC(9) Concurrent Preclean
[143.514s][info][gc           ] GC(9) Concurrent Preclean 0.156ms
[143.514s][info][gc,cpu       ] GC(9) User=0.00s Sys=0.00s Real=0.00s
[143.514s][info][gc           ] GC(9) Concurrent Abortable Preclean
[148.554s][info][gc           ] GC(9) Concurrent Abortable Preclean 5039.950ms
[148.554s][info][gc,cpu       ] GC(9) User=1.06s Sys=0.02s Real=5.04s
[148.554s][info][gc,start     ] GC(9) Pause Remark
[148.564s][info][gc           ] GC(9) Pause Remark 34M->34M(61M) 9.715ms
[148.564s][info][gc,cpu       ] GC(9) User=0.03s Sys=0.00s Real=0.01s
[148.564s][info][gc           ] GC(9) Concurrent Sweep
[148.575s][info][gc           ] GC(9) Concurrent Sweep 10.918ms
[148.575s][info][gc,cpu       ] GC(9) User=0.02s Sys=0.00s Real=0.01s
[148.575s][info][gc           ] GC(9) Concurrent Reset
[148.575s][info][gc           ] GC(9) Concurrent Reset 0.041ms
[148.575s][info][gc,cpu       ] GC(9) User=0.00s Sys=0.00s Real=0.00s
[148.575s][info][gc,heap      ] GC(9) Old: 24557K->23315K(43712K)
[150.575s][info][gc,start     ] GC(10) Pause Initial Mark
[150.579s][info][gc           ] GC(10) Pause Initial Mark 34M->34M(61M) 4.138ms
[150.579s][info][gc,cpu       ] GC(10) User=0.00s Sys=0.00s Real=0.00s
[150.579s][info][gc           ] GC(10) Concurrent Mark
[150.603s][info][gc           ] GC(10) Concurrent Mark 23.949ms
[150.603s][info][gc,cpu       ] GC(10) User=0.03s Sys=0.00s Real=0.02s
[150.603s][info][gc           ] GC(10) Concurrent Preclean
[150.604s][info][gc           ] GC(10) Concurrent Preclean 0.133ms
[150.604s][info][gc,cpu       ] GC(10) User=0.00s Sys=0.00s Real=0.00s
[150.604s][info][gc           ] GC(10) Concurrent Abortable Preclean
[155.610s][info][gc           ] GC(10) Concurrent Abortable Preclean 5006.519ms
[155.610s][info][gc,cpu       ] GC(10) User=1.06s Sys=0.00s Real=5.01s
[155.610s][info][gc,start     ] GC(10) Pause Remark
[155.619s][info][gc           ] GC(10) Pause Remark 37M->37M(61M) 8.300ms
[155.619s][info][gc,cpu       ] GC(10) User=0.00s Sys=0.00s Real=0.01s
[155.619s][info][gc           ] GC(10) Concurrent Sweep
[155.628s][info][gc           ] GC(10) Concurrent Sweep 9.231ms
[155.628s][info][gc,cpu       ] GC(10) User=0.02s Sys=0.00s Real=0.01s
[155.628s][info][gc           ] GC(10) Concurrent Reset
[155.628s][info][gc           ] GC(10) Concurrent Reset 0.040ms
[155.628s][info][gc,cpu       ] GC(10) User=0.00s Sys=0.00s Real=0.00s
[155.628s][info][gc,heap      ] GC(10) Old: 23315K->22087K(43712K)
[157.628s][info][gc,start     ] GC(11) Pause Initial Mark
[157.643s][info][gc           ] GC(11) Pause Initial Mark 37M->37M(61M) 15.545ms
[157.643s][info][gc,cpu       ] GC(11) User=0.03s Sys=0.00s Real=0.02s
[157.643s][info][gc           ] GC(11) Concurrent Mark
[157.675s][info][gc           ] GC(11) Concurrent Mark 31.688ms
[157.675s][info][gc,cpu       ] GC(11) User=0.03s Sys=0.00s Real=0.03s
[157.675s][info][gc           ] GC(11) Concurrent Preclean
[157.675s][info][gc           ] GC(11) Concurrent Preclean 0.138ms
[157.675s][info][gc,cpu       ] GC(11) User=0.00s Sys=0.00s Real=0.00s
[157.675s][info][gc           ] GC(11) Concurrent Abortable Preclean
[162.740s][info][gc           ] GC(11) Concurrent Abortable Preclean 5064.758ms
[162.740s][info][gc,cpu       ] GC(11) User=1.22s Sys=0.03s Real=5.06s
[162.740s][info][gc,start     ] GC(11) Pause Remark
[162.750s][info][gc           ] GC(11) Pause Remark 39M->39M(61M) 9.794ms
[162.750s][info][gc,cpu       ] GC(11) User=0.00s Sys=0.00s Real=0.01s
[162.750s][info][gc           ] GC(11) Concurrent Sweep
[162.759s][info][gc           ] GC(11) Concurrent Sweep 8.510ms
[162.759s][info][gc,cpu       ] GC(11) User=0.02s Sys=0.00s Real=0.01s
[162.759s][info][gc           ] GC(11) Concurrent Reset
[162.759s][info][gc           ] GC(11) Concurrent Reset 0.040ms
[162.759s][info][gc,cpu       ] GC(11) User=0.00s Sys=0.00s Real=0.00s
[162.759s][info][gc,heap      ] GC(11) Old: 22087K->20846K(43712K)
[164.759s][info][gc,start     ] GC(12) Pause Initial Mark
[164.775s][info][gc           ] GC(12) Pause Initial Mark 39M->39M(61M) 16.492ms
[164.775s][info][gc,cpu       ] GC(12) User=0.03s Sys=0.00s Real=0.02s
[164.776s][info][gc           ] GC(12) Concurrent Mark
[164.803s][info][gc           ] GC(12) Concurrent Mark 27.348ms
[164.803s][info][gc,cpu       ] GC(12) User=0.05s Sys=0.00s Real=0.03s
[164.803s][info][gc           ] GC(12) Concurrent Preclean
[164.803s][info][gc           ] GC(12) Concurrent Preclean 0.119ms
[164.803s][info][gc,cpu       ] GC(12) User=0.00s Sys=0.00s Real=0.00s
[164.803s][info][gc           ] GC(12) Concurrent Abortable Preclean
[165.254s][info][gc,start     ] GC(13) Pause Young (Allocation Failure)
[165.254s][info][gc,task      ] GC(13) Using 4 workers of 4 for evacuation
[165.288s][info][gc,heap      ] GC(13) ParNew: 19648K->2176K(19648K)
[165.288s][info][gc,heap      ] GC(13) CMS: 20846K->30983K(43712K)
[165.288s][info][gc,metaspace ] GC(13) Metaspace: 8270K->8270K(1056768K)
[165.288s][info][gc           ] GC(13) Pause Young (Allocation Failure) 39M->32M(61M) 34.603ms
[165.289s][info][gc,cpu       ] GC(13) User=0.06s Sys=0.00s Real=0.03s
[169.865s][info][gc           ] GC(12) Concurrent Abortable Preclean 5061.973ms
[169.865s][info][gc,cpu       ] GC(12) User=1.37s Sys=0.00s Real=5.06s
[169.865s][info][gc,start     ] GC(12) Pause Remark
[169.870s][info][gc           ] GC(12) Pause Remark 35M->35M(61M) 5.063ms
[169.870s][info][gc,cpu       ] GC(12) User=0.05s Sys=0.00s Real=0.00s
[169.870s][info][gc           ] GC(12) Concurrent Sweep
[169.882s][info][gc           ] GC(12) Concurrent Sweep 11.844ms
[169.882s][info][gc,cpu       ] GC(12) User=0.02s Sys=0.00s Real=0.01s
[169.882s][info][gc           ] GC(12) Concurrent Reset
[169.882s][info][gc           ] GC(12) Concurrent Reset 0.053ms
[169.882s][info][gc,cpu       ] GC(12) User=0.00s Sys=0.00s Real=0.00s
[169.882s][info][gc,heap      ] GC(12) Old: 20846K->29742K(43712K)
[171.882s][info][gc,start     ] GC(14) Pause Initial Mark
[171.889s][info][gc           ] GC(14) Pause Initial Mark 34M->34M(61M) 6.403ms
[171.889s][info][gc,cpu       ] GC(14) User=0.00s Sys=0.00s Real=0.01s
[171.889s][info][gc           ] GC(14) Concurrent Mark
[171.933s][info][gc           ] GC(14) Concurrent Mark 44.047ms
[171.933s][info][gc,cpu       ] GC(14) User=0.05s Sys=0.00s Real=0.04s
[171.933s][info][gc           ] GC(14) Concurrent Preclean
[171.933s][info][gc           ] GC(14) Concurrent Preclean 0.122ms
[171.933s][info][gc,cpu       ] GC(14) User=0.00s Sys=0.00s Real=0.00s
[171.933s][info][gc           ] GC(14) Concurrent Abortable Preclean
[176.943s][info][gc           ] GC(14) Concurrent Abortable Preclean 5009.694ms
[176.943s][info][gc,cpu       ] GC(14) User=1.29s Sys=0.00s Real=5.01s
[176.943s][info][gc,start     ] GC(14) Pause Remark
[176.949s][info][gc           ] GC(14) Pause Remark 37M->37M(61M) 5.968ms
[176.949s][info][gc,cpu       ] GC(14) User=0.02s Sys=0.00s Real=0.01s
[176.949s][info][gc           ] GC(14) Concurrent Sweep
[176.961s][info][gc           ] GC(14) Concurrent Sweep 12.159ms
[176.961s][info][gc,cpu       ] GC(14) User=0.00s Sys=0.00s Real=0.01s
[176.961s][info][gc           ] GC(14) Concurrent Reset
[176.961s][info][gc           ] GC(14) Concurrent Reset 0.056ms
[176.961s][info][gc,cpu       ] GC(14) User=0.00s Sys=0.00s Real=0.00s
[176.961s][info][gc,heap      ] GC(14) Old: 29742K->28537K(43712K)
[178.961s][info][gc,start     ] GC(15) Pause Initial Mark
[178.972s][info][gc           ] GC(15) Pause Initial Mark 37M->37M(61M) 10.153ms
[178.972s][info][gc,cpu       ] GC(15) User=0.00s Sys=0.00s Real=0.01s
[178.972s][info][gc           ] GC(15) Concurrent Mark
[179.011s][info][gc           ] GC(15) Concurrent Mark 38.820ms
[179.011s][info][gc,cpu       ] GC(15) User=0.05s Sys=0.00s Real=0.04s
[179.011s][info][gc           ] GC(15) Concurrent Preclean
[179.011s][info][gc           ] GC(15) Concurrent Preclean 0.128ms
[179.011s][info][gc,cpu       ] GC(15) User=0.00s Sys=0.00s Real=0.00s
[179.011s][info][gc           ] GC(15) Concurrent Abortable Preclean
[184.046s][info][gc           ] GC(15) Concurrent Abortable Preclean 5035.259ms
[184.046s][info][gc,cpu       ] GC(15) User=1.33s Sys=0.02s Real=5.04s
[184.046s][info][gc,start     ] GC(15) Pause Remark
[184.056s][info][gc           ] GC(15) Pause Remark 39M->39M(61M) 9.251ms
[184.056s][info][gc,cpu       ] GC(15) User=0.03s Sys=0.00s Real=0.01s
[184.056s][info][gc           ] GC(15) Concurrent Sweep
[184.069s][info][gc           ] GC(15) Concurrent Sweep 13.133ms
[184.069s][info][gc,cpu       ] GC(15) User=0.02s Sys=0.00s Real=0.01s
[184.069s][info][gc           ] GC(15) Concurrent Reset
[184.069s][info][gc           ] GC(15) Concurrent Reset 0.040ms
[184.069s][info][gc,cpu       ] GC(15) User=0.00s Sys=0.00s Real=0.00s
[184.069s][info][gc,heap      ] GC(15) Old: 28537K->27308K(43712K)
[186.069s][info][gc,start     ] GC(16) Pause Initial Mark
[186.074s][info][gc           ] GC(16) Pause Initial Mark 39M->39M(61M) 4.708ms
[186.074s][info][gc,cpu       ] GC(16) User=0.00s Sys=0.00s Real=0.00s
[186.074s][info][gc           ] GC(16) Concurrent Mark
[186.100s][info][gc           ] GC(16) Concurrent Mark 26.323ms
[186.100s][info][gc,cpu       ] GC(16) User=0.03s Sys=0.00s Real=0.03s
[186.100s][info][gc           ] GC(16) Concurrent Preclean
[186.100s][info][gc           ] GC(16) Concurrent Preclean 0.129ms
[186.100s][info][gc,cpu       ] GC(16) User=0.00s Sys=0.00s Real=0.00s
[186.100s][info][gc           ] GC(16) Concurrent Abortable Preclean
[191.112s][info][gc           ] GC(16) Concurrent Abortable Preclean 5011.681ms
[191.112s][info][gc,cpu       ] GC(16) User=1.44s Sys=0.02s Real=5.01s
[191.112s][info][gc,start     ] GC(16) Pause Remark
[191.121s][info][gc           ] GC(16) Pause Remark 42M->42M(61M) 8.470ms
[191.121s][info][gc,cpu       ] GC(16) User=0.05s Sys=0.00s Real=0.01s
[191.121s][info][gc           ] GC(16) Concurrent Sweep
[191.133s][info][gc           ] GC(16) Concurrent Sweep 12.026ms
[191.133s][info][gc,cpu       ] GC(16) User=0.02s Sys=0.00s Real=0.01s
[191.133s][info][gc           ] GC(16) Concurrent Reset
[191.133s][info][gc           ] GC(16) Concurrent Reset 0.042ms
[191.133s][info][gc,cpu       ] GC(16) User=0.00s Sys=0.00s Real=0.00s
[191.133s][info][gc,heap      ] GC(16) Old: 27308K->26067K(43712K)
[193.132s][info][gc,start     ] GC(17) Pause Initial Mark
[193.150s][info][gc           ] GC(17) Pause Initial Mark 42M->42M(61M) 17.511ms
[193.150s][info][gc,cpu       ] GC(17) User=0.03s Sys=0.00s Real=0.02s
[193.150s][info][gc           ] GC(17) Concurrent Mark
[193.188s][info][gc           ] GC(17) Concurrent Mark 38.449ms
[193.188s][info][gc,cpu       ] GC(17) User=0.05s Sys=0.00s Real=0.04s
[193.188s][info][gc           ] GC(17) Concurrent Preclean
[193.189s][info][gc           ] GC(17) Concurrent Preclean 0.121ms
[193.189s][info][gc,cpu       ] GC(17) User=0.00s Sys=0.00s Real=0.00s
[193.189s][info][gc           ] GC(17) Concurrent Abortable Preclean
[198.111s][info][gc,start     ] GC(18) Pause Young (Allocation Failure)
[198.111s][info][gc,task      ] GC(18) Using 4 workers of 4 for evacuation
[198.170s][info][gc,heap      ] GC(18) ParNew: 19648K->2176K(19648K)
[198.170s][info][gc,heap      ] GC(18) CMS: 26067K->37607K(43712K)
[198.170s][info][gc,metaspace ] GC(18) Metaspace: 8282K->8282K(1056768K)
[198.170s][info][gc           ] GC(18) Pause Young (Allocation Failure) 44M->38M(61M) 59.537ms
[198.170s][info][gc,cpu       ] GC(18) User=0.19s Sys=0.02s Real=0.06s
[198.204s][info][gc           ] GC(17) Concurrent Abortable Preclean 5015.644ms
[198.204s][info][gc,cpu       ] GC(17) User=1.53s Sys=0.02s Real=5.02s
[198.204s][info][gc,start     ] GC(17) Pause Remark
[198.208s][info][gc           ] GC(17) Pause Remark 39M->39M(61M) 3.841ms
[198.208s][info][gc,cpu       ] GC(17) User=0.00s Sys=0.00s Real=0.00s
[198.208s][info][gc           ] GC(17) Concurrent Sweep
[198.223s][info][gc           ] GC(17) Concurrent Sweep 14.964ms
[198.223s][info][gc,cpu       ] GC(17) User=0.02s Sys=0.00s Real=0.01s
[198.223s][info][gc           ] GC(17) Concurrent Reset
[198.223s][info][gc           ] GC(17) Concurrent Reset 0.055ms
[198.224s][info][gc,cpu       ] GC(17) User=0.00s Sys=0.00s Real=0.00s
[198.224s][info][gc,heap      ] GC(17) Old: 26067K->36367K(43712K)
[200.223s][info][gc,start     ] GC(19) Pause Initial Mark
[200.227s][info][gc           ] GC(19) Pause Initial Mark 38M->38M(61M) 3.963ms
[200.228s][info][gc,cpu       ] GC(19) User=0.00s Sys=0.00s Real=0.00s
[200.228s][info][gc           ] GC(19) Concurrent Mark
[200.285s][info][gc           ] GC(19) Concurrent Mark 57.864ms
[200.286s][info][gc,cpu       ] GC(19) User=0.05s Sys=0.00s Real=0.06s
[200.286s][info][gc           ] GC(19) Concurrent Preclean
[200.286s][info][gc           ] GC(19) Concurrent Preclean 0.131ms
[200.286s][info][gc,cpu       ] GC(19) User=0.00s Sys=0.00s Real=0.00s
[200.286s][info][gc,start     ] GC(19) Pause Remark
[200.290s][info][gc           ] GC(19) Pause Remark 38M->38M(61M) 4.560ms
[200.290s][info][gc,cpu       ] GC(19) User=0.03s Sys=0.00s Real=0.00s
[200.290s][info][gc           ] GC(19) Concurrent Sweep
[200.305s][info][gc           ] GC(19) Concurrent Sweep 14.064ms
[200.305s][info][gc,cpu       ] GC(19) User=0.02s Sys=0.00s Real=0.01s
[200.305s][info][gc           ] GC(19) Concurrent Reset
[200.305s][info][gc           ] GC(19) Concurrent Reset 0.040ms
[200.305s][info][gc,cpu       ] GC(19) User=0.00s Sys=0.00s Real=0.00s
[200.305s][info][gc,heap      ] GC(19) Old: 36367K->35149K(43712K)
[202.305s][info][gc,start     ] GC(20) Pause Initial Mark
[202.306s][info][gc           ] GC(20) Pause Initial Mark 38M->38M(61M) 1.723ms
[202.306s][info][gc,cpu       ] GC(20) User=0.00s Sys=0.00s Real=0.00s
[202.306s][info][gc           ] GC(20) Concurrent Mark
[202.342s][info][gc           ] GC(20) Concurrent Mark 35.463ms
[202.342s][info][gc,cpu       ] GC(20) User=0.03s Sys=0.00s Real=0.04s
[202.342s][info][gc           ] GC(20) Concurrent Preclean
[202.342s][info][gc           ] GC(20) Concurrent Preclean 0.131ms
[202.342s][info][gc,cpu       ] GC(20) User=0.00s Sys=0.00s Real=0.00s
[202.342s][info][gc           ] GC(20) Concurrent Abortable Preclean
[207.459s][info][gc           ] GC(20) Concurrent Abortable Preclean 5117.298ms
[207.459s][info][gc,cpu       ] GC(20) User=1.42s Sys=0.00s Real=5.12s
[207.460s][info][gc,start     ] GC(20) Pause Remark
[207.465s][info][gc           ] GC(20) Pause Remark 41M->41M(61M) 5.764ms
[207.465s][info][gc,cpu       ] GC(20) User=0.05s Sys=0.00s Real=0.01s
[207.465s][info][gc           ] GC(20) Concurrent Sweep
[207.480s][info][gc           ] GC(20) Concurrent Sweep 14.410ms
[207.480s][info][gc,cpu       ] GC(20) User=0.02s Sys=0.00s Real=0.02s
[207.480s][info][gc           ] GC(20) Concurrent Reset
[207.480s][info][gc           ] GC(20) Concurrent Reset 0.041ms
[207.480s][info][gc,cpu       ] GC(20) User=0.00s Sys=0.00s Real=0.00s
[207.480s][info][gc,heap      ] GC(20) Old: 35149K->34793K(43712K)
[209.480s][info][gc,start     ] GC(21) Pause Initial Mark
[209.486s][info][gc           ] GC(21) Pause Initial Mark 42M->42M(61M) 5.828ms
[209.486s][info][gc,cpu       ] GC(21) User=0.00s Sys=0.00s Real=0.01s
[209.486s][info][gc           ] GC(21) Concurrent Mark
[209.520s][info][gc           ] GC(21) Concurrent Mark 34.213ms
[209.520s][info][gc,cpu       ] GC(21) User=0.03s Sys=0.00s Real=0.03s
[209.520s][info][gc           ] GC(21) Concurrent Preclean
[209.520s][info][gc           ] GC(21) Concurrent Preclean 0.113ms
[209.520s][info][gc,cpu       ] GC(21) User=0.00s Sys=0.00s Real=0.00s
[209.520s][info][gc           ] GC(21) Concurrent Abortable Preclean
[210.449s][info][gc           ] GC(21) Concurrent Abortable Preclean 929.228ms
[210.450s][info][gc,cpu       ] GC(21) User=0.25s Sys=0.00s Real=0.93s
[210.450s][info][gc,start     ] GC(21) Pause Remark
[210.463s][info][gc           ] GC(21) Pause Remark 42M->42M(61M) 12.728ms
[210.463s][info][gc,cpu       ] GC(21) User=0.03s Sys=0.00s Real=0.01s
[210.463s][info][gc           ] GC(21) Concurrent Sweep
[210.485s][info][gc           ] GC(21) Concurrent Sweep 22.690ms
[210.486s][info][gc,cpu       ] GC(21) User=0.02s Sys=0.00s Real=0.02s
[210.486s][info][gc           ] GC(21) Concurrent Reset
[210.486s][info][gc           ] GC(21) Concurrent Reset 0.041ms
[210.486s][info][gc,cpu       ] GC(21) User=0.00s Sys=0.00s Real=0.00s
[210.486s][info][gc,heap      ] GC(21) Old: 34793K->33541K(43712K)
[212.485s][info][gc,start     ] GC(22) Pause Initial Mark
[212.494s][info][gc           ] GC(22) Pause Initial Mark 42M->42M(61M) 8.516ms
[212.494s][info][gc,cpu       ] GC(22) User=0.00s Sys=0.00s Real=0.01s
[212.494s][info][gc           ] GC(22) Concurrent Mark
[212.539s][info][gc           ] GC(22) Concurrent Mark 44.698ms
[212.539s][info][gc,cpu       ] GC(22) User=0.05s Sys=0.00s Real=0.05s
[212.539s][info][gc           ] GC(22) Concurrent Preclean
[212.539s][info][gc           ] GC(22) Concurrent Preclean 0.122ms
[212.539s][info][gc,cpu       ] GC(22) User=0.00s Sys=0.00s Real=0.00s
[212.539s][info][gc           ] GC(22) Concurrent Abortable Preclean
[213.026s][info][gc           ] GC(22) Concurrent Abortable Preclean 487.166ms
[213.026s][info][gc,cpu       ] GC(22) User=0.09s Sys=0.00s Real=0.49s
[213.026s][info][gc,start     ] GC(22) Pause Remark
[213.040s][info][gc           ] GC(22) Pause Remark 42M->42M(61M) 13.864ms
[213.040s][info][gc,cpu       ] GC(22) User=0.05s Sys=0.00s Real=0.01s
[213.040s][info][gc           ] GC(22) Concurrent Sweep
[213.062s][info][gc           ] GC(22) Concurrent Sweep 21.648ms
[213.062s][info][gc,cpu       ] GC(22) User=0.03s Sys=0.00s Real=0.02s
[213.062s][info][gc           ] GC(22) Concurrent Reset
[213.062s][info][gc           ] GC(22) Concurrent Reset 0.041ms
[213.062s][info][gc,cpu       ] GC(22) User=0.00s Sys=0.00s Real=0.00s
[213.062s][info][gc,heap      ] GC(22) Old: 33541K->33013K(43712K)
[215.062s][info][gc,start     ] GC(23) Pause Initial Mark
[215.072s][info][gc           ] GC(23) Pause Initial Mark 43M->43M(61M) 10.048ms
[215.072s][info][gc,cpu       ] GC(23) User=0.00s Sys=0.00s Real=0.01s
[215.072s][info][gc           ] GC(23) Concurrent Mark
[215.119s][info][gc           ] GC(23) Concurrent Mark 46.648ms
[215.119s][info][gc,cpu       ] GC(23) User=0.05s Sys=0.00s Real=0.05s
[215.119s][info][gc           ] GC(23) Concurrent Preclean
[215.119s][info][gc           ] GC(23) Concurrent Preclean 0.132ms
[215.119s][info][gc,cpu       ] GC(23) User=0.00s Sys=0.00s Real=0.00s
[215.119s][info][gc           ] GC(23) Concurrent Abortable Preclean
[215.119s][info][gc           ] GC(23) Concurrent Abortable Preclean 0.016ms
[215.119s][info][gc,cpu       ] GC(23) User=0.00s Sys=0.00s Real=0.00s
[215.119s][info][gc,start     ] GC(23) Pause Remark
[215.127s][info][gc           ] GC(23) Pause Remark 43M->43M(61M) 7.322ms
[215.127s][info][gc,cpu       ] GC(23) User=0.03s Sys=0.00s Real=0.01s
[215.127s][info][gc           ] GC(23) Concurrent Sweep
[215.139s][info][gc           ] GC(23) Concurrent Sweep 11.727ms
[215.139s][info][gc,cpu       ] GC(23) User=0.02s Sys=0.00s Real=0.01s
[215.139s][info][gc           ] GC(23) Concurrent Reset
[215.139s][info][gc           ] GC(23) Concurrent Reset 0.041ms
[215.139s][info][gc,cpu       ] GC(23) User=0.00s Sys=0.00s Real=0.00s
[215.139s][info][gc,heap      ] GC(23) Old: 33013K->32553K(43712K)
[217.138s][info][gc,start     ] GC(24) Pause Initial Mark
[217.143s][info][gc           ] GC(24) Pause Initial Mark 43M->43M(61M) 4.615ms
[217.143s][info][gc,cpu       ] GC(24) User=0.00s Sys=0.00s Real=0.00s
[217.143s][info][gc           ] GC(24) Concurrent Mark
[217.176s][info][gc           ] GC(24) Concurrent Mark 33.404ms
[217.177s][info][gc,cpu       ] GC(24) User=0.03s Sys=0.00s Real=0.03s
[217.177s][info][gc           ] GC(24) Concurrent Preclean
[217.177s][info][gc           ] GC(24) Concurrent Preclean 0.181ms
[217.177s][info][gc,cpu       ] GC(24) User=0.00s Sys=0.00s Real=0.00s
[217.177s][info][gc           ] GC(24) Concurrent Abortable Preclean
[217.177s][info][gc           ] GC(24) Concurrent Abortable Preclean 0.032ms
[217.177s][info][gc,cpu       ] GC(24) User=0.00s Sys=0.00s Real=0.00s
[217.177s][info][gc,start     ] GC(24) Pause Remark
[217.185s][info][gc           ] GC(24) Pause Remark 43M->43M(61M) 7.889ms
[217.185s][info][gc,cpu       ] GC(24) User=0.05s Sys=0.00s Real=0.01s
[217.185s][info][gc           ] GC(24) Concurrent Sweep
[217.197s][info][gc           ] GC(24) Concurrent Sweep 12.544ms
[217.198s][info][gc,cpu       ] GC(24) User=0.02s Sys=0.00s Real=0.01s
[217.198s][info][gc           ] GC(24) Concurrent Reset
[217.198s][info][gc           ] GC(24) Concurrent Reset 0.058ms
[217.198s][info][gc,cpu       ] GC(24) User=0.00s Sys=0.00s Real=0.00s
[217.198s][info][gc,heap      ] GC(24) Old: 32553K->32197K(43712K)
[219.212s][info][gc,start     ] GC(25) Pause Initial Mark
[219.221s][info][gc           ] GC(25) Pause Initial Mark 44M->44M(61M) 9.558ms
[219.221s][info][gc,cpu       ] GC(25) User=0.00s Sys=0.00s Real=0.01s
[219.221s][info][gc           ] GC(25) Concurrent Mark
[219.253s][info][gc           ] GC(25) Concurrent Mark 31.722ms
[219.253s][info][gc,cpu       ] GC(25) User=0.03s Sys=0.00s Real=0.03s
[219.253s][info][gc           ] GC(25) Concurrent Preclean
[219.253s][info][gc           ] GC(25) Concurrent Preclean 0.127ms
[219.253s][info][gc,cpu       ] GC(25) User=0.00s Sys=0.00s Real=0.00s
[219.253s][info][gc           ] GC(25) Concurrent Abortable Preclean
[219.253s][info][gc           ] GC(25) Concurrent Abortable Preclean 0.016ms
[219.253s][info][gc,cpu       ] GC(25) User=0.00s Sys=0.00s Real=0.00s
[219.253s][info][gc,start     ] GC(25) Pause Remark
[219.264s][info][gc           ] GC(25) Pause Remark 44M->44M(61M) 10.761ms
[219.264s][info][gc,cpu       ] GC(25) User=0.03s Sys=0.00s Real=0.01s
[219.264s][info][gc           ] GC(25) Concurrent Sweep
[219.280s][info][gc           ] GC(25) Concurrent Sweep 15.312ms
[219.280s][info][gc,cpu       ] GC(25) User=0.02s Sys=0.00s Real=0.02s
[219.280s][info][gc           ] GC(25) Concurrent Reset
[219.280s][info][gc           ] GC(25) Concurrent Reset 0.055ms
[219.280s][info][gc,cpu       ] GC(25) User=0.00s Sys=0.00s Real=0.00s
[219.280s][info][gc,heap      ] GC(25) Old: 32197K->31841K(43712K)
[221.279s][info][gc,start     ] GC(26) Pause Initial Mark
[221.294s][info][gc           ] GC(26) Pause Initial Mark 45M->45M(61M) 14.968ms
[221.295s][info][gc,cpu       ] GC(26) User=0.03s Sys=0.00s Real=0.01s
[221.295s][info][gc           ] GC(26) Concurrent Mark
[221.337s][info][gc           ] GC(26) Concurrent Mark 42.884ms
[221.338s][info][gc,cpu       ] GC(26) User=0.05s Sys=0.00s Real=0.04s
[221.338s][info][gc           ] GC(26) Concurrent Preclean
[221.338s][info][gc           ] GC(26) Concurrent Preclean 0.119ms
[221.338s][info][gc,cpu       ] GC(26) User=0.00s Sys=0.00s Real=0.00s
[221.338s][info][gc           ] GC(26) Concurrent Abortable Preclean
[221.338s][info][gc           ] GC(26) Concurrent Abortable Preclean 0.016ms
[221.338s][info][gc,cpu       ] GC(26) User=0.00s Sys=0.00s Real=0.00s
[221.338s][info][gc,start     ] GC(26) Pause Remark
[221.346s][info][gc           ] GC(26) Pause Remark 45M->45M(61M) 8.148ms
[221.346s][info][gc,cpu       ] GC(26) User=0.02s Sys=0.00s Real=0.01s
[221.346s][info][gc           ] GC(26) Concurrent Sweep
[221.357s][info][gc           ] GC(26) Concurrent Sweep 11.115ms
[221.357s][info][gc,cpu       ] GC(26) User=0.00s Sys=0.00s Real=0.01s
[221.357s][info][gc           ] GC(26) Concurrent Reset
[221.357s][info][gc           ] GC(26) Concurrent Reset 0.041ms
[221.357s][info][gc,cpu       ] GC(26) User=0.00s Sys=0.00s Real=0.00s
[221.357s][info][gc,heap      ] GC(26) Old: 31841K->31474K(43712K)
[223.357s][info][gc,start     ] GC(27) Pause Initial Mark
[223.363s][info][gc           ] GC(27) Pause Initial Mark 46M->46M(61M) 5.353ms
[223.363s][info][gc,cpu       ] GC(27) User=0.06s Sys=0.00s Real=0.01s
[223.363s][info][gc           ] GC(27) Concurrent Mark
[223.405s][info][gc           ] GC(27) Concurrent Mark 42.485ms
[223.406s][info][gc,cpu       ] GC(27) User=0.05s Sys=0.00s Real=0.04s
[223.406s][info][gc           ] GC(27) Concurrent Preclean
[223.406s][info][gc           ] GC(27) Concurrent Preclean 0.144ms
[223.406s][info][gc,cpu       ] GC(27) User=0.00s Sys=0.00s Real=0.00s
[223.406s][info][gc           ] GC(27) Concurrent Abortable Preclean
[223.406s][info][gc           ] GC(27) Concurrent Abortable Preclean 0.025ms
[223.406s][info][gc,cpu       ] GC(27) User=0.00s Sys=0.00s Real=0.00s
[223.406s][info][gc,start     ] GC(27) Pause Remark
[223.417s][info][gc           ] GC(27) Pause Remark 46M->46M(61M) 11.055ms
[223.417s][info][gc,cpu       ] GC(27) User=0.00s Sys=0.00s Real=0.01s
[223.417s][info][gc           ] GC(27) Concurrent Sweep
[223.431s][info][gc           ] GC(27) Concurrent Sweep 14.150ms
[223.431s][info][gc,cpu       ] GC(27) User=0.02s Sys=0.00s Real=0.01s
[223.431s][info][gc           ] GC(27) Concurrent Reset
[223.431s][info][gc           ] GC(27) Concurrent Reset 0.056ms
[223.431s][info][gc,cpu       ] GC(27) User=0.00s Sys=0.00s Real=0.00s
[223.431s][info][gc,heap      ] GC(27) Old: 31474K->31129K(43712K)
[225.432s][info][gc,start     ] GC(28) Pause Initial Mark
[225.441s][info][gc           ] GC(28) Pause Initial Mark 46M->46M(61M) 8.852ms
[225.441s][info][gc,cpu       ] GC(28) User=0.05s Sys=0.00s Real=0.01s
[225.441s][info][gc           ] GC(28) Concurrent Mark
[225.474s][info][gc           ] GC(28) Concurrent Mark 32.889ms
[225.474s][info][gc,cpu       ] GC(28) User=0.03s Sys=0.00s Real=0.03s
[225.474s][info][gc           ] GC(28) Concurrent Preclean
[225.474s][info][gc           ] GC(28) Concurrent Preclean 0.128ms
[225.474s][info][gc,cpu       ] GC(28) User=0.00s Sys=0.00s Real=0.00s
[225.474s][info][gc           ] GC(28) Concurrent Abortable Preclean
[225.474s][info][gc           ] GC(28) Concurrent Abortable Preclean 0.017ms
[225.474s][info][gc,cpu       ] GC(28) User=0.00s Sys=0.00s Real=0.00s
[225.474s][info][gc,start     ] GC(28) Pause Remark
[225.483s][info][gc           ] GC(28) Pause Remark 46M->46M(61M) 9.133ms
[225.483s][info][gc,cpu       ] GC(28) User=0.05s Sys=0.00s Real=0.01s
[225.483s][info][gc           ] GC(28) Concurrent Sweep
[225.494s][info][gc           ] GC(28) Concurrent Sweep 10.924ms
[225.494s][info][gc,cpu       ] GC(28) User=0.00s Sys=0.00s Real=0.01s
[225.494s][info][gc           ] GC(28) Concurrent Reset
[225.494s][info][gc           ] GC(28) Concurrent Reset 0.042ms
[225.494s][info][gc,cpu       ] GC(28) User=0.00s Sys=0.00s Real=0.00s
[225.494s][info][gc,heap      ] GC(28) Old: 31129K->30761K(43712K)
[227.495s][info][gc,start     ] GC(29) Pause Initial Mark
[227.511s][info][gc           ] GC(29) Pause Initial Mark 47M->47M(61M) 16.020ms
[227.511s][info][gc,cpu       ] GC(29) User=0.03s Sys=0.00s Real=0.02s
[227.511s][info][gc           ] GC(29) Concurrent Mark
[227.545s][info][gc           ] GC(29) Concurrent Mark 34.342ms
[227.545s][info][gc,cpu       ] GC(29) User=0.03s Sys=0.00s Real=0.03s
[227.545s][info][gc           ] GC(29) Concurrent Preclean
[227.546s][info][gc           ] GC(29) Concurrent Preclean 0.125ms
[227.546s][info][gc,cpu       ] GC(29) User=0.00s Sys=0.00s Real=0.00s
[227.546s][info][gc           ] GC(29) Concurrent Abortable Preclean
[227.546s][info][gc           ] GC(29) Concurrent Abortable Preclean 0.017ms
[227.546s][info][gc,cpu       ] GC(29) User=0.00s Sys=0.00s Real=0.00s
[227.546s][info][gc,start     ] GC(29) Pause Remark
[227.556s][info][gc           ] GC(29) Pause Remark 47M->47M(61M) 10.175ms
[227.556s][info][gc,cpu       ] GC(29) User=0.02s Sys=0.00s Real=0.01s
[227.556s][info][gc           ] GC(29) Concurrent Sweep
[227.567s][info][gc           ] GC(29) Concurrent Sweep 10.774ms
[227.567s][info][gc,cpu       ] GC(29) User=0.00s Sys=0.00s Real=0.01s
[227.567s][info][gc           ] GC(29) Concurrent Reset
[227.567s][info][gc           ] GC(29) Concurrent Reset 0.042ms
[227.567s][info][gc,cpu       ] GC(29) User=0.00s Sys=0.00s Real=0.00s
[227.567s][info][gc,heap      ] GC(29) Old: 30761K->30405K(43712K)
[229.567s][info][gc,start     ] GC(30) Pause Initial Mark
[229.584s][info][gc           ] GC(30) Pause Initial Mark 48M->48M(61M) 17.601ms
[229.585s][info][gc,cpu       ] GC(30) User=0.05s Sys=0.00s Real=0.02s
[229.585s][info][gc           ] GC(30) Concurrent Mark
[229.616s][info][gc           ] GC(30) Concurrent Mark 31.245ms
[229.616s][info][gc,cpu       ] GC(30) User=0.03s Sys=0.00s Real=0.03s
[229.616s][info][gc           ] GC(30) Concurrent Preclean
[229.616s][info][gc           ] GC(30) Concurrent Preclean 0.114ms
[229.616s][info][gc,cpu       ] GC(30) User=0.00s Sys=0.00s Real=0.00s
[229.616s][info][gc           ] GC(30) Concurrent Abortable Preclean
[230.899s][info][gc,start     ] GC(31) Pause Young (Allocation Failure)
[230.899s][info][gc,task      ] GC(31) Using 4 workers of 4 for evacuation
[230.932s][info][gc           ] GC(30) Concurrent Abortable Preclean 1315.404ms
[230.932s][info][gc,cpu       ] GC(30) User=0.44s Sys=0.02s Real=1.32s
[230.933s][info][gc,heap      ] GC(31) ParNew: 19648K->2176K(19648K)
[230.933s][info][gc,heap      ] GC(31) CMS: 30405K->42336K(43712K)
[230.933s][info][gc,metaspace ] GC(31) Metaspace: 8298K->8298K(1056768K)
[230.933s][info][gc           ] GC(31) Pause Young (Allocation Failure) 48M->43M(61M) 34.213ms
[230.933s][info][gc,cpu       ] GC(31) User=0.09s Sys=0.00s Real=0.03s
[230.935s][info][gc,start     ] GC(30) Pause Remark
[230.949s][info][gc           ] GC(30) Pause Remark 43M->43M(61M) 14.280ms
[230.949s][info][gc,cpu       ] GC(30) User=0.06s Sys=0.00s Real=0.01s
[230.949s][info][gc           ] GC(30) Concurrent Sweep
[230.966s][info][gc           ] GC(30) Concurrent Sweep 16.720ms
[230.966s][info][gc,cpu       ] GC(30) User=0.03s Sys=0.00s Real=0.02s
[230.966s][info][gc           ] GC(30) Concurrent Reset
[230.966s][info][gc           ] GC(30) Concurrent Reset 0.042ms
[230.966s][info][gc,cpu       ] GC(30) User=0.00s Sys=0.00s Real=0.00s
[230.966s][info][gc,heap      ] GC(30) Old: 30405K->41968K(43712K)
[232.966s][info][gc,start     ] GC(32) Pause Initial Mark
[232.969s][info][gc           ] GC(32) Pause Initial Mark 44M->44M(61M) 2.704ms
[232.969s][info][gc,cpu       ] GC(32) User=0.03s Sys=0.00s Real=0.00s
[232.969s][info][gc           ] GC(32) Concurrent Mark
[233.028s][info][gc           ] GC(32) Concurrent Mark 59.355ms
[233.028s][info][gc,cpu       ] GC(32) User=0.05s Sys=0.00s Real=0.06s
[233.028s][info][gc           ] GC(32) Concurrent Preclean
[233.028s][info][gc           ] GC(32) Concurrent Preclean 0.119ms
[233.028s][info][gc,cpu       ] GC(32) User=0.00s Sys=0.00s Real=0.00s
[233.029s][info][gc,start     ] GC(32) Pause Remark
[233.036s][info][gc           ] GC(32) Pause Remark 44M->44M(61M) 7.056ms
[233.036s][info][gc,cpu       ] GC(32) User=0.02s Sys=0.00s Real=0.01s
[233.036s][info][gc           ] GC(32) Concurrent Sweep
[233.052s][info][gc           ] GC(32) Concurrent Sweep 16.164ms
[233.052s][info][gc,cpu       ] GC(32) User=0.02s Sys=0.00s Real=0.02s
[233.052s][info][gc           ] GC(32) Concurrent Reset
[233.052s][info][gc           ] GC(32) Concurrent Reset 0.044ms
[233.052s][info][gc,cpu       ] GC(32) User=0.00s Sys=0.00s Real=0.00s
[233.052s][info][gc,heap      ] GC(32) Old: 41968K->41391K(43712K)
[235.052s][info][gc,start     ] GC(33) Pause Initial Mark
[235.056s][info][gc           ] GC(33) Pause Initial Mark 44M->44M(61M) 3.469ms
[235.056s][info][gc,cpu       ] GC(33) User=0.00s Sys=0.00s Real=0.00s
[235.056s][info][gc           ] GC(33) Concurrent Mark
[235.110s][info][gc           ] GC(33) Concurrent Mark 54.181ms
[235.110s][info][gc,cpu       ] GC(33) User=0.06s Sys=0.00s Real=0.05s
[235.110s][info][gc           ] GC(33) Concurrent Preclean
[235.110s][info][gc           ] GC(33) Concurrent Preclean 0.167ms
[235.110s][info][gc,cpu       ] GC(33) User=0.00s Sys=0.00s Real=0.00s
[235.110s][info][gc           ] GC(33) Concurrent Abortable Preclean
[235.110s][info][gc           ] GC(33) Concurrent Abortable Preclean 0.017ms
[235.110s][info][gc,cpu       ] GC(33) User=0.00s Sys=0.00s Real=0.00s
[235.110s][info][gc,start     ] GC(33) Pause Remark
[235.115s][info][gc           ] GC(33) Pause Remark 44M->44M(61M) 4.782ms
[235.115s][info][gc,cpu       ] GC(33) User=0.00s Sys=0.00s Real=0.01s
[235.115s][info][gc           ] GC(33) Concurrent Sweep
[235.131s][info][gc           ] GC(33) Concurrent Sweep 15.973ms
[235.131s][info][gc,cpu       ] GC(33) User=0.02s Sys=0.00s Real=0.02s
[235.131s][info][gc           ] GC(33) Concurrent Reset
[235.131s][info][gc           ] GC(33) Concurrent Reset 0.042ms
[235.131s][info][gc,cpu       ] GC(33) User=0.00s Sys=0.00s Real=0.00s
[235.131s][info][gc,heap      ] GC(33) Old: 41391K->41024K(43712K)
[237.131s][info][gc,start     ] GC(34) Pause Initial Mark
[237.136s][info][gc           ] GC(34) Pause Initial Mark 45M->45M(61M) 5.025ms
[237.136s][info][gc,cpu       ] GC(34) User=0.03s Sys=0.00s Real=0.00s
[237.136s][info][gc           ] GC(34) Concurrent Mark
[237.211s][info][gc           ] GC(34) Concurrent Mark 74.929ms
[237.211s][info][gc,cpu       ] GC(34) User=0.08s Sys=0.00s Real=0.08s
[237.211s][info][gc           ] GC(34) Concurrent Preclean
[237.212s][info][gc           ] GC(34) Concurrent Preclean 0.122ms
[237.212s][info][gc,cpu       ] GC(34) User=0.00s Sys=0.00s Real=0.00s
[237.212s][info][gc           ] GC(34) Concurrent Abortable Preclean
[237.212s][info][gc           ] GC(34) Concurrent Abortable Preclean 0.017ms
[237.212s][info][gc,cpu       ] GC(34) User=0.00s Sys=0.00s Real=0.00s
[237.212s][info][gc,start     ] GC(34) Pause Remark
[237.219s][info][gc           ] GC(34) Pause Remark 45M->45M(61M) 7.496ms
[237.219s][info][gc,cpu       ] GC(34) User=0.00s Sys=0.00s Real=0.01s
[237.219s][info][gc           ] GC(34) Concurrent Sweep
[237.235s][info][gc           ] GC(34) Concurrent Sweep 15.555ms
[237.235s][info][gc,cpu       ] GC(34) User=0.02s Sys=0.00s Real=0.02s
[237.235s][info][gc           ] GC(34) Concurrent Reset
[237.235s][info][gc           ] GC(34) Concurrent Reset 0.042ms
[237.235s][info][gc,cpu       ] GC(34) User=0.00s Sys=0.00s Real=0.00s
[237.235s][info][gc,heap      ] GC(34) Old: 41024K->40656K(43712K)
[239.234s][info][gc,start     ] GC(35) Pause Initial Mark
[239.241s][info][gc           ] GC(35) Pause Initial Mark 46M->46M(61M) 6.307ms
[239.241s][info][gc,cpu       ] GC(35) User=0.03s Sys=0.00s Real=0.01s
[239.241s][info][gc           ] GC(35) Concurrent Mark
[239.311s][info][gc           ] GC(35) Concurrent Mark 70.675ms
[239.312s][info][gc,cpu       ] GC(35) User=0.06s Sys=0.00s Real=0.07s
[239.312s][info][gc           ] GC(35) Concurrent Preclean
[239.312s][info][gc           ] GC(35) Concurrent Preclean 0.130ms
[239.312s][info][gc,cpu       ] GC(35) User=0.00s Sys=0.00s Real=0.00s
[239.312s][info][gc           ] GC(35) Concurrent Abortable Preclean
[239.312s][info][gc           ] GC(35) Concurrent Abortable Preclean 0.017ms
[239.312s][info][gc,cpu       ] GC(35) User=0.00s Sys=0.00s Real=0.00s
[239.312s][info][gc,start     ] GC(35) Pause Remark
[239.317s][info][gc           ] GC(35) Pause Remark 46M->46M(61M) 5.258ms
[239.317s][info][gc,cpu       ] GC(35) User=0.00s Sys=0.02s Real=0.01s
[239.317s][info][gc           ] GC(35) Concurrent Sweep
[239.332s][info][gc           ] GC(35) Concurrent Sweep 15.161ms
[239.332s][info][gc,cpu       ] GC(35) User=0.02s Sys=0.00s Real=0.02s
[239.332s][info][gc           ] GC(35) Concurrent Reset
[239.332s][info][gc           ] GC(35) Concurrent Reset 0.043ms
[239.333s][info][gc,cpu       ] GC(35) User=0.00s Sys=0.00s Real=0.00s
[239.333s][info][gc,heap      ] GC(35) Old: 40656K->40289K(43712K)
[241.332s][info][gc,start     ] GC(36) Pause Initial Mark
[241.340s][info][gc           ] GC(36) Pause Initial Mark 47M->47M(61M) 7.298ms
[241.340s][info][gc,cpu       ] GC(36) User=0.00s Sys=0.00s Real=0.01s
[241.340s][info][gc           ] GC(36) Concurrent Mark
[241.404s][info][gc           ] GC(36) Concurrent Mark 64.201ms
[241.404s][info][gc,cpu       ] GC(36) User=0.06s Sys=0.00s Real=0.06s
[241.404s][info][gc           ] GC(36) Concurrent Preclean
[241.404s][info][gc           ] GC(36) Concurrent Preclean 0.126ms
[241.404s][info][gc,cpu       ] GC(36) User=0.00s Sys=0.00s Real=0.00s
[241.404s][info][gc           ] GC(36) Concurrent Abortable Preclean
[241.404s][info][gc           ] GC(36) Concurrent Abortable Preclean 0.018ms
[241.404s][info][gc,cpu       ] GC(36) User=0.00s Sys=0.00s Real=0.00s
[241.404s][info][gc,start     ] GC(36) Pause Remark
[241.411s][info][gc           ] GC(36) Pause Remark 47M->47M(61M) 6.633ms
[241.411s][info][gc,cpu       ] GC(36) User=0.02s Sys=0.00s Real=0.01s
[241.411s][info][gc           ] GC(36) Concurrent Sweep
[241.426s][info][gc           ] GC(36) Concurrent Sweep 14.732ms
[241.426s][info][gc,cpu       ] GC(36) User=0.02s Sys=0.00s Real=0.01s
[241.426s][info][gc           ] GC(36) Concurrent Reset
[241.426s][info][gc           ] GC(36) Concurrent Reset 0.042ms
[241.426s][info][gc,cpu       ] GC(36) User=0.00s Sys=0.00s Real=0.00s
[241.426s][info][gc,heap      ] GC(36) Old: 40289K->39921K(43712K)
[243.425s][info][gc,start     ] GC(37) Pause Initial Mark
[243.434s][info][gc           ] GC(37) Pause Initial Mark 47M->47M(61M) 8.560ms
[243.434s][info][gc,cpu       ] GC(37) User=0.00s Sys=0.00s Real=0.01s
[243.434s][info][gc           ] GC(37) Concurrent Mark
[243.491s][info][gc           ] GC(37) Concurrent Mark 57.063ms
[243.491s][info][gc,cpu       ] GC(37) User=0.06s Sys=0.00s Real=0.06s
[243.491s][info][gc           ] GC(37) Concurrent Preclean
[243.491s][info][gc           ] GC(37) Concurrent Preclean 0.125ms
[243.492s][info][gc,cpu       ] GC(37) User=0.00s Sys=0.00s Real=0.00s
[243.492s][info][gc           ] GC(37) Concurrent Abortable Preclean
[243.492s][info][gc           ] GC(37) Concurrent Abortable Preclean 0.018ms
[243.492s][info][gc,cpu       ] GC(37) User=0.00s Sys=0.00s Real=0.00s
[243.492s][info][gc,start     ] GC(37) Pause Remark
[243.498s][info][gc           ] GC(37) Pause Remark 47M->47M(61M) 6.712ms
[243.498s][info][gc,cpu       ] GC(37) User=0.02s Sys=0.00s Real=0.01s
[243.499s][info][gc           ] GC(37) Concurrent Sweep
[243.513s][info][gc           ] GC(37) Concurrent Sweep 14.094ms
[243.513s][info][gc,cpu       ] GC(37) User=0.00s Sys=0.00s Real=0.01s
[243.513s][info][gc           ] GC(37) Concurrent Reset
[243.513s][info][gc           ] GC(37) Concurrent Reset 0.042ms
[243.513s][info][gc,cpu       ] GC(37) User=0.00s Sys=0.00s Real=0.00s
[243.513s][info][gc,heap      ] GC(37) Old: 39921K->39543K(43712K)
[245.513s][info][gc,start     ] GC(38) Pause Initial Mark
[245.519s][info][gc           ] GC(38) Pause Initial Mark 48M->48M(61M) 6.251ms
[245.519s][info][gc,cpu       ] GC(38) User=0.00s Sys=0.00s Real=0.01s
[245.519s][info][gc           ] GC(38) Concurrent Mark
[245.573s][info][gc           ] GC(38) Concurrent Mark 53.850ms
[245.573s][info][gc,cpu       ] GC(38) User=0.06s Sys=0.00s Real=0.05s
[245.573s][info][gc           ] GC(38) Concurrent Preclean
[245.573s][info][gc           ] GC(38) Concurrent Preclean 0.121ms
[245.573s][info][gc,cpu       ] GC(38) User=0.00s Sys=0.00s Real=0.00s
[245.573s][info][gc           ] GC(38) Concurrent Abortable Preclean
[245.573s][info][gc           ] GC(38) Concurrent Abortable Preclean 0.017ms
[245.573s][info][gc,cpu       ] GC(38) User=0.00s Sys=0.00s Real=0.00s
[245.573s][info][gc,start     ] GC(38) Pause Remark
[245.580s][info][gc           ] GC(38) Pause Remark 48M->48M(61M) 6.365ms
[245.580s][info][gc,cpu       ] GC(38) User=0.00s Sys=0.00s Real=0.01s
[245.580s][info][gc           ] GC(38) Concurrent Sweep
[245.594s][info][gc           ] GC(38) Concurrent Sweep 14.241ms
[245.594s][info][gc,cpu       ] GC(38) User=0.02s Sys=0.00s Real=0.01s
[245.594s][info][gc           ] GC(38) Concurrent Reset
[245.594s][info][gc           ] GC(38) Concurrent Reset 0.042ms
[245.594s][info][gc,cpu       ] GC(38) User=0.00s Sys=0.00s Real=0.00s
[245.594s][info][gc,heap      ] GC(38) Old: 39543K->39175K(43712K)
[247.594s][info][gc,start     ] GC(39) Pause Initial Mark
[247.601s][info][gc           ] GC(39) Pause Initial Mark 49M->49M(61M) 7.116ms
[247.601s][info][gc,cpu       ] GC(39) User=0.03s Sys=0.00s Real=0.01s
[247.601s][info][gc           ] GC(39) Concurrent Mark
[247.646s][info][gc           ] GC(39) Concurrent Mark 44.732ms
[247.646s][info][gc,cpu       ] GC(39) User=0.03s Sys=0.00s Real=0.05s
[247.646s][info][gc           ] GC(39) Concurrent Preclean
[247.646s][info][gc           ] GC(39) Concurrent Preclean 0.138ms
[247.646s][info][gc,cpu       ] GC(39) User=0.00s Sys=0.00s Real=0.00s
[247.646s][info][gc           ] GC(39) Concurrent Abortable Preclean
[247.646s][info][gc           ] GC(39) Concurrent Abortable Preclean 0.017ms
[247.646s][info][gc,cpu       ] GC(39) User=0.00s Sys=0.00s Real=0.00s
[247.646s][info][gc,start     ] GC(39) Pause Remark
[247.653s][info][gc           ] GC(39) Pause Remark 49M->49M(61M) 6.922ms
[247.653s][info][gc,cpu       ] GC(39) User=0.03s Sys=0.00s Real=0.01s
[247.653s][info][gc           ] GC(39) Concurrent Sweep
[247.667s][info][gc           ] GC(39) Concurrent Sweep 14.097ms
[247.667s][info][gc,cpu       ] GC(39) User=0.02s Sys=0.00s Real=0.01s
[247.667s][info][gc           ] GC(39) Concurrent Reset
[247.667s][info][gc           ] GC(39) Concurrent Reset 0.042ms
[247.667s][info][gc,cpu       ] GC(39) User=0.00s Sys=0.00s Real=0.00s
[247.667s][info][gc,heap      ] GC(39) Old: 39175K->38808K(43712K)
[249.667s][info][gc,start     ] GC(40) Pause Initial Mark
[249.679s][info][gc           ] GC(40) Pause Initial Mark 50M->50M(61M) 11.947ms
[249.679s][info][gc,cpu       ] GC(40) User=0.03s Sys=0.00s Real=0.01s
[249.679s][info][gc           ] GC(40) Concurrent Mark
[249.732s][info][gc           ] GC(40) Concurrent Mark 53.213ms
[249.732s][info][gc,cpu       ] GC(40) User=0.05s Sys=0.00s Real=0.05s
[249.732s][info][gc           ] GC(40) Concurrent Preclean
[249.732s][info][gc           ] GC(40) Concurrent Preclean 0.121ms
[249.732s][info][gc,cpu       ] GC(40) User=0.00s Sys=0.00s Real=0.00s
[249.732s][info][gc           ] GC(40) Concurrent Abortable Preclean
[249.733s][info][gc           ] GC(40) Concurrent Abortable Preclean 0.016ms
[249.733s][info][gc,cpu       ] GC(40) User=0.00s Sys=0.00s Real=0.00s
[249.733s][info][gc,start     ] GC(40) Pause Remark
[249.740s][info][gc           ] GC(40) Pause Remark 50M->50M(61M) 7.578ms
[249.740s][info][gc,cpu       ] GC(40) User=0.02s Sys=0.00s Real=0.01s
[249.740s][info][gc           ] GC(40) Concurrent Sweep
[249.754s][info][gc           ] GC(40) Concurrent Sweep 13.766ms
[249.754s][info][gc,cpu       ] GC(40) User=0.02s Sys=0.00s Real=0.01s
[249.754s][info][gc           ] GC(40) Concurrent Reset
[249.754s][info][gc           ] GC(40) Concurrent Reset 0.042ms
[249.754s][info][gc,cpu       ] GC(40) User=0.00s Sys=0.00s Real=0.00s
[249.754s][info][gc,heap      ] GC(40) Old: 38808K->38451K(43712K)
[251.754s][info][gc,start     ] GC(41) Pause Initial Mark
[251.758s][info][gc           ] GC(41) Pause Initial Mark 50M->50M(61M) 4.657ms
[251.759s][info][gc,cpu       ] GC(41) User=0.00s Sys=0.00s Real=0.00s
[251.759s][info][gc           ] GC(41) Concurrent Mark
[251.798s][info][gc           ] GC(41) Concurrent Mark 39.263ms
[251.798s][info][gc,cpu       ] GC(41) User=0.05s Sys=0.00s Real=0.04s
[251.798s][info][gc           ] GC(41) Concurrent Preclean
[251.798s][info][gc           ] GC(41) Concurrent Preclean 0.143ms
[251.798s][info][gc,cpu       ] GC(41) User=0.00s Sys=0.00s Real=0.00s
[251.798s][info][gc           ] GC(41) Concurrent Abortable Preclean
[251.798s][info][gc           ] GC(41) Concurrent Abortable Preclean 0.026ms
[251.798s][info][gc,cpu       ] GC(41) User=0.00s Sys=0.00s Real=0.00s
[251.798s][info][gc,start     ] GC(41) Pause Remark
[251.807s][info][gc           ] GC(41) Pause Remark 50M->50M(61M) 8.452ms
[251.807s][info][gc,cpu       ] GC(41) User=0.00s Sys=0.00s Real=0.01s
[251.807s][info][gc           ] GC(41) Concurrent Sweep
[251.825s][info][gc           ] GC(41) Concurrent Sweep 18.192ms
[251.825s][info][gc,cpu       ] GC(41) User=0.02s Sys=0.00s Real=0.02s
[251.825s][info][gc           ] GC(41) Concurrent Reset
[251.825s][info][gc           ] GC(41) Concurrent Reset 0.059ms
[251.825s][info][gc,cpu       ] GC(41) User=0.00s Sys=0.00s Real=0.00s
[251.825s][info][gc,heap      ] GC(41) Old: 38451K->38084K(43712K)
[253.828s][info][gc,start     ] GC(42) Pause Initial Mark
[253.842s][info][gc           ] GC(42) Pause Initial Mark 51M->51M(61M) 14.367ms
[253.843s][info][gc,cpu       ] GC(42) User=0.03s Sys=0.00s Real=0.01s
[253.843s][info][gc           ] GC(42) Concurrent Mark
[253.886s][info][gc           ] GC(42) Concurrent Mark 43.449ms
[253.886s][info][gc,cpu       ] GC(42) User=0.03s Sys=0.00s Real=0.04s
[253.886s][info][gc           ] GC(42) Concurrent Preclean
[253.886s][info][gc           ] GC(42) Concurrent Preclean 0.112ms
[253.886s][info][gc,cpu       ] GC(42) User=0.00s Sys=0.00s Real=0.00s
[253.886s][info][gc           ] GC(42) Concurrent Abortable Preclean
[253.886s][info][gc           ] GC(42) Concurrent Abortable Preclean 0.018ms
[253.886s][info][gc,cpu       ] GC(42) User=0.00s Sys=0.00s Real=0.00s
[253.886s][info][gc,start     ] GC(42) Pause Remark
[253.894s][info][gc           ] GC(42) Pause Remark 51M->51M(61M) 7.683ms
[253.894s][info][gc,cpu       ] GC(42) User=0.05s Sys=0.00s Real=0.01s
[253.894s][info][gc           ] GC(42) Concurrent Sweep
[253.908s][info][gc           ] GC(42) Concurrent Sweep 13.346ms
[253.908s][info][gc,cpu       ] GC(42) User=0.02s Sys=0.00s Real=0.01s
[253.908s][info][gc           ] GC(42) Concurrent Reset
[253.908s][info][gc           ] GC(42) Concurrent Reset 0.042ms
[253.908s][info][gc,cpu       ] GC(42) User=0.00s Sys=0.00s Real=0.00s
[253.908s][info][gc,heap      ] GC(42) Old: 38084K->37716K(43712K)
[255.907s][info][gc,start     ] GC(43) Pause Initial Mark
[255.922s][info][gc           ] GC(43) Pause Initial Mark 52M->52M(61M) 15.248ms
[255.922s][info][gc,cpu       ] GC(43) User=0.03s Sys=0.00s Real=0.01s
[255.923s][info][gc           ] GC(43) Concurrent Mark
[255.970s][info][gc           ] GC(43) Concurrent Mark 47.798ms
[255.970s][info][gc,cpu       ] GC(43) User=0.05s Sys=0.00s Real=0.05s
[255.970s][info][gc           ] GC(43) Concurrent Preclean
[255.971s][info][gc           ] GC(43) Concurrent Preclean 0.135ms
[255.971s][info][gc,cpu       ] GC(43) User=0.00s Sys=0.00s Real=0.00s
[255.971s][info][gc           ] GC(43) Concurrent Abortable Preclean
[255.971s][info][gc           ] GC(43) Concurrent Abortable Preclean 0.017ms
[255.971s][info][gc,cpu       ] GC(43) User=0.00s Sys=0.00s Real=0.00s
[255.971s][info][gc,start     ] GC(43) Pause Remark
[255.979s][info][gc           ] GC(43) Pause Remark 52M->52M(61M) 8.686ms
[255.979s][info][gc,cpu       ] GC(43) User=0.02s Sys=0.00s Real=0.01s
[255.980s][info][gc           ] GC(43) Concurrent Sweep
[255.993s][info][gc           ] GC(43) Concurrent Sweep 13.462ms
[255.993s][info][gc,cpu       ] GC(43) User=0.02s Sys=0.00s Real=0.01s
[255.993s][info][gc           ] GC(43) Concurrent Reset
[255.993s][info][gc           ] GC(43) Concurrent Reset 0.042ms
[255.993s][info][gc,cpu       ] GC(43) User=0.00s Sys=0.00s Real=0.00s
[255.993s][info][gc,heap      ] GC(43) Old: 37716K->37349K(43712K)
[257.993s][info][gc,start     ] GC(44) Pause Initial Mark
[258.001s][info][gc           ] GC(44) Pause Initial Mark 53M->53M(61M) 7.660ms
[258.001s][info][gc,cpu       ] GC(44) User=0.00s Sys=0.00s Real=0.01s
[258.001s][info][gc           ] GC(44) Concurrent Mark
[258.040s][info][gc           ] GC(44) Concurrent Mark 38.924ms
[258.040s][info][gc,cpu       ] GC(44) User=0.05s Sys=0.00s Real=0.04s
[258.040s][info][gc           ] GC(44) Concurrent Preclean
[258.040s][info][gc           ] GC(44) Concurrent Preclean 0.143ms
[258.040s][info][gc,cpu       ] GC(44) User=0.00s Sys=0.00s Real=0.00s
[258.040s][info][gc           ] GC(44) Concurrent Abortable Preclean
[258.040s][info][gc           ] GC(44) Concurrent Abortable Preclean 0.017ms
[258.040s][info][gc,cpu       ] GC(44) User=0.00s Sys=0.00s Real=0.00s
[258.040s][info][gc,start     ] GC(44) Pause Remark
[258.049s][info][gc           ] GC(44) Pause Remark 53M->53M(61M) 8.649ms
[258.049s][info][gc,cpu       ] GC(44) User=0.00s Sys=0.00s Real=0.01s
[258.049s][info][gc           ] GC(44) Concurrent Sweep
[258.062s][info][gc           ] GC(44) Concurrent Sweep 13.385ms
[258.062s][info][gc,cpu       ] GC(44) User=0.02s Sys=0.00s Real=0.01s
[258.062s][info][gc           ] GC(44) Concurrent Reset
[258.062s][info][gc           ] GC(44) Concurrent Reset 0.042ms
[258.063s][info][gc,cpu       ] GC(44) User=0.00s Sys=0.00s Real=0.00s
[258.063s][info][gc,heap      ] GC(44) Old: 37349K->36993K(43712K)
[260.062s][info][gc,start     ] GC(45) Pause Initial Mark
[260.080s][info][gc           ] GC(45) Pause Initial Mark 53M->53M(61M) 17.355ms
[260.080s][info][gc,cpu       ] GC(45) User=0.03s Sys=0.00s Real=0.02s
[260.080s][info][gc           ] GC(45) Concurrent Mark
[260.128s][info][gc           ] GC(45) Concurrent Mark 47.800ms
[260.128s][info][gc,cpu       ] GC(45) User=0.06s Sys=0.00s Real=0.05s
[260.128s][info][gc           ] GC(45) Concurrent Preclean
[260.128s][info][gc           ] GC(45) Concurrent Preclean 0.134ms
[260.128s][info][gc,cpu       ] GC(45) User=0.00s Sys=0.00s Real=0.00s
[260.128s][info][gc           ] GC(45) Concurrent Abortable Preclean
[260.128s][info][gc           ] GC(45) Concurrent Abortable Preclean 0.017ms
[260.128s][info][gc,cpu       ] GC(45) User=0.00s Sys=0.00s Real=0.00s
[260.128s][info][gc,start     ] GC(45) Pause Remark
[260.138s][info][gc           ] GC(45) Pause Remark 53M->53M(61M) 9.603ms
[260.138s][info][gc,cpu       ] GC(45) User=0.00s Sys=0.00s Real=0.01s
[260.138s][info][gc           ] GC(45) Concurrent Sweep
[260.151s][info][gc           ] GC(45) Concurrent Sweep 13.189ms
[260.151s][info][gc,cpu       ] GC(45) User=0.02s Sys=0.00s Real=0.01s
[260.151s][info][gc           ] GC(45) Concurrent Reset
[260.151s][info][gc           ] GC(45) Concurrent Reset 0.045ms
[260.151s][info][gc,cpu       ] GC(45) User=0.00s Sys=0.00s Real=0.00s
[260.151s][info][gc,heap      ] GC(45) Old: 36993K->36625K(43712K)
[262.150s][info][gc,start     ] GC(46) Pause Initial Mark
[262.157s][info][gc           ] GC(46) Pause Initial Mark 54M->54M(61M) 6.380ms
[262.157s][info][gc,cpu       ] GC(46) User=0.05s Sys=0.00s Real=0.01s
[262.157s][info][gc           ] GC(46) Concurrent Mark
[262.193s][info][gc           ] GC(46) Concurrent Mark 36.238ms
[262.193s][info][gc,cpu       ] GC(46) User=0.03s Sys=0.00s Real=0.04s
[262.193s][info][gc           ] GC(46) Concurrent Preclean
[262.193s][info][gc           ] GC(46) Concurrent Preclean 0.175ms
[262.193s][info][gc,cpu       ] GC(46) User=0.00s Sys=0.00s Real=0.00s
[262.193s][info][gc           ] GC(46) Concurrent Abortable Preclean
[262.193s][info][gc           ] GC(46) Concurrent Abortable Preclean 0.029ms
[262.194s][info][gc,cpu       ] GC(46) User=0.00s Sys=0.00s Real=0.00s
[262.194s][info][gc,start     ] GC(46) Pause Remark
[262.204s][info][gc           ] GC(46) Pause Remark 54M->54M(61M) 10.146ms
[262.204s][info][gc,cpu       ] GC(46) User=0.02s Sys=0.00s Real=0.01s
[262.204s][info][gc           ] GC(46) Concurrent Sweep
[262.217s][info][gc           ] GC(46) Concurrent Sweep 12.802ms
[262.217s][info][gc,cpu       ] GC(46) User=0.00s Sys=0.00s Real=0.01s
[262.217s][info][gc           ] GC(46) Concurrent Reset
[262.217s][info][gc           ] GC(46) Concurrent Reset 0.042ms
[262.217s][info][gc,cpu       ] GC(46) User=0.00s Sys=0.00s Real=0.00s
[262.217s][info][gc,heap      ] GC(46) Old: 36625K->36258K(43712K)
[262.994s][info][gc,start     ] GC(47) Pause Young (Allocation Failure)
[262.994s][info][gc,task      ] GC(47) Using 4 workers of 4 for evacuation
[262.994s][info][gc,start     ] GC(48) Pause Full (Allocation Failure)
[262.994s][info][gc,phases,start] GC(48) Phase 1: Mark live objects
[263.056s][info][gc,phases      ] GC(48) Phase 1: Mark live objects 61.827ms
[263.056s][info][gc,phases,start] GC(48) Phase 2: Compute new object addresses
[263.087s][info][gc,phases      ] GC(48) Phase 2: Compute new object addresses 30.416ms
[263.087s][info][gc,phases,start] GC(48) Phase 3: Adjust pointers
[263.115s][info][gc,phases      ] GC(48) Phase 3: Adjust pointers 28.482ms
[263.115s][info][gc,phases,start] GC(48) Phase 4: Move objects
[263.131s][info][gc,phases      ] GC(48) Phase 4: Move objects 16.026ms
[263.131s][info][gc             ] GC(48) Pause Full (Allocation Failure) 54M->40M(61M) 137.785ms
[263.132s][info][gc,heap        ] GC(47) ParNew: 19648K->0K(19648K)
[263.132s][info][gc,heap        ] GC(47) CMS: 36258K->41581K(43712K)
[263.132s][info][gc,metaspace   ] GC(47) Metaspace: 8310K->8307K(1056768K)
[263.132s][info][gc             ] GC(47) Pause Young (Allocation Failure) 54M->40M(61M) 138.066ms
[263.132s][info][gc,cpu         ] GC(47) User=0.12s Sys=0.02s Real=0.14s
[263.132s][info][gc,start       ] GC(49) Pause Initial Mark
[263.132s][info][gc             ] GC(49) Pause Initial Mark 40M->40M(61M) 0.130ms
[263.132s][info][gc,cpu         ] GC(49) User=0.00s Sys=0.00s Real=0.00s
[263.132s][info][gc             ] GC(49) Concurrent Mark
[263.178s][info][gc             ] GC(49) Concurrent Mark 46.232ms
[263.178s][info][gc,cpu         ] GC(49) User=0.05s Sys=0.00s Real=0.05s
[263.178s][info][gc             ] GC(49) Concurrent Preclean
[263.178s][info][gc             ] GC(49) Concurrent Preclean 0.117ms
[263.178s][info][gc,cpu         ] GC(49) User=0.00s Sys=0.00s Real=0.00s
[263.178s][info][gc,start       ] GC(49) Pause Remark
[263.182s][info][gc             ] GC(49) Pause Remark 40M->40M(61M) 3.185ms
[263.182s][info][gc,cpu         ] GC(49) User=0.00s Sys=0.00s Real=0.00s
[263.182s][info][gc             ] GC(49) Concurrent Sweep
[263.199s][info][gc             ] GC(49) Concurrent Sweep 17.170ms
[263.199s][info][gc,cpu         ] GC(49) User=0.02s Sys=0.00s Real=0.02s
[263.199s][info][gc             ] GC(49) Concurrent Reset
[263.199s][info][gc             ] GC(49) Concurrent Reset 0.058ms
[263.199s][info][gc,cpu         ] GC(49) User=0.00s Sys=0.00s Real=0.00s
[263.199s][info][gc,heap        ] GC(49) Old: 41581K->41570K(43712K)
[265.198s][info][gc,start       ] GC(50) Pause Initial Mark
[265.199s][info][gc             ] GC(50) Pause Initial Mark 41M->41M(61M) 0.595ms
[265.199s][info][gc,cpu         ] GC(50) User=0.00s Sys=0.00s Real=0.00s
[265.199s][info][gc             ] GC(50) Concurrent Mark
[265.244s][info][gc             ] GC(50) Concurrent Mark 45.007ms
[265.244s][info][gc,cpu         ] GC(50) User=0.03s Sys=0.00s Real=0.05s
[265.244s][info][gc             ] GC(50) Concurrent Preclean
[265.244s][info][gc             ] GC(50) Concurrent Preclean 0.118ms
[265.244s][info][gc,cpu         ] GC(50) User=0.02s Sys=0.00s Real=0.00s
[265.244s][info][gc,start       ] GC(50) Pause Remark
[265.251s][info][gc             ] GC(50) Pause Remark 41M->41M(61M) 6.355ms
[265.251s][info][gc,cpu         ] GC(50) User=0.00s Sys=0.00s Real=0.01s
[265.251s][info][gc             ] GC(50) Concurrent Sweep
[265.269s][info][gc             ] GC(50) Concurrent Sweep 17.998ms
[265.269s][info][gc,cpu         ] GC(50) User=0.02s Sys=0.00s Real=0.02s
[265.269s][info][gc             ] GC(50) Concurrent Reset
[265.269s][info][gc             ] GC(50) Concurrent Reset 0.058ms
[265.269s][info][gc,cpu         ] GC(50) User=0.00s Sys=0.00s Real=0.00s
[265.269s][info][gc,heap        ] GC(50) Old: 41570K->41214K(43712K)
[267.269s][info][gc,start       ] GC(51) Pause Initial Mark
[267.271s][info][gc             ] GC(51) Pause Initial Mark 42M->42M(61M) 2.691ms
[267.271s][info][gc,cpu         ] GC(51) User=0.00s Sys=0.00s Real=0.00s
[267.272s][info][gc             ] GC(51) Concurrent Mark
[267.337s][info][gc             ] GC(51) Concurrent Mark 65.257ms
[267.337s][info][gc,cpu         ] GC(51) User=0.08s Sys=0.00s Real=0.07s
[267.337s][info][gc             ] GC(51) Concurrent Preclean
[267.337s][info][gc             ] GC(51) Concurrent Preclean 0.124ms
[267.337s][info][gc,cpu         ] GC(51) User=0.00s Sys=0.00s Real=0.00s
[267.337s][info][gc             ] GC(51) Concurrent Abortable Preclean
[267.737s][info][gc             ] GC(51) Concurrent Abortable Preclean 400.405ms
[267.738s][info][gc,cpu         ] GC(51) User=0.00s Sys=0.00s Real=0.40s
[267.738s][info][gc,start       ] GC(51) Pause Remark
[267.748s][info][gc             ] GC(51) Pause Remark 42M->42M(61M) 9.881ms
[267.748s][info][gc,cpu         ] GC(51) User=0.03s Sys=0.00s Real=0.01s
[267.748s][info][gc             ] GC(51) Concurrent Sweep
[267.766s][info][gc             ] GC(51) Concurrent Sweep 17.985ms
[267.766s][info][gc,cpu         ] GC(51) User=0.02s Sys=0.00s Real=0.02s
[267.766s][info][gc             ] GC(51) Concurrent Reset
[267.766s][info][gc             ] GC(51) Concurrent Reset 0.042ms
[267.766s][info][gc,cpu         ] GC(51) User=0.00s Sys=0.00s Real=0.00s
[267.766s][info][gc,heap        ] GC(51) Old: 41214K->40846K(43712K)
[269.766s][info][gc,start       ] GC(52) Pause Initial Mark
[269.769s][info][gc             ] GC(52) Pause Initial Mark 43M->43M(61M) 3.598ms
[269.769s][info][gc,cpu         ] GC(52) User=0.03s Sys=0.00s Real=0.00s
[269.769s][info][gc             ] GC(52) Concurrent Mark
[269.832s][info][gc             ] GC(52) Concurrent Mark 62.116ms
[269.832s][info][gc,cpu         ] GC(52) User=0.06s Sys=0.00s Real=0.06s
[269.832s][info][gc             ] GC(52) Concurrent Preclean
[269.832s][info][gc             ] GC(52) Concurrent Preclean 0.121ms
[269.832s][info][gc,cpu         ] GC(52) User=0.00s Sys=0.00s Real=0.00s
[269.832s][info][gc             ] GC(52) Concurrent Abortable Preclean
[269.832s][info][gc             ] GC(52) Concurrent Abortable Preclean 0.017ms
[269.832s][info][gc,cpu         ] GC(52) User=0.00s Sys=0.00s Real=0.00s
[269.832s][info][gc,start       ] GC(52) Pause Remark
[269.836s][info][gc             ] GC(52) Pause Remark 43M->43M(61M) 4.367ms
[269.836s][info][gc,cpu         ] GC(52) User=0.00s Sys=0.00s Real=0.00s
[269.836s][info][gc             ] GC(52) Concurrent Sweep
[269.853s][info][gc             ] GC(52) Concurrent Sweep 16.518ms
[269.853s][info][gc,cpu         ] GC(52) User=0.02s Sys=0.00s Real=0.02s
[269.853s][info][gc             ] GC(52) Concurrent Reset
[269.853s][info][gc             ] GC(52) Concurrent Reset 0.042ms
[269.853s][info][gc,cpu         ] GC(52) User=0.00s Sys=0.00s Real=0.00s
[269.853s][info][gc,heap        ] GC(52) Old: 40846K->40410K(43712K)
[271.853s][info][gc,start       ] GC(53) Pause Initial Mark
[271.857s][info][gc             ] GC(53) Pause Initial Mark 44M->44M(61M) 4.418ms
[271.857s][info][gc,cpu         ] GC(53) User=0.00s Sys=0.00s Real=0.00s
[271.857s][info][gc             ] GC(53) Concurrent Mark
[271.924s][info][gc             ] GC(53) Concurrent Mark 66.988ms
[271.924s][info][gc,cpu         ] GC(53) User=0.08s Sys=0.00s Real=0.07s
[271.924s][info][gc             ] GC(53) Concurrent Preclean
[271.925s][info][gc             ] GC(53) Concurrent Preclean 0.151ms
[271.925s][info][gc,cpu         ] GC(53) User=0.00s Sys=0.00s Real=0.00s
[271.925s][info][gc             ] GC(53) Concurrent Abortable Preclean
[271.925s][info][gc             ] GC(53) Concurrent Abortable Preclean 0.017ms
[271.925s][info][gc,cpu         ] GC(53) User=0.00s Sys=0.00s Real=0.00s
[271.925s][info][gc,start       ] GC(53) Pause Remark
[271.930s][info][gc             ] GC(53) Pause Remark 44M->44M(61M) 4.984ms
[271.930s][info][gc,cpu         ] GC(53) User=0.00s Sys=0.00s Real=0.01s
[271.930s][info][gc             ] GC(53) Concurrent Sweep
[271.946s][info][gc             ] GC(53) Concurrent Sweep 16.204ms
[271.946s][info][gc,cpu         ] GC(53) User=0.02s Sys=0.00s Real=0.02s
[271.946s][info][gc             ] GC(53) Concurrent Reset
[271.946s][info][gc             ] GC(53) Concurrent Reset 0.042ms
[271.946s][info][gc,cpu         ] GC(53) User=0.00s Sys=0.00s Real=0.00s
[271.946s][info][gc,heap        ] GC(53) Old: 40410K->40042K(43712K)
[273.946s][info][gc,start       ] GC(54) Pause Initial Mark
[273.950s][info][gc             ] GC(54) Pause Initial Mark 44M->44M(61M) 4.044ms
[273.950s][info][gc,cpu         ] GC(54) User=0.03s Sys=0.00s Real=0.00s
[273.950s][info][gc             ] GC(54) Concurrent Mark
[274.000s][info][gc             ] GC(54) Concurrent Mark 49.434ms
[274.000s][info][gc,cpu         ] GC(54) User=0.03s Sys=0.00s Real=0.05s
[274.000s][info][gc             ] GC(54) Concurrent Preclean
[274.000s][info][gc             ] GC(54) Concurrent Preclean 0.136ms
[274.000s][info][gc,cpu         ] GC(54) User=0.00s Sys=0.00s Real=0.00s
[274.000s][info][gc             ] GC(54) Concurrent Abortable Preclean
[274.000s][info][gc             ] GC(54) Concurrent Abortable Preclean 0.017ms
[274.000s][info][gc,cpu         ] GC(54) User=0.00s Sys=0.00s Real=0.00s
[274.000s][info][gc,start       ] GC(54) Pause Remark
[274.005s][info][gc             ] GC(54) Pause Remark 44M->44M(61M) 5.398ms
[274.005s][info][gc,cpu         ] GC(54) User=0.00s Sys=0.00s Real=0.00s
[274.005s][info][gc             ] GC(54) Concurrent Sweep
[274.022s][info][gc             ] GC(54) Concurrent Sweep 17.007ms
[274.022s][info][gc,cpu         ] GC(54) User=0.02s Sys=0.00s Real=0.02s
[274.022s][info][gc             ] GC(54) Concurrent Reset
[274.023s][info][gc             ] GC(54) Concurrent Reset 0.055ms
[274.023s][info][gc,cpu         ] GC(54) User=0.00s Sys=0.00s Real=0.00s
[274.023s][info][gc,heap        ] GC(54) Old: 40042K->39675K(43712K)
[276.022s][info][gc,start       ] GC(55) Pause Initial Mark
[276.029s][info][gc             ] GC(55) Pause Initial Mark 45M->45M(61M) 7.413ms
[276.030s][info][gc,cpu         ] GC(55) User=0.03s Sys=0.00s Real=0.01s
[276.030s][info][gc             ] GC(55) Concurrent Mark
[276.088s][info][gc             ] GC(55) Concurrent Mark 58.519ms
[276.088s][info][gc,cpu         ] GC(55) User=0.06s Sys=0.00s Real=0.06s
[276.088s][info][gc             ] GC(55) Concurrent Preclean
[276.088s][info][gc             ] GC(55) Concurrent Preclean 0.122ms
[276.088s][info][gc,cpu         ] GC(55) User=0.00s Sys=0.00s Real=0.00s
[276.088s][info][gc             ] GC(55) Concurrent Abortable Preclean
[276.088s][info][gc             ] GC(55) Concurrent Abortable Preclean 0.017ms
[276.088s][info][gc,cpu         ] GC(55) User=0.00s Sys=0.00s Real=0.00s
[276.088s][info][gc,start       ] GC(55) Pause Remark
[276.094s][info][gc             ] GC(55) Pause Remark 45M->45M(61M) 5.862ms
[276.094s][info][gc,cpu         ] GC(55) User=0.00s Sys=0.00s Real=0.01s
[276.094s][info][gc             ] GC(55) Concurrent Sweep
[276.111s][info][gc             ] GC(55) Concurrent Sweep 16.213ms
[276.111s][info][gc,cpu         ] GC(55) User=0.02s Sys=0.00s Real=0.02s
[276.111s][info][gc             ] GC(55) Concurrent Reset
[276.111s][info][gc             ] GC(55) Concurrent Reset 0.041ms
[276.111s][info][gc,cpu         ] GC(55) User=0.00s Sys=0.00s Real=0.00s
[276.111s][info][gc,heap        ] GC(55) Old: 39675K->39319K(43712K)
[278.111s][info][gc,start       ] GC(56) Pause Initial Mark
[278.119s][info][gc             ] GC(56) Pause Initial Mark 46M->46M(61M) 8.224ms
[278.119s][info][gc,cpu         ] GC(56) User=0.05s Sys=0.00s Real=0.01s
[278.120s][info][gc             ] GC(56) Concurrent Mark
[278.179s][info][gc             ] GC(56) Concurrent Mark 59.734ms
[278.179s][info][gc,cpu         ] GC(56) User=0.06s Sys=0.00s Real=0.06s
[278.179s][info][gc             ] GC(56) Concurrent Preclean
[278.180s][info][gc             ] GC(56) Concurrent Preclean 0.164ms
[278.180s][info][gc,cpu         ] GC(56) User=0.00s Sys=0.00s Real=0.00s
[278.180s][info][gc             ] GC(56) Concurrent Abortable Preclean
[278.180s][info][gc             ] GC(56) Concurrent Abortable Preclean 0.017ms
[278.180s][info][gc,cpu         ] GC(56) User=0.00s Sys=0.00s Real=0.00s
[278.180s][info][gc,start       ] GC(56) Pause Remark
[278.186s][info][gc             ] GC(56) Pause Remark 46M->46M(61M) 6.133ms
[278.186s][info][gc,cpu         ] GC(56) User=0.00s Sys=0.00s Real=0.01s
[278.186s][info][gc             ] GC(56) Concurrent Sweep
[278.202s][info][gc             ] GC(56) Concurrent Sweep 16.099ms
[278.202s][info][gc,cpu         ] GC(56) User=0.02s Sys=0.00s Real=0.02s
[278.202s][info][gc             ] GC(56) Concurrent Reset
[278.202s][info][gc             ] GC(56) Concurrent Reset 0.048ms
[278.202s][info][gc,cpu         ] GC(56) User=0.00s Sys=0.00s Real=0.00s
[278.202s][info][gc,heap        ] GC(56) Old: 39319K->38951K(43712K)
[280.202s][info][gc,start       ] GC(57) Pause Initial Mark
[280.212s][info][gc             ] GC(57) Pause Initial Mark 47M->47M(61M) 10.279ms
[280.213s][info][gc,cpu         ] GC(57) User=0.03s Sys=0.00s Real=0.01s
[280.213s][info][gc             ] GC(57) Concurrent Mark
[280.269s][info][gc             ] GC(57) Concurrent Mark 56.645ms
[280.269s][info][gc,cpu         ] GC(57) User=0.06s Sys=0.00s Real=0.06s
[280.269s][info][gc             ] GC(57) Concurrent Preclean
[280.269s][info][gc             ] GC(57) Concurrent Preclean 0.114ms
[280.270s][info][gc,cpu         ] GC(57) User=0.00s Sys=0.00s Real=0.00s
[280.270s][info][gc             ] GC(57) Concurrent Abortable Preclean
[280.270s][info][gc             ] GC(57) Concurrent Abortable Preclean 0.018ms
[280.270s][info][gc,cpu         ] GC(57) User=0.00s Sys=0.00s Real=0.00s
[280.270s][info][gc,start       ] GC(57) Pause Remark
[280.276s][info][gc             ] GC(57) Pause Remark 47M->47M(61M) 6.687ms
[280.276s][info][gc,cpu         ] GC(57) User=0.00s Sys=0.00s Real=0.01s
[280.276s][info][gc             ] GC(57) Concurrent Sweep
[280.292s][info][gc             ] GC(57) Concurrent Sweep 15.722ms
[280.292s][info][gc,cpu         ] GC(57) User=0.02s Sys=0.00s Real=0.02s
[280.292s][info][gc             ] GC(57) Concurrent Reset
[280.292s][info][gc             ] GC(57) Concurrent Reset 0.041ms
[280.292s][info][gc,cpu         ] GC(57) User=0.00s Sys=0.00s Real=0.00s
[280.292s][info][gc,heap        ] GC(57) Old: 38951K->38578K(43712K)
[282.292s][info][gc,start       ] GC(58) Pause Initial Mark
[282.298s][info][gc             ] GC(58) Pause Initial Mark 47M->47M(61M) 5.988ms
[282.298s][info][gc,cpu         ] GC(58) User=0.03s Sys=0.00s Real=0.01s
[282.298s][info][gc             ] GC(58) Concurrent Mark
[282.349s][info][gc             ] GC(58) Concurrent Mark 50.789ms
[282.349s][info][gc,cpu         ] GC(58) User=0.05s Sys=0.00s Real=0.05s
[282.349s][info][gc             ] GC(58) Concurrent Preclean
[282.349s][info][gc             ] GC(58) Concurrent Preclean 0.138ms
[282.349s][info][gc,cpu         ] GC(58) User=0.00s Sys=0.00s Real=0.00s
[282.349s][info][gc             ] GC(58) Concurrent Abortable Preclean
[282.349s][info][gc             ] GC(58) Concurrent Abortable Preclean 0.017ms
[282.349s][info][gc,cpu         ] GC(58) User=0.00s Sys=0.00s Real=0.00s
[282.350s][info][gc,start       ] GC(58) Pause Remark
[282.357s][info][gc             ] GC(58) Pause Remark 47M->47M(61M) 6.998ms
[282.357s][info][gc,cpu         ] GC(58) User=0.00s Sys=0.00s Real=0.01s
[282.357s][info][gc             ] GC(58) Concurrent Sweep
[282.373s][info][gc             ] GC(58) Concurrent Sweep 16.239ms
[282.373s][info][gc,cpu         ] GC(58) User=0.02s Sys=0.00s Real=0.02s
[282.373s][info][gc             ] GC(58) Concurrent Reset
[282.373s][info][gc             ] GC(58) Concurrent Reset 0.041ms
[282.373s][info][gc,cpu         ] GC(58) User=0.00s Sys=0.00s Real=0.00s
[282.373s][info][gc,heap        ] GC(58) Old: 38578K->38211K(43712K)
[284.372s][info][gc,start       ] GC(59) Pause Initial Mark
[284.384s][info][gc             ] GC(59) Pause Initial Mark 48M->48M(61M) 11.796ms
[284.384s][info][gc,cpu         ] GC(59) User=0.00s Sys=0.00s Real=0.01s
[284.384s][info][gc             ] GC(59) Concurrent Mark
[284.439s][info][gc             ] GC(59) Concurrent Mark 54.917ms
[284.439s][info][gc,cpu         ] GC(59) User=0.06s Sys=0.00s Real=0.05s
[284.439s][info][gc             ] GC(59) Concurrent Preclean
[284.439s][info][gc             ] GC(59) Concurrent Preclean 0.123ms
[284.440s][info][gc,cpu         ] GC(59) User=0.00s Sys=0.00s Real=0.00s
[284.440s][info][gc             ] GC(59) Concurrent Abortable Preclean
[284.440s][info][gc             ] GC(59) Concurrent Abortable Preclean 0.017ms
[284.440s][info][gc,cpu         ] GC(59) User=0.00s Sys=0.00s Real=0.00s
[284.440s][info][gc,start       ] GC(59) Pause Remark
[284.447s][info][gc             ] GC(59) Pause Remark 48M->48M(61M) 7.718ms
[284.447s][info][gc,cpu         ] GC(59) User=0.02s Sys=0.00s Real=0.01s
[284.448s][info][gc             ] GC(59) Concurrent Sweep
[284.463s][info][gc             ] GC(59) Concurrent Sweep 15.858ms
[284.464s][info][gc,cpu         ] GC(59) User=0.02s Sys=0.00s Real=0.02s
[284.464s][info][gc             ] GC(59) Concurrent Reset
[284.464s][info][gc             ] GC(59) Concurrent Reset 0.042ms
[284.464s][info][gc,cpu         ] GC(59) User=0.00s Sys=0.00s Real=0.00s
[284.464s][info][gc,heap        ] GC(59) Old: 38211K->37843K(43712K)
[286.463s][info][gc,start       ] GC(60) Pause Initial Mark
[286.476s][info][gc             ] GC(60) Pause Initial Mark 49M->49M(61M) 12.946ms
[286.477s][info][gc,cpu         ] GC(60) User=0.03s Sys=0.00s Real=0.01s
[286.477s][info][gc             ] GC(60) Concurrent Mark
[286.531s][info][gc             ] GC(60) Concurrent Mark 54.876ms
[286.532s][info][gc,cpu         ] GC(60) User=0.05s Sys=0.00s Real=0.05s
[286.532s][info][gc             ] GC(60) Concurrent Preclean
[286.532s][info][gc             ] GC(60) Concurrent Preclean 0.131ms
[286.532s][info][gc,cpu         ] GC(60) User=0.00s Sys=0.00s Real=0.00s
[286.532s][info][gc             ] GC(60) Concurrent Abortable Preclean
[286.532s][info][gc             ] GC(60) Concurrent Abortable Preclean 0.018ms
[286.532s][info][gc,cpu         ] GC(60) User=0.00s Sys=0.00s Real=0.00s
[286.532s][info][gc,start       ] GC(60) Pause Remark
[286.540s][info][gc             ] GC(60) Pause Remark 49M->49M(61M) 7.997ms
[286.540s][info][gc,cpu         ] GC(60) User=0.02s Sys=0.00s Real=0.01s
[286.540s][info][gc             ] GC(60) Concurrent Sweep
[286.556s][info][gc             ] GC(60) Concurrent Sweep 15.765ms
[286.556s][info][gc,cpu         ] GC(60) User=0.02s Sys=0.00s Real=0.02s
[286.556s][info][gc             ] GC(60) Concurrent Reset
[286.556s][info][gc             ] GC(60) Concurrent Reset 0.057ms
[286.556s][info][gc,cpu         ] GC(60) User=0.00s Sys=0.00s Real=0.00s
[286.556s][info][gc,heap        ] GC(60) Old: 37843K->37476K(43712K)
[288.556s][info][gc,start       ] GC(61) Pause Initial Mark
[288.569s][info][gc             ] GC(61) Pause Initial Mark 50M->50M(61M) 13.246ms
[288.569s][info][gc,cpu         ] GC(61) User=0.03s Sys=0.00s Real=0.01s
[288.569s][info][gc             ] GC(61) Concurrent Mark
[288.620s][info][gc             ] GC(61) Concurrent Mark 51.541ms
[288.621s][info][gc,cpu         ] GC(61) User=0.05s Sys=0.00s Real=0.05s
[288.621s][info][gc             ] GC(61) Concurrent Preclean
[288.621s][info][gc             ] GC(61) Concurrent Preclean 0.113ms
[288.621s][info][gc,cpu         ] GC(61) User=0.00s Sys=0.00s Real=0.00s
[288.621s][info][gc             ] GC(61) Concurrent Abortable Preclean
[288.621s][info][gc             ] GC(61) Concurrent Abortable Preclean 0.018ms
[288.621s][info][gc,cpu         ] GC(61) User=0.00s Sys=0.00s Real=0.00s
[288.621s][info][gc,start       ] GC(61) Pause Remark
[288.629s][info][gc             ] GC(61) Pause Remark 50M->50M(61M) 8.541ms
[288.629s][info][gc,cpu         ] GC(61) User=0.02s Sys=0.00s Real=0.01s
[288.629s][info][gc             ] GC(61) Concurrent Sweep
[288.644s][info][gc             ] GC(61) Concurrent Sweep 14.960ms
[288.644s][info][gc,cpu         ] GC(61) User=0.02s Sys=0.00s Real=0.02s
[288.645s][info][gc             ] GC(61) Concurrent Reset
[288.645s][info][gc             ] GC(61) Concurrent Reset 0.042ms
[288.645s][info][gc,cpu         ] GC(61) User=0.00s Sys=0.00s Real=0.00s
[288.645s][info][gc,heap        ] GC(61) Old: 37476K->37108K(43712K)
[290.645s][info][gc,start       ] GC(62) Pause Initial Mark
[290.650s][info][gc             ] GC(62) Pause Initial Mark 50M->50M(61M) 5.161ms
[290.650s][info][gc,cpu         ] GC(62) User=0.00s Sys=0.00s Real=0.01s
[290.650s][info][gc             ] GC(62) Concurrent Mark
[290.692s][info][gc             ] GC(62) Concurrent Mark 41.737ms
[290.692s][info][gc,cpu         ] GC(62) User=0.05s Sys=0.00s Real=0.04s
[290.692s][info][gc             ] GC(62) Concurrent Preclean
[290.692s][info][gc             ] GC(62) Concurrent Preclean 0.127ms
[290.692s][info][gc,cpu         ] GC(62) User=0.00s Sys=0.00s Real=0.00s
[290.692s][info][gc             ] GC(62) Concurrent Abortable Preclean
[290.692s][info][gc             ] GC(62) Concurrent Abortable Preclean 0.018ms
[290.692s][info][gc,cpu         ] GC(62) User=0.00s Sys=0.00s Real=0.00s
[290.692s][info][gc,start       ] GC(62) Pause Remark
[290.700s][info][gc             ] GC(62) Pause Remark 50M->50M(61M) 8.085ms
[290.700s][info][gc,cpu         ] GC(62) User=0.00s Sys=0.00s Real=0.01s
[290.700s][info][gc             ] GC(62) Concurrent Sweep
[290.715s][info][gc             ] GC(62) Concurrent Sweep 15.132ms
[290.715s][info][gc,cpu         ] GC(62) User=0.02s Sys=0.00s Real=0.02s
[290.715s][info][gc             ] GC(62) Concurrent Reset
[290.716s][info][gc             ] GC(62) Concurrent Reset 0.042ms
[290.716s][info][gc,cpu         ] GC(62) User=0.00s Sys=0.00s Real=0.00s
[290.716s][info][gc,heap        ] GC(62) Old: 37108K->36741K(43712K)
[292.724s][info][gc,start       ] GC(63) Pause Initial Mark
[292.735s][info][gc             ] GC(63) Pause Initial Mark 51M->51M(61M) 11.729ms
[292.735s][info][gc,cpu         ] GC(63) User=0.03s Sys=0.00s Real=0.01s
[292.735s][info][gc             ] GC(63) Concurrent Mark
[292.777s][info][gc             ] GC(63) Concurrent Mark 41.460ms
[292.777s][info][gc,cpu         ] GC(63) User=0.03s Sys=0.00s Real=0.04s
[292.777s][info][gc             ] GC(63) Concurrent Preclean
[292.777s][info][gc             ] GC(63) Concurrent Preclean 0.114ms
[292.777s][info][gc,cpu         ] GC(63) User=0.00s Sys=0.00s Real=0.00s
[292.777s][info][gc             ] GC(63) Concurrent Abortable Preclean
[292.777s][info][gc             ] GC(63) Concurrent Abortable Preclean 0.018ms
[292.777s][info][gc,cpu         ] GC(63) User=0.00s Sys=0.00s Real=0.00s
[292.777s][info][gc,start       ] GC(63) Pause Remark
[292.786s][info][gc             ] GC(63) Pause Remark 51M->51M(61M) 8.372ms
[292.786s][info][gc,cpu         ] GC(63) User=0.05s Sys=0.00s Real=0.01s
[292.786s][info][gc             ] GC(63) Concurrent Sweep
[292.801s][info][gc             ] GC(63) Concurrent Sweep 15.182ms
[292.801s][info][gc,cpu         ] GC(63) User=0.02s Sys=0.00s Real=0.01s
[292.801s][info][gc             ] GC(63) Concurrent Reset
[292.801s][info][gc             ] GC(63) Concurrent Reset 0.055ms
[292.801s][info][gc,cpu         ] GC(63) User=0.00s Sys=0.00s Real=0.00s
[292.801s][info][gc,heap        ] GC(63) Old: 36741K->36373K(43712K)
[294.801s][info][gc,start       ] GC(64) Pause Initial Mark
[294.818s][info][gc             ] GC(64) Pause Initial Mark 52M->52M(61M) 17.407ms
[294.818s][info][gc,cpu         ] GC(64) User=0.03s Sys=0.00s Real=0.02s
[294.818s][info][gc             ] GC(64) Concurrent Mark
[294.868s][info][gc             ] GC(64) Concurrent Mark 49.996ms
[294.869s][info][gc,cpu         ] GC(64) User=0.05s Sys=0.00s Real=0.05s
[294.869s][info][gc             ] GC(64) Concurrent Preclean
[294.869s][info][gc             ] GC(64) Concurrent Preclean 0.151ms
[294.869s][info][gc,cpu         ] GC(64) User=0.02s Sys=0.00s Real=0.00s
[294.869s][info][gc             ] GC(64) Concurrent Abortable Preclean
[294.869s][info][gc             ] GC(64) Concurrent Abortable Preclean 0.017ms
[294.869s][info][gc,cpu         ] GC(64) User=0.00s Sys=0.00s Real=0.00s
[294.869s][info][gc,start       ] GC(64) Pause Remark
[294.878s][info][gc             ] GC(64) Pause Remark 52M->52M(61M) 9.028ms
[294.878s][info][gc,cpu         ] GC(64) User=0.00s Sys=0.00s Real=0.01s
[294.878s][info][gc             ] GC(64) Concurrent Sweep
[294.893s][info][gc             ] GC(64) Concurrent Sweep 14.802ms
[294.893s][info][gc,cpu         ] GC(64) User=0.02s Sys=0.00s Real=0.01s
[294.893s][info][gc             ] GC(64) Concurrent Reset
[294.893s][info][gc             ] GC(64) Concurrent Reset 0.041ms
[294.893s][info][gc,cpu         ] GC(64) User=0.00s Sys=0.00s Real=0.00s
[294.893s][info][gc,heap        ] GC(64) Old: 36373K->36006K(43712K)
[295.435s][info][gc,start       ] GC(65) Pause Young (Allocation Failure)
[295.436s][info][gc,task        ] GC(65) Using 4 workers of 4 for evacuation
[295.487s][info][gc,promotion   ] Promotion failed
[295.487s][info][gc,start       ] GC(66) Pause Full (Allocation Failure)
[295.488s][info][gc,phases,start] GC(66) Phase 1: Mark live objects
[295.535s][info][gc,phases      ] GC(66) Phase 1: Mark live objects 47.310ms
[295.535s][info][gc,phases,start] GC(66) Phase 2: Compute new object addresses
[295.571s][info][gc,phases      ] GC(66) Phase 2: Compute new object addresses 36.034ms
[295.571s][info][gc,phases,start] GC(66) Phase 3: Adjust pointers
[295.603s][info][gc,phases      ] GC(66) Phase 3: Adjust pointers 31.565ms
[295.603s][info][gc,phases,start] GC(66) Phase 4: Move objects
[295.622s][info][gc,phases      ] GC(66) Phase 4: Move objects 18.791ms
[295.622s][info][gc             ] GC(66) Pause Full (Allocation Failure) 61M->45M(61M) 134.480ms
[295.622s][info][gc,heap        ] GC(65) ParNew: 17472K->2809K(19648K)
[295.622s][info][gc,heap        ] GC(65) CMS: 36006K->43712K(43712K)
[295.622s][info][gc,metaspace   ] GC(65) Metaspace: 8315K->8311K(1056768K)
[295.622s][info][gc             ] GC(65) Pause Young (Allocation Failure) 52M->45M(61M) 186.590ms
[295.622s][info][gc,cpu         ] GC(65) User=0.30s Sys=0.00s Real=0.19s
[295.622s][info][gc,start       ] GC(67) Pause Initial Mark
[295.624s][info][gc             ] GC(67) Pause Initial Mark 45M->45M(61M) 2.256ms
[295.625s][info][gc,cpu         ] GC(67) User=0.00s Sys=0.00s Real=0.00s
[295.625s][info][gc             ] GC(67) Concurrent Mark
[295.675s][info][gc             ] GC(67) Concurrent Mark 50.348ms
[295.675s][info][gc,cpu         ] GC(67) User=0.05s Sys=0.00s Real=0.05s
[295.675s][info][gc             ] GC(67) Concurrent Preclean
[295.739s][info][gc             ] GC(67) Concurrent Preclean 64.224ms
[295.739s][info][gc,cpu         ] GC(67) User=0.06s Sys=0.00s Real=0.06s
[295.739s][info][gc             ] GC(67) Concurrent Abortable Preclean
[295.739s][info][gc             ] GC(67) Concurrent Abortable Preclean 0.015ms
[295.739s][info][gc,cpu         ] GC(67) User=0.00s Sys=0.00s Real=0.00s
[295.739s][info][gc,start       ] GC(67) Pause Remark
[295.745s][info][gc             ] GC(67) Pause Remark 45M->45M(61M) 5.758ms
[295.745s][info][gc,cpu         ] GC(67) User=0.03s Sys=0.00s Real=0.01s
[295.745s][info][gc             ] GC(67) Concurrent Sweep
[295.763s][info][gc             ] GC(67) Concurrent Sweep 18.112ms
[295.764s][info][gc,cpu         ] GC(67) User=0.02s Sys=0.00s Real=0.02s
[295.764s][info][gc             ] GC(67) Concurrent Reset
[295.764s][info][gc             ] GC(67) Concurrent Reset 0.059ms
[295.764s][info][gc,cpu         ] GC(67) User=0.00s Sys=0.00s Real=0.00s
[295.764s][info][gc,heap        ] GC(67) Old: 43712K->43700K(43712K)
[297.763s][info][gc,start       ] GC(68) Pause Initial Mark
[297.770s][info][gc             ] GC(68) Pause Initial Mark 46M->46M(61M) 6.550ms
[297.770s][info][gc,cpu         ] GC(68) User=0.00s Sys=0.00s Real=0.01s
[297.770s][info][gc             ] GC(68) Concurrent Mark
[297.848s][info][gc             ] GC(68) Concurrent Mark 78.505ms
[297.848s][info][gc,cpu         ] GC(68) User=0.08s Sys=0.00s Real=0.08s
[297.848s][info][gc             ] GC(68) Concurrent Preclean
[297.849s][info][gc             ] GC(68) Concurrent Preclean 0.134ms
[297.849s][info][gc,cpu         ] GC(68) User=0.00s Sys=0.00s Real=0.00s
[297.849s][info][gc             ] GC(68) Concurrent Abortable Preclean
[297.849s][info][gc             ] GC(68) Concurrent Abortable Preclean 0.020ms
[297.849s][info][gc,cpu         ] GC(68) User=0.00s Sys=0.00s Real=0.00s
[297.849s][info][gc,start       ] GC(68) Pause Remark
[297.856s][info][gc             ] GC(68) Pause Remark 46M->46M(61M) 7.366ms
[297.856s][info][gc,cpu         ] GC(68) User=0.00s Sys=0.00s Real=0.01s
[297.856s][info][gc             ] GC(68) Concurrent Sweep
[297.876s][info][gc             ] GC(68) Concurrent Sweep 19.774ms
[297.876s][info][gc,cpu         ] GC(68) User=0.02s Sys=0.00s Real=0.02s
[297.876s][info][gc             ] GC(68) Concurrent Reset
[297.876s][info][gc             ] GC(68) Concurrent Reset 0.042ms
[297.876s][info][gc,cpu         ] GC(68) User=0.00s Sys=0.00s Real=0.00s
[297.876s][info][gc,heap        ] GC(68) Old: 43700K->43333K(43712K)
[299.876s][info][gc,start       ] GC(69) Pause Initial Mark
[299.883s][info][gc             ] GC(69) Pause Initial Mark 47M->47M(61M) 6.493ms
[299.883s][info][gc,cpu         ] GC(69) User=0.00s Sys=0.00s Real=0.01s
[299.883s][info][gc             ] GC(69) Concurrent Mark
[299.945s][info][gc             ] GC(69) Concurrent Mark 61.833ms
[299.945s][info][gc,cpu         ] GC(69) User=0.06s Sys=0.00s Real=0.06s
[299.945s][info][gc             ] GC(69) Concurrent Preclean
[299.945s][info][gc             ] GC(69) Concurrent Preclean 0.134ms
[299.945s][info][gc,cpu         ] GC(69) User=0.00s Sys=0.00s Real=0.00s
[299.945s][info][gc             ] GC(69) Concurrent Abortable Preclean
[299.945s][info][gc             ] GC(69) Concurrent Abortable Preclean 0.022ms
[299.945s][info][gc,cpu         ] GC(69) User=0.00s Sys=0.00s Real=0.00s
[299.945s][info][gc,start       ] GC(69) Pause Remark
[299.951s][info][gc             ] GC(69) Pause Remark 47M->47M(61M) 6.234ms
[299.951s][info][gc,cpu         ] GC(69) User=0.00s Sys=0.00s Real=0.01s
[299.951s][info][gc             ] GC(69) Concurrent Sweep
[299.970s][info][gc             ] GC(69) Concurrent Sweep 18.746ms
[299.970s][info][gc,cpu         ] GC(69) User=0.03s Sys=0.00s Real=0.02s
[299.970s][info][gc             ] GC(69) Concurrent Reset
[299.970s][info][gc             ] GC(69) Concurrent Reset 0.057ms
[299.970s][info][gc,cpu         ] GC(69) User=0.00s Sys=0.00s Real=0.00s
[299.970s][info][gc,heap        ] GC(69) Old: 43333K->42965K(43712K)
[301.970s][info][gc,start       ] GC(70) Pause Initial Mark
[301.974s][info][gc             ] GC(70) Pause Initial Mark 48M->48M(61M) 4.194ms
[301.974s][info][gc,cpu         ] GC(70) User=0.00s Sys=0.00s Real=0.00s
[301.975s][info][gc             ] GC(70) Concurrent Mark
[302.023s][info][gc             ] GC(70) Concurrent Mark 48.314ms
[302.023s][info][gc,cpu         ] GC(70) User=0.05s Sys=0.00s Real=0.05s
[302.023s][info][gc             ] GC(70) Concurrent Preclean
[302.023s][info][gc             ] GC(70) Concurrent Preclean 0.134ms
[302.023s][info][gc,cpu         ] GC(70) User=0.00s Sys=0.00s Real=0.00s
[302.023s][info][gc             ] GC(70) Concurrent Abortable Preclean
[302.023s][info][gc             ] GC(70) Concurrent Abortable Preclean 0.019ms
[302.023s][info][gc,cpu         ] GC(70) User=0.00s Sys=0.00s Real=0.00s
[302.023s][info][gc,start       ] GC(70) Pause Remark
[302.030s][info][gc             ] GC(70) Pause Remark 48M->48M(61M) 6.403ms
[302.030s][info][gc,cpu         ] GC(70) User=0.02s Sys=0.00s Real=0.01s
[302.030s][info][gc             ] GC(70) Concurrent Sweep
[302.048s][info][gc             ] GC(70) Concurrent Sweep 18.692ms
[302.049s][info][gc,cpu         ] GC(70) User=0.02s Sys=0.00s Real=0.02s
[302.049s][info][gc             ] GC(70) Concurrent Reset
[302.049s][info][gc             ] GC(70) Concurrent Reset 0.056ms
[302.049s][info][gc,cpu         ] GC(70) User=0.00s Sys=0.00s Real=0.00s
[302.049s][info][gc,heap        ] GC(70) Old: 42965K->42598K(43712K)
[304.048s][info][gc,start       ] GC(71) Pause Initial Mark
[304.057s][info][gc             ] GC(71) Pause Initial Mark 49M->49M(61M) 8.334ms
[304.057s][info][gc,cpu         ] GC(71) User=0.03s Sys=0.00s Real=0.01s
[304.057s][info][gc             ] GC(71) Concurrent Mark
[304.128s][info][gc             ] GC(71) Concurrent Mark 70.755ms
[304.128s][info][gc,cpu         ] GC(71) User=0.06s Sys=0.00s Real=0.07s
[304.128s][info][gc             ] GC(71) Concurrent Preclean
[304.128s][info][gc             ] GC(71) Concurrent Preclean 0.144ms
[304.128s][info][gc,cpu         ] GC(71) User=0.00s Sys=0.00s Real=0.00s
[304.128s][info][gc             ] GC(71) Concurrent Abortable Preclean
[304.128s][info][gc             ] GC(71) Concurrent Abortable Preclean 0.021ms
[304.128s][info][gc,cpu         ] GC(71) User=0.00s Sys=0.00s Real=0.00s
[304.128s][info][gc,start       ] GC(71) Pause Remark
[304.136s][info][gc             ] GC(71) Pause Remark 49M->49M(61M) 7.948ms
[304.136s][info][gc,cpu         ] GC(71) User=0.02s Sys=0.00s Real=0.01s
[304.136s][info][gc             ] GC(71) Concurrent Sweep
[304.154s][info][gc             ] GC(71) Concurrent Sweep 17.533ms
[304.154s][info][gc,cpu         ] GC(71) User=0.02s Sys=0.00s Real=0.02s
[304.154s][info][gc             ] GC(71) Concurrent Reset
[304.154s][info][gc             ] GC(71) Concurrent Reset 0.042ms
[304.154s][info][gc,cpu         ] GC(71) User=0.00s Sys=0.00s Real=0.00s
[304.154s][info][gc,heap        ] GC(71) Old: 42598K->42230K(43712K)
[306.153s][info][gc,start       ] GC(72) Pause Initial Mark
[306.163s][info][gc             ] GC(72) Pause Initial Mark 49M->49M(61M) 9.220ms
[306.163s][info][gc,cpu         ] GC(72) User=0.05s Sys=0.00s Real=0.01s
[306.163s][info][gc             ] GC(72) Concurrent Mark
[306.224s][info][gc             ] GC(72) Concurrent Mark 61.365ms
[306.224s][info][gc,cpu         ] GC(72) User=0.05s Sys=0.00s Real=0.06s
[306.224s][info][gc             ] GC(72) Concurrent Preclean
[306.225s][info][gc             ] GC(72) Concurrent Preclean 0.127ms
[306.225s][info][gc,cpu         ] GC(72) User=0.00s Sys=0.00s Real=0.00s
[306.225s][info][gc             ] GC(72) Concurrent Abortable Preclean
[306.225s][info][gc             ] GC(72) Concurrent Abortable Preclean 0.017ms
[306.225s][info][gc,cpu         ] GC(72) User=0.00s Sys=0.00s Real=0.00s
[306.225s][info][gc,start       ] GC(72) Pause Remark
[306.237s][info][gc             ] GC(72) Pause Remark 49M->49M(61M) 12.009ms
[306.237s][info][gc,cpu         ] GC(72) User=0.02s Sys=0.00s Real=0.01s
[306.237s][info][gc             ] GC(72) Concurrent Sweep
[306.254s][info][gc             ] GC(72) Concurrent Sweep 16.853ms
[306.254s][info][gc,cpu         ] GC(72) User=0.02s Sys=0.00s Real=0.02s
[306.254s][info][gc             ] GC(72) Concurrent Reset
[306.254s][info][gc             ] GC(72) Concurrent Reset 0.043ms
[306.254s][info][gc,cpu         ] GC(72) User=0.00s Sys=0.00s Real=0.00s
[306.254s][info][gc,heap        ] GC(72) Old: 42230K->41863K(43712K)
[308.254s][info][gc,start       ] GC(73) Pause Initial Mark
[308.264s][info][gc             ] GC(73) Pause Initial Mark 50M->50M(61M) 10.460ms
[308.264s][info][gc,cpu         ] GC(73) User=0.00s Sys=0.00s Real=0.01s
[308.264s][info][gc             ] GC(73) Concurrent Mark
[308.324s][info][gc             ] GC(73) Concurrent Mark 60.222ms
[308.324s][info][gc,cpu         ] GC(73) User=0.06s Sys=0.00s Real=0.06s
[308.325s][info][gc             ] GC(73) Concurrent Preclean
[308.325s][info][gc             ] GC(73) Concurrent Preclean 0.116ms
[308.325s][info][gc,cpu         ] GC(73) User=0.00s Sys=0.00s Real=0.00s
[308.325s][info][gc             ] GC(73) Concurrent Abortable Preclean
[308.325s][info][gc             ] GC(73) Concurrent Abortable Preclean 0.018ms
[308.325s][info][gc,cpu         ] GC(73) User=0.00s Sys=0.00s Real=0.00s
[308.325s][info][gc,start       ] GC(73) Pause Remark
[308.332s][info][gc             ] GC(73) Pause Remark 50M->50M(61M) 6.950ms
[308.332s][info][gc,cpu         ] GC(73) User=0.02s Sys=0.00s Real=0.01s
[308.332s][info][gc             ] GC(73) Concurrent Sweep
[308.349s][info][gc             ] GC(73) Concurrent Sweep 17.249ms
[308.349s][info][gc,cpu         ] GC(73) User=0.02s Sys=0.00s Real=0.02s
[308.349s][info][gc             ] GC(73) Concurrent Reset
[308.349s][info][gc             ] GC(73) Concurrent Reset 0.043ms
[308.349s][info][gc,cpu         ] GC(73) User=0.00s Sys=0.00s Real=0.00s
[308.349s][info][gc,heap        ] GC(73) Old: 41863K->41495K(43712K)
[310.349s][info][gc,start       ] GC(74) Pause Initial Mark
[310.359s][info][gc             ] GC(74) Pause Initial Mark 51M->51M(61M) 10.584ms
[310.359s][info][gc,cpu         ] GC(74) User=0.00s Sys=0.00s Real=0.01s
[310.359s][info][gc             ] GC(74) Concurrent Mark
[310.415s][info][gc             ] GC(74) Concurrent Mark 55.594ms
[310.415s][info][gc,cpu         ] GC(74) User=0.05s Sys=0.02s Real=0.06s
[310.415s][info][gc             ] GC(74) Concurrent Preclean
[310.415s][info][gc             ] GC(74) Concurrent Preclean 0.131ms
[310.415s][info][gc,cpu         ] GC(74) User=0.00s Sys=0.00s Real=0.00s
[310.415s][info][gc             ] GC(74) Concurrent Abortable Preclean
[310.415s][info][gc             ] GC(74) Concurrent Abortable Preclean 0.018ms
[310.415s][info][gc,cpu         ] GC(74) User=0.00s Sys=0.00s Real=0.00s
[310.415s][info][gc,start       ] GC(74) Pause Remark
[310.422s][info][gc             ] GC(74) Pause Remark 51M->51M(61M) 7.065ms
[310.422s][info][gc,cpu         ] GC(74) User=0.02s Sys=0.00s Real=0.01s
[310.422s][info][gc             ] GC(74) Concurrent Sweep
[310.440s][info][gc             ] GC(74) Concurrent Sweep 17.085ms
[310.440s][info][gc,cpu         ] GC(74) User=0.02s Sys=0.00s Real=0.02s
[310.440s][info][gc             ] GC(74) Concurrent Reset
[310.440s][info][gc             ] GC(74) Concurrent Reset 0.057ms
[310.440s][info][gc,cpu         ] GC(74) User=0.00s Sys=0.00s Real=0.00s
[310.440s][info][gc,heap        ] GC(74) Old: 41495K->41128K(43712K)
[312.440s][info][gc,start       ] GC(75) Pause Initial Mark
[312.455s][info][gc             ] GC(75) Pause Initial Mark 52M->52M(61M) 15.147ms
[312.455s][info][gc,cpu         ] GC(75) User=0.03s Sys=0.00s Real=0.01s
[312.455s][info][gc             ] GC(75) Concurrent Mark
[312.514s][info][gc             ] GC(75) Concurrent Mark 58.848ms
[312.514s][info][gc,cpu         ] GC(75) User=0.06s Sys=0.00s Real=0.06s
[312.514s][info][gc             ] GC(75) Concurrent Preclean
[312.514s][info][gc             ] GC(75) Concurrent Preclean 0.136ms
[312.514s][info][gc,cpu         ] GC(75) User=0.00s Sys=0.00s Real=0.00s
[312.514s][info][gc             ] GC(75) Concurrent Abortable Preclean
[312.514s][info][gc             ] GC(75) Concurrent Abortable Preclean 0.021ms
[312.514s][info][gc,cpu         ] GC(75) User=0.00s Sys=0.00s Real=0.00s
[312.514s][info][gc,start       ] GC(75) Pause Remark
[312.522s][info][gc             ] GC(75) Pause Remark 52M->52M(61M) 7.338ms
[312.522s][info][gc,cpu         ] GC(75) User=0.00s Sys=0.00s Real=0.01s
[312.522s][info][gc             ] GC(75) Concurrent Sweep
[312.539s][info][gc             ] GC(75) Concurrent Sweep 17.151ms
[312.539s][info][gc,cpu         ] GC(75) User=0.02s Sys=0.00s Real=0.02s
[312.539s][info][gc             ] GC(75) Concurrent Reset
[312.539s][info][gc             ] GC(75) Concurrent Reset 0.056ms
[312.539s][info][gc,cpu         ] GC(75) User=0.00s Sys=0.00s Real=0.00s
[312.539s][info][gc,heap        ] GC(75) Old: 41128K->40760K(43712K)
[314.539s][info][gc,start       ] GC(76) Pause Initial Mark
[314.544s][info][gc             ] GC(76) Pause Initial Mark 52M->52M(61M) 4.903ms
[314.544s][info][gc,cpu         ] GC(76) User=0.05s Sys=0.00s Real=0.00s
[314.544s][info][gc             ] GC(76) Concurrent Mark
[314.589s][info][gc             ] GC(76) Concurrent Mark 45.573ms
[314.589s][info][gc,cpu         ] GC(76) User=0.05s Sys=0.00s Real=0.05s
[314.589s][info][gc             ] GC(76) Concurrent Preclean
[314.590s][info][gc             ] GC(76) Concurrent Preclean 0.131ms
[314.590s][info][gc,cpu         ] GC(76) User=0.00s Sys=0.00s Real=0.00s
[314.590s][info][gc             ] GC(76) Concurrent Abortable Preclean
[314.590s][info][gc             ] GC(76) Concurrent Abortable Preclean 0.017ms
[314.590s][info][gc,cpu         ] GC(76) User=0.00s Sys=0.00s Real=0.00s
[314.590s][info][gc,start       ] GC(76) Pause Remark
[314.598s][info][gc             ] GC(76) Pause Remark 52M->52M(61M) 8.126ms
[314.598s][info][gc,cpu         ] GC(76) User=0.00s Sys=0.00s Real=0.01s
[314.598s][info][gc             ] GC(76) Concurrent Sweep
[314.615s][info][gc             ] GC(76) Concurrent Sweep 16.961ms
[314.615s][info][gc,cpu         ] GC(76) User=0.02s Sys=0.00s Real=0.02s
[314.615s][info][gc             ] GC(76) Concurrent Reset
[314.615s][info][gc             ] GC(76) Concurrent Reset 0.042ms
[314.615s][info][gc,cpu         ] GC(76) User=0.00s Sys=0.00s Real=0.00s
[314.615s][info][gc,heap        ] GC(76) Old: 40760K->40393K(43712K)
[316.615s][info][gc,start       ] GC(77) Pause Initial Mark
[316.629s][info][gc             ] GC(77) Pause Initial Mark 53M->53M(61M) 14.236ms
[316.629s][info][gc,cpu         ] GC(77) User=0.00s Sys=0.00s Real=0.01s
[316.629s][info][gc             ] GC(77) Concurrent Mark
[316.683s][info][gc             ] GC(77) Concurrent Mark 54.104ms
[316.684s][info][gc,cpu         ] GC(77) User=0.06s Sys=0.00s Real=0.05s
[316.684s][info][gc             ] GC(77) Concurrent Preclean
[316.684s][info][gc             ] GC(77) Concurrent Preclean 0.161ms
[316.684s][info][gc,cpu         ] GC(77) User=0.00s Sys=0.00s Real=0.00s
[316.684s][info][gc             ] GC(77) Concurrent Abortable Preclean
[316.684s][info][gc             ] GC(77) Concurrent Abortable Preclean 0.018ms
[316.684s][info][gc,cpu         ] GC(77) User=0.00s Sys=0.00s Real=0.00s
[316.684s][info][gc,start       ] GC(77) Pause Remark
[316.692s][info][gc             ] GC(77) Pause Remark 53M->53M(61M) 8.456ms
[316.692s][info][gc,cpu         ] GC(77) User=0.00s Sys=0.00s Real=0.01s
[316.692s][info][gc             ] GC(77) Concurrent Sweep
[316.709s][info][gc             ] GC(77) Concurrent Sweep 16.947ms
[316.709s][info][gc,cpu         ] GC(77) User=0.03s Sys=0.00s Real=0.02s
[316.710s][info][gc             ] GC(77) Concurrent Reset
[316.710s][info][gc             ] GC(77) Concurrent Reset 0.057ms
[316.710s][info][gc,cpu         ] GC(77) User=0.00s Sys=0.00s Real=0.00s
[316.710s][info][gc,heap        ] GC(77) Old: 40393K->40025K(43712K)
[318.709s][info][gc,start       ] GC(78) Pause Initial Mark
[318.724s][info][gc             ] GC(78) Pause Initial Mark 54M->54M(61M) 14.869ms
[318.724s][info][gc,cpu         ] GC(78) User=0.03s Sys=0.00s Real=0.02s
[318.724s][info][gc             ] GC(78) Concurrent Mark
[318.780s][info][gc             ] GC(78) Concurrent Mark 56.127ms
[318.780s][info][gc,cpu         ] GC(78) User=0.05s Sys=0.00s Real=0.06s
[318.780s][info][gc             ] GC(78) Concurrent Preclean
[318.780s][info][gc             ] GC(78) Concurrent Preclean 0.159ms
[318.780s][info][gc,cpu         ] GC(78) User=0.00s Sys=0.00s Real=0.00s
[318.780s][info][gc             ] GC(78) Concurrent Abortable Preclean
[318.780s][info][gc             ] GC(78) Concurrent Abortable Preclean 0.018ms
[318.780s][info][gc,cpu         ] GC(78) User=0.00s Sys=0.00s Real=0.00s
[318.781s][info][gc,start       ] GC(78) Pause Remark
[318.790s][info][gc             ] GC(78) Pause Remark 54M->54M(61M) 9.065ms
[318.790s][info][gc,cpu         ] GC(78) User=0.03s Sys=0.00s Real=0.01s
[318.790s][info][gc             ] GC(78) Concurrent Sweep
[318.806s][info][gc             ] GC(78) Concurrent Sweep 16.085ms
[318.806s][info][gc,cpu         ] GC(78) User=0.02s Sys=0.00s Real=0.02s
[318.806s][info][gc             ] GC(78) Concurrent Reset
[318.806s][info][gc             ] GC(78) Concurrent Reset 0.041ms
[318.806s][info][gc,cpu         ] GC(78) User=0.00s Sys=0.00s Real=0.00s
[318.806s][info][gc,heap        ] GC(78) Old: 40025K->39656K(43712K)
[320.806s][info][gc,start       ] GC(79) Pause Initial Mark
[320.821s][info][gc             ] GC(79) Pause Initial Mark 55M->55M(61M) 14.494ms
[320.821s][info][gc,cpu         ] GC(79) User=0.03s Sys=0.00s Real=0.01s
[320.821s][info][gc             ] GC(79) Concurrent Mark
[320.880s][info][gc             ] GC(79) Concurrent Mark 59.048ms
[320.880s][info][gc,cpu         ] GC(79) User=0.06s Sys=0.00s Real=0.06s
[320.880s][info][gc             ] GC(79) Concurrent Preclean
[320.880s][info][gc             ] GC(79) Concurrent Preclean 0.161ms
[320.880s][info][gc,cpu         ] GC(79) User=0.00s Sys=0.00s Real=0.00s
[320.880s][info][gc             ] GC(79) Concurrent Abortable Preclean
[320.880s][info][gc             ] GC(79) Concurrent Abortable Preclean 0.022ms
[320.880s][info][gc,cpu         ] GC(79) User=0.00s Sys=0.00s Real=0.00s
[320.880s][info][gc,start       ] GC(79) Pause Remark
[320.889s][info][gc             ] GC(79) Pause Remark 55M->55M(61M) 8.743ms
[320.889s][info][gc,cpu         ] GC(79) User=0.02s Sys=0.00s Real=0.01s
[320.889s][info][gc             ] GC(79) Concurrent Sweep
[320.905s][info][gc             ] GC(79) Concurrent Sweep 16.269ms
[320.905s][info][gc,cpu         ] GC(79) User=0.02s Sys=0.00s Real=0.02s
[320.905s][info][gc             ] GC(79) Concurrent Reset
[320.905s][info][gc             ] GC(79) Concurrent Reset 0.043ms
[320.905s][info][gc,cpu         ] GC(79) User=0.00s Sys=0.00s Real=0.00s
[320.905s][info][gc,heap        ] GC(79) Old: 39656K->39288K(43712K)
[322.905s][info][gc,start       ] GC(80) Pause Initial Mark
[322.911s][info][gc             ] GC(80) Pause Initial Mark 55M->55M(61M) 6.291ms
[322.911s][info][gc,cpu         ] GC(80) User=0.00s Sys=0.00s Real=0.01s
[322.911s][info][gc             ] GC(80) Concurrent Mark
[322.954s][info][gc             ] GC(80) Concurrent Mark 42.545ms
[322.954s][info][gc,cpu         ] GC(80) User=0.05s Sys=0.00s Real=0.04s
[322.954s][info][gc             ] GC(80) Concurrent Preclean
[322.954s][info][gc             ] GC(80) Concurrent Preclean 0.125ms
[322.954s][info][gc,cpu         ] GC(80) User=0.00s Sys=0.00s Real=0.00s
[322.954s][info][gc             ] GC(80) Concurrent Abortable Preclean
[322.954s][info][gc             ] GC(80) Concurrent Abortable Preclean 0.017ms
[322.954s][info][gc,cpu         ] GC(80) User=0.00s Sys=0.00s Real=0.00s
[322.954s][info][gc,start       ] GC(80) Pause Remark
[322.965s][info][gc             ] GC(80) Pause Remark 55M->55M(61M) 10.599ms
[322.965s][info][gc,cpu         ] GC(80) User=0.02s Sys=0.00s Real=0.01s
[322.965s][info][gc             ] GC(80) Concurrent Sweep
[322.988s][info][gc             ] GC(80) Concurrent Sweep 22.464ms
[322.988s][info][gc,cpu         ] GC(80) User=0.02s Sys=0.00s Real=0.02s
[322.988s][info][gc             ] GC(80) Concurrent Reset
[322.988s][info][gc             ] GC(80) Concurrent Reset 0.056ms
[322.988s][info][gc,cpu         ] GC(80) User=0.00s Sys=0.00s Real=0.00s
[322.988s][info][gc,heap        ] GC(80) Old: 39288K->38932K(43712K)
[324.987s][info][gc,start       ] GC(81) Pause Initial Mark
[324.998s][info][gc             ] GC(81) Pause Initial Mark 56M->56M(61M) 10.523ms
[324.998s][info][gc,cpu         ] GC(81) User=0.03s Sys=0.00s Real=0.01s
[324.998s][info][gc             ] GC(81) Concurrent Mark
[325.046s][info][gc             ] GC(81) Concurrent Mark 47.679ms
[325.046s][info][gc,cpu         ] GC(81) User=0.05s Sys=0.00s Real=0.05s
[325.046s][info][gc             ] GC(81) Concurrent Preclean
[325.046s][info][gc             ] GC(81) Concurrent Preclean 0.123ms
[325.046s][info][gc,cpu         ] GC(81) User=0.00s Sys=0.00s Real=0.00s
[325.046s][info][gc             ] GC(81) Concurrent Abortable Preclean
[325.046s][info][gc             ] GC(81) Concurrent Abortable Preclean 0.017ms
[325.046s][info][gc,cpu         ] GC(81) User=0.00s Sys=0.00s Real=0.00s
[325.046s][info][gc,start       ] GC(81) Pause Remark
[325.056s][info][gc             ] GC(81) Pause Remark 56M->56M(61M) 10.252ms
[325.056s][info][gc,cpu         ] GC(81) User=0.02s Sys=0.00s Real=0.01s
[325.056s][info][gc             ] GC(81) Concurrent Sweep
[325.072s][info][gc             ] GC(81) Concurrent Sweep 15.987ms
[325.072s][info][gc,cpu         ] GC(81) User=0.02s Sys=0.00s Real=0.02s
[325.072s][info][gc             ] GC(81) Concurrent Reset
[325.072s][info][gc             ] GC(81) Concurrent Reset 0.042ms
[325.073s][info][gc,cpu         ] GC(81) User=0.00s Sys=0.00s Real=0.00s
[325.073s][info][gc,heap        ] GC(81) Old: 38932K->38564K(43712K)
[326.277s][info][gc,start       ] GC(82) Pause Young (Allocation Failure)
[326.277s][info][gc,task        ] GC(82) Using 4 workers of 4 for evacuation
[326.278s][info][gc,start       ] GC(83) Pause Full (Allocation Failure)
[326.278s][info][gc,phases,start] GC(83) Phase 1: Mark live objects
[326.354s][info][gc,phases      ] GC(83) Phase 1: Mark live objects 76.279ms
[326.354s][info][gc,phases,start] GC(83) Phase 2: Compute new object addresses
[326.390s][info][gc,phases      ] GC(83) Phase 2: Compute new object addresses 35.647ms
[326.390s][info][gc,phases,start] GC(83) Phase 3: Adjust pointers
[326.422s][info][gc,phases      ] GC(83) Phase 3: Adjust pointers 32.153ms
[326.422s][info][gc,phases,start] GC(83) Phase 4: Move objects
[326.442s][info][gc,phases      ] GC(83) Phase 4: Move objects 19.571ms
[326.442s][info][gc             ] GC(83) Pause Full (Allocation Failure) 56M->50M(61M) 164.569ms
[326.442s][info][gc,heap        ] GC(82) ParNew: 19647K->7489K(19648K)
[326.442s][info][gc,heap        ] GC(82) CMS: 38564K->43711K(43712K)
[326.442s][info][gc,metaspace   ] GC(82) Metaspace: 8343K->8331K(1056768K)
[326.442s][info][gc             ] GC(82) Pause Young (Allocation Failure) 56M->50M(61M) 164.836ms
[326.442s][info][gc,cpu         ] GC(82) User=0.17s Sys=0.00s Real=0.17s
[326.442s][info][gc,start       ] GC(84) Pause Initial Mark
[326.448s][info][gc             ] GC(84) Pause Initial Mark 50M->50M(61M) 6.017ms
[326.449s][info][gc,cpu         ] GC(84) User=0.00s Sys=0.00s Real=0.01s
[326.449s][info][gc             ] GC(84) Concurrent Mark
[326.495s][info][gc             ] GC(84) Concurrent Mark 46.469ms
[326.495s][info][gc,cpu         ] GC(84) User=0.05s Sys=0.00s Real=0.05s
[326.495s][info][gc             ] GC(84) Concurrent Preclean
[326.542s][info][gc             ] GC(84) Concurrent Preclean 47.178ms
[326.542s][info][gc,cpu         ] GC(84) User=0.05s Sys=0.00s Real=0.05s
[326.542s][info][gc             ] GC(84) Concurrent Abortable Preclean
[326.542s][info][gc             ] GC(84) Concurrent Abortable Preclean 0.015ms
[326.542s][info][gc,cpu         ] GC(84) User=0.00s Sys=0.00s Real=0.00s
[326.543s][info][gc,start       ] GC(84) Pause Remark
[326.552s][info][gc             ] GC(84) Pause Remark 50M->50M(61M) 9.208ms
[326.552s][info][gc,cpu         ] GC(84) User=0.00s Sys=0.00s Real=0.01s
[326.552s][info][gc             ] GC(84) Concurrent Sweep
[326.570s][info][gc             ] GC(84) Concurrent Sweep 18.025ms
[326.570s][info][gc,cpu         ] GC(84) User=0.05s Sys=0.00s Real=0.02s
[326.570s][info][gc             ] GC(84) Concurrent Reset
[326.570s][info][gc             ] GC(84) Concurrent Reset 0.045ms
[326.570s][info][gc,cpu         ] GC(84) User=0.00s Sys=0.00s Real=0.00s
[326.570s][info][gc,heap        ] GC(84) Old: 43711K->43711K(43712K)
[328.569s][info][gc,start       ] GC(85) Pause Initial Mark
[328.586s][info][gc             ] GC(85) Pause Initial Mark 51M->51M(61M) 16.949ms
[328.586s][info][gc,cpu         ] GC(85) User=0.02s Sys=0.00s Real=0.02s
[328.586s][info][gc             ] GC(85) Concurrent Mark
[328.642s][info][gc             ] GC(85) Concurrent Mark 55.325ms
[328.642s][info][gc,cpu         ] GC(85) User=0.05s Sys=0.00s Real=0.06s
[328.642s][info][gc             ] GC(85) Concurrent Preclean
[328.642s][info][gc             ] GC(85) Concurrent Preclean 0.129ms
[328.642s][info][gc,cpu         ] GC(85) User=0.00s Sys=0.00s Real=0.00s
[328.642s][info][gc             ] GC(85) Concurrent Abortable Preclean
[328.642s][info][gc             ] GC(85) Concurrent Abortable Preclean 0.016ms
[328.642s][info][gc,cpu         ] GC(85) User=0.00s Sys=0.00s Real=0.00s
[328.642s][info][gc,start       ] GC(85) Pause Remark
[328.651s][info][gc             ] GC(85) Pause Remark 51M->51M(61M) 9.238ms
[328.651s][info][gc,cpu         ] GC(85) User=0.02s Sys=0.00s Real=0.01s
[328.652s][info][gc             ] GC(85) Concurrent Sweep
[328.669s][info][gc             ] GC(85) Concurrent Sweep 17.661ms
[328.669s][info][gc,cpu         ] GC(85) User=0.02s Sys=0.00s Real=0.02s
[328.669s][info][gc             ] GC(85) Concurrent Reset
[328.669s][info][gc             ] GC(85) Concurrent Reset 0.042ms
[328.669s][info][gc,cpu         ] GC(85) User=0.00s Sys=0.00s Real=0.00s
[328.669s][info][gc,heap        ] GC(85) Old: 43711K->43344K(43712K)
[330.669s][info][gc,start       ] GC(86) Pause Initial Mark
[330.687s][info][gc             ] GC(86) Pause Initial Mark 52M->52M(61M) 17.180ms
[330.687s][info][gc,cpu         ] GC(86) User=0.05s Sys=0.00s Real=0.02s
[330.687s][info][gc             ] GC(86) Concurrent Mark
[330.756s][info][gc             ] GC(86) Concurrent Mark 69.174ms
[330.756s][info][gc,cpu         ] GC(86) User=0.06s Sys=0.00s Real=0.07s
[330.756s][info][gc             ] GC(86) Concurrent Preclean
[330.756s][info][gc             ] GC(86) Concurrent Preclean 0.132ms
[330.756s][info][gc,cpu         ] GC(86) User=0.00s Sys=0.00s Real=0.00s
[330.756s][info][gc             ] GC(86) Concurrent Abortable Preclean
[330.756s][info][gc             ] GC(86) Concurrent Abortable Preclean 0.017ms
[330.756s][info][gc,cpu         ] GC(86) User=0.00s Sys=0.00s Real=0.00s
[330.756s][info][gc,start       ] GC(86) Pause Remark
[330.766s][info][gc             ] GC(86) Pause Remark 52M->52M(61M) 9.189ms
[330.766s][info][gc,cpu         ] GC(86) User=0.02s Sys=0.00s Real=0.01s
[330.766s][info][gc             ] GC(86) Concurrent Sweep
[330.783s][info][gc             ] GC(86) Concurrent Sweep 17.700ms
[330.784s][info][gc,cpu         ] GC(86) User=0.02s Sys=0.00s Real=0.02s
[330.784s][info][gc             ] GC(86) Concurrent Reset
[330.784s][info][gc             ] GC(86) Concurrent Reset 0.057ms
[330.784s][info][gc,cpu         ] GC(86) User=0.00s Sys=0.00s Real=0.00s
[330.784s][info][gc,heap        ] GC(86) Old: 43344K->42976K(43712K)
[332.784s][info][gc,start       ] GC(87) Pause Initial Mark
[332.799s][info][gc             ] GC(87) Pause Initial Mark 52M->52M(61M) 15.020ms
[332.799s][info][gc,cpu         ] GC(87) User=0.02s Sys=0.00s Real=0.02s
[332.799s][info][gc             ] GC(87) Concurrent Mark
[332.853s][info][gc             ] GC(87) Concurrent Mark 54.029ms
[332.853s][info][gc,cpu         ] GC(87) User=0.05s Sys=0.00s Real=0.05s
[332.853s][info][gc             ] GC(87) Concurrent Preclean
[332.853s][info][gc             ] GC(87) Concurrent Preclean 0.125ms
[332.853s][info][gc,cpu         ] GC(87) User=0.00s Sys=0.00s Real=0.00s
[332.853s][info][gc             ] GC(87) Concurrent Abortable Preclean
[332.853s][info][gc             ] GC(87) Concurrent Abortable Preclean 0.017ms
[332.853s][info][gc,cpu         ] GC(87) User=0.00s Sys=0.00s Real=0.00s
[332.853s][info][gc,start       ] GC(87) Pause Remark
[332.862s][info][gc             ] GC(87) Pause Remark 52M->52M(61M) 9.290ms
[332.863s][info][gc,cpu         ] GC(87) User=0.03s Sys=0.00s Real=0.01s
[332.863s][info][gc             ] GC(87) Concurrent Sweep
[332.880s][info][gc             ] GC(87) Concurrent Sweep 17.437ms
[332.880s][info][gc,cpu         ] GC(87) User=0.02s Sys=0.00s Real=0.02s
[332.880s][info][gc             ] GC(87) Concurrent Reset
[332.880s][info][gc             ] GC(87) Concurrent Reset 0.042ms
[332.880s][info][gc,cpu         ] GC(87) User=0.00s Sys=0.00s Real=0.00s
[332.880s][info][gc,heap        ] GC(87) Old: 42976K->42597K(43712K)
[334.880s][info][gc,start       ] GC(88) Pause Initial Mark
[334.897s][info][gc             ] GC(88) Pause Initial Mark 53M->53M(61M) 17.282ms
[334.897s][info][gc,cpu         ] GC(88) User=0.03s Sys=0.00s Real=0.02s
[334.897s][info][gc             ] GC(88) Concurrent Mark
[334.954s][info][gc             ] GC(88) Concurrent Mark 56.753ms
[334.954s][info][gc,cpu         ] GC(88) User=0.08s Sys=0.00s Real=0.06s
[334.954s][info][gc             ] GC(88) Concurrent Preclean
[334.954s][info][gc             ] GC(88) Concurrent Preclean 0.133ms
[334.954s][info][gc,cpu         ] GC(88) User=0.00s Sys=0.00s Real=0.00s
[334.954s][info][gc             ] GC(88) Concurrent Abortable Preclean
[334.954s][info][gc             ] GC(88) Concurrent Abortable Preclean 0.018ms
[334.954s][info][gc,cpu         ] GC(88) User=0.00s Sys=0.00s Real=0.00s
[334.955s][info][gc,start       ] GC(88) Pause Remark
[334.964s][info][gc             ] GC(88) Pause Remark 53M->53M(61M) 9.319ms
[334.964s][info][gc,cpu         ] GC(88) User=0.03s Sys=0.00s Real=0.01s
[334.964s][info][gc             ] GC(88) Concurrent Sweep
[334.982s][info][gc             ] GC(88) Concurrent Sweep 17.891ms
[334.982s][info][gc,cpu         ] GC(88) User=0.02s Sys=0.00s Real=0.02s
[334.982s][info][gc             ] GC(88) Concurrent Reset
[334.982s][info][gc             ] GC(88) Concurrent Reset 0.044ms
[334.982s][info][gc,cpu         ] GC(88) User=0.00s Sys=0.00s Real=0.00s
[334.982s][info][gc,heap        ] GC(88) Old: 42597K->42230K(43712K)
[336.982s][info][gc,start       ] GC(89) Pause Initial Mark
[336.996s][info][gc             ] GC(89) Pause Initial Mark 54M->54M(61M) 14.342ms
[336.996s][info][gc,cpu         ] GC(89) User=0.03s Sys=0.00s Real=0.01s
[336.996s][info][gc             ] GC(89) Concurrent Mark
[337.053s][info][gc             ] GC(89) Concurrent Mark 56.300ms
[337.053s][info][gc,cpu         ] GC(89) User=0.06s Sys=0.00s Real=0.06s
[337.053s][info][gc             ] GC(89) Concurrent Preclean
[337.053s][info][gc             ] GC(89) Concurrent Preclean 0.119ms
[337.053s][info][gc,cpu         ] GC(89) User=0.00s Sys=0.00s Real=0.00s
[337.053s][info][gc             ] GC(89) Concurrent Abortable Preclean
[337.053s][info][gc             ] GC(89) Concurrent Abortable Preclean 0.019ms
[337.053s][info][gc,cpu         ] GC(89) User=0.00s Sys=0.00s Real=0.00s
[337.053s][info][gc,start       ] GC(89) Pause Remark
[337.062s][info][gc             ] GC(89) Pause Remark 54M->54M(61M) 9.252ms
[337.062s][info][gc,cpu         ] GC(89) User=0.00s Sys=0.00s Real=0.01s
[337.062s][info][gc             ] GC(89) Concurrent Sweep
[337.080s][info][gc             ] GC(89) Concurrent Sweep 17.443ms
[337.080s][info][gc,cpu         ] GC(89) User=0.02s Sys=0.00s Real=0.02s
[337.080s][info][gc             ] GC(89) Concurrent Reset
[337.080s][info][gc             ] GC(89) Concurrent Reset 0.042ms
[337.080s][info][gc,cpu         ] GC(89) User=0.00s Sys=0.00s Real=0.00s
[337.080s][info][gc,heap        ] GC(89) Old: 42230K->41862K(43712K)
[339.080s][info][gc,start       ] GC(90) Pause Initial Mark
[339.090s][info][gc             ] GC(90) Pause Initial Mark 55M->55M(61M) 10.258ms
[339.090s][info][gc,cpu         ] GC(90) User=0.00s Sys=0.00s Real=0.01s
[339.090s][info][gc             ] GC(90) Concurrent Mark
[339.136s][info][gc             ] GC(90) Concurrent Mark 46.255ms
[339.137s][info][gc,cpu         ] GC(90) User=0.05s Sys=0.00s Real=0.05s
[339.137s][info][gc             ] GC(90) Concurrent Preclean
[339.137s][info][gc             ] GC(90) Concurrent Preclean 0.125ms
[339.137s][info][gc,cpu         ] GC(90) User=0.00s Sys=0.00s Real=0.00s
[339.137s][info][gc             ] GC(90) Concurrent Abortable Preclean
[339.137s][info][gc             ] GC(90) Concurrent Abortable Preclean 0.027ms
[339.137s][info][gc,cpu         ] GC(90) User=0.00s Sys=0.00s Real=0.00s
[339.137s][info][gc,start       ] GC(90) Pause Remark
[339.148s][info][gc             ] GC(90) Pause Remark 55M->55M(61M) 11.290ms
[339.148s][info][gc,cpu         ] GC(90) User=0.03s Sys=0.00s Real=0.01s
[339.148s][info][gc             ] GC(90) Concurrent Sweep
[339.166s][info][gc             ] GC(90) Concurrent Sweep 18.160ms
[339.166s][info][gc,cpu         ] GC(90) User=0.02s Sys=0.00s Real=0.02s
[339.167s][info][gc             ] GC(90) Concurrent Reset
[339.167s][info][gc             ] GC(90) Concurrent Reset 0.042ms
[339.167s][info][gc,cpu         ] GC(90) User=0.00s Sys=0.00s Real=0.00s
[339.167s][info][gc,heap        ] GC(90) Old: 41862K->41495K(43712K)
[341.166s][info][gc,start       ] GC(91) Pause Initial Mark
[341.181s][info][gc             ] GC(91) Pause Initial Mark 55M->55M(61M) 14.548ms
[341.181s][info][gc,cpu         ] GC(91) User=0.03s Sys=0.00s Real=0.01s
[341.181s][info][gc             ] GC(91) Concurrent Mark
[341.229s][info][gc             ] GC(91) Concurrent Mark 48.137ms
[341.229s][info][gc,cpu         ] GC(91) User=0.05s Sys=0.00s Real=0.05s
[341.229s][info][gc             ] GC(91) Concurrent Preclean
[341.229s][info][gc             ] GC(91) Concurrent Preclean 0.129ms
[341.229s][info][gc,cpu         ] GC(91) User=0.00s Sys=0.00s Real=0.00s
[341.229s][info][gc             ] GC(91) Concurrent Abortable Preclean
[341.229s][info][gc             ] GC(91) Concurrent Abortable Preclean 0.015ms
[341.229s][info][gc,cpu         ] GC(91) User=0.00s Sys=0.00s Real=0.00s
[341.229s][info][gc,start       ] GC(91) Pause Remark
[341.240s][info][gc             ] GC(91) Pause Remark 55M->55M(61M) 10.563ms
[341.240s][info][gc,cpu         ] GC(91) User=0.05s Sys=0.00s Real=0.01s
[341.240s][info][gc             ] GC(91) Concurrent Sweep
[341.258s][info][gc             ] GC(91) Concurrent Sweep 18.026ms
[341.258s][info][gc,cpu         ] GC(91) User=0.02s Sys=0.00s Real=0.02s
[341.258s][info][gc             ] GC(91) Concurrent Reset
[341.258s][info][gc             ] GC(91) Concurrent Reset 0.057ms
[341.258s][info][gc,cpu         ] GC(91) User=0.00s Sys=0.00s Real=0.00s
[341.258s][info][gc,heap        ] GC(91) Old: 41495K->41127K(43712K)
[343.258s][info][gc,start       ] GC(92) Pause Initial Mark
[343.266s][info][gc             ] GC(92) Pause Initial Mark 56M->56M(61M) 8.104ms
[343.266s][info][gc,cpu         ] GC(92) User=0.05s Sys=0.00s Real=0.01s
[343.266s][info][gc             ] GC(92) Concurrent Mark
[343.309s][info][gc             ] GC(92) Concurrent Mark 42.609ms
[343.309s][info][gc,cpu         ] GC(92) User=0.05s Sys=0.00s Real=0.04s
[343.309s][info][gc             ] GC(92) Concurrent Preclean
[343.309s][info][gc             ] GC(92) Concurrent Preclean 0.137ms
[343.309s][info][gc,cpu         ] GC(92) User=0.00s Sys=0.00s Real=0.00s
[343.309s][info][gc             ] GC(92) Concurrent Abortable Preclean
[343.309s][info][gc             ] GC(92) Concurrent Abortable Preclean 0.017ms
[343.309s][info][gc,cpu         ] GC(92) User=0.00s Sys=0.00s Real=0.00s
[343.309s][info][gc,start       ] GC(92) Pause Remark
[343.320s][info][gc             ] GC(92) Pause Remark 56M->56M(61M) 11.129ms
[343.321s][info][gc,cpu         ] GC(92) User=0.00s Sys=0.00s Real=0.01s
[343.321s][info][gc             ] GC(92) Concurrent Sweep
[343.337s][info][gc             ] GC(92) Concurrent Sweep 16.600ms
[343.337s][info][gc,cpu         ] GC(92) User=0.03s Sys=0.00s Real=0.02s
[343.337s][info][gc             ] GC(92) Concurrent Reset
[343.337s][info][gc             ] GC(92) Concurrent Reset 0.043ms
[343.337s][info][gc,cpu         ] GC(92) User=0.00s Sys=0.00s Real=0.00s
[343.337s][info][gc,heap        ] GC(92) Old: 41127K->40771K(43712K)
[345.337s][info][gc,start       ] GC(93) Pause Initial Mark
[345.355s][info][gc             ] GC(93) Pause Initial Mark 56M->56M(61M) 17.505ms
[345.355s][info][gc,cpu         ] GC(93) User=0.03s Sys=0.00s Real=0.02s
[345.355s][info][gc             ] GC(93) Concurrent Mark
[345.417s][info][gc             ] GC(93) Concurrent Mark 62.460ms
[345.418s][info][gc,cpu         ] GC(93) User=0.06s Sys=0.00s Real=0.06s
[345.418s][info][gc             ] GC(93) Concurrent Preclean
[345.418s][info][gc             ] GC(93) Concurrent Preclean 0.159ms
[345.418s][info][gc,cpu         ] GC(93) User=0.00s Sys=0.00s Real=0.00s
[345.418s][info][gc             ] GC(93) Concurrent Abortable Preclean
[345.418s][info][gc             ] GC(93) Concurrent Abortable Preclean 0.028ms
[345.418s][info][gc,cpu         ] GC(93) User=0.00s Sys=0.00s Real=0.00s
[345.418s][info][gc,start       ] GC(93) Pause Remark
[345.429s][info][gc             ] GC(93) Pause Remark 57M->57M(61M) 11.237ms
[345.429s][info][gc,cpu         ] GC(93) User=0.02s Sys=0.00s Real=0.01s
[345.429s][info][gc             ] GC(93) Concurrent Sweep
[345.446s][info][gc             ] GC(93) Concurrent Sweep 17.108ms
[345.446s][info][gc,cpu         ] GC(93) User=0.02s Sys=0.00s Real=0.02s
[345.446s][info][gc             ] GC(93) Concurrent Reset
[345.446s][info][gc             ] GC(93) Concurrent Reset 0.047ms
[345.447s][info][gc,cpu         ] GC(93) User=0.00s Sys=0.00s Real=0.00s
[345.447s][info][gc,heap        ] GC(93) Old: 40771K->40404K(43712K)
[347.447s][info][gc,start       ] GC(94) Pause Initial Mark
[347.466s][info][gc             ] GC(94) Pause Initial Mark 57M->57M(61M) 19.018ms
[347.466s][info][gc,cpu         ] GC(94) User=0.03s Sys=0.00s Real=0.02s
[347.466s][info][gc             ] GC(94) Concurrent Mark
[347.521s][info][gc             ] GC(94) Concurrent Mark 54.846ms
[347.521s][info][gc,cpu         ] GC(94) User=0.06s Sys=0.00s Real=0.06s
[347.521s][info][gc             ] GC(94) Concurrent Preclean
[347.521s][info][gc             ] GC(94) Concurrent Preclean 0.131ms
[347.521s][info][gc,cpu         ] GC(94) User=0.00s Sys=0.00s Real=0.00s
[347.521s][info][gc             ] GC(94) Concurrent Abortable Preclean
[347.521s][info][gc             ] GC(94) Concurrent Abortable Preclean 0.018ms
[347.521s][info][gc,cpu         ] GC(94) User=0.00s Sys=0.00s Real=0.00s
[347.521s][info][gc,start       ] GC(94) Pause Remark
[347.534s][info][gc             ] GC(94) Pause Remark 57M->57M(61M) 12.345ms
[347.534s][info][gc,cpu         ] GC(94) User=0.02s Sys=0.00s Real=0.01s
[347.534s][info][gc             ] GC(94) Concurrent Sweep
[347.551s][info][gc             ] GC(94) Concurrent Sweep 17.184ms
[347.551s][info][gc,cpu         ] GC(94) User=0.02s Sys=0.00s Real=0.02s
[347.551s][info][gc             ] GC(94) Concurrent Reset
[347.551s][info][gc             ] GC(94) Concurrent Reset 0.059ms
[347.551s][info][gc,cpu         ] GC(94) User=0.00s Sys=0.00s Real=0.00s
[347.551s][info][gc,heap        ] GC(94) Old: 40404K->40036K(43712K)
[349.317s][info][gc,start       ] GC(95) Pause Young (Allocation Failure)
[349.317s][info][gc,task        ] GC(95) Using 4 workers of 4 for evacuation
[349.317s][info][gc,start       ] GC(96) Pause Full (Allocation Failure)
[349.318s][info][gc,phases,start] GC(96) Phase 1: Mark live objects
[349.387s][info][gc,phases      ] GC(96) Phase 1: Mark live objects 68.889ms
[349.387s][info][gc,phases,start] GC(96) Phase 2: Compute new object addresses
[349.422s][info][gc,phases      ] GC(96) Phase 2: Compute new object addresses 35.350ms
[349.422s][info][gc,phases,start] GC(96) Phase 3: Adjust pointers
[349.456s][info][gc,phases      ] GC(96) Phase 3: Adjust pointers 34.336ms
[349.456s][info][gc,phases,start] GC(96) Phase 4: Move objects
[349.477s][info][gc,phases      ] GC(96) Phase 4: Move objects 20.335ms
[349.477s][info][gc             ] GC(96) Pause Full (Allocation Failure) 58M->53M(61M) 159.644ms
[349.477s][info][gc,heap        ] GC(95) ParNew: 19647K->10981K(19648K)
[349.477s][info][gc,heap        ] GC(95) CMS: 40036K->43711K(43712K)
[349.477s][info][gc,metaspace   ] GC(95) Metaspace: 8339K->8335K(1056768K)
[349.477s][info][gc             ] GC(95) Pause Young (Allocation Failure) 58M->53M(61M) 159.941ms
[349.477s][info][gc,cpu         ] GC(95) User=0.16s Sys=0.00s Real=0.16s
[349.477s][info][gc,start       ] GC(97) Pause Initial Mark
[349.486s][info][gc             ] GC(97) Pause Initial Mark 53M->53M(61M) 8.815ms
[349.486s][info][gc,cpu         ] GC(97) User=0.02s Sys=0.00s Real=0.01s
[349.486s][info][gc             ] GC(97) Concurrent Mark
[349.537s][info][gc             ] GC(97) Concurrent Mark 50.801ms
[349.537s][info][gc,cpu         ] GC(97) User=0.05s Sys=0.00s Real=0.05s
[349.537s][info][gc             ] GC(97) Concurrent Preclean
[349.586s][info][gc             ] GC(97) Concurrent Preclean 49.238ms
[349.586s][info][gc,cpu         ] GC(97) User=0.05s Sys=0.00s Real=0.05s
[349.586s][info][gc             ] GC(97) Concurrent Abortable Preclean
[349.586s][info][gc             ] GC(97) Concurrent Abortable Preclean 0.015ms
[349.586s][info][gc,cpu         ] GC(97) User=0.00s Sys=0.00s Real=0.00s
[349.587s][info][gc,start       ] GC(97) Pause Remark
[349.599s][info][gc             ] GC(97) Pause Remark 53M->53M(61M) 12.910ms
[349.600s][info][gc,cpu         ] GC(97) User=0.03s Sys=0.00s Real=0.01s
[349.600s][info][gc             ] GC(97) Concurrent Sweep
[349.617s][info][gc             ] GC(97) Concurrent Sweep 17.652ms
[349.617s][info][gc,cpu         ] GC(97) User=0.02s Sys=0.00s Real=0.02s
[349.617s][info][gc             ] GC(97) Concurrent Reset
[349.617s][info][gc             ] GC(97) Concurrent Reset 0.044ms
[349.617s][info][gc,cpu         ] GC(97) User=0.00s Sys=0.00s Real=0.00s
[349.617s][info][gc,heap        ] GC(97) Old: 43711K->43700K(43712K)
[351.617s][info][gc,start       ] GC(98) Pause Initial Mark
[351.636s][info][gc             ] GC(98) Pause Initial Mark 54M->54M(61M) 18.285ms
[351.636s][info][gc,cpu         ] GC(98) User=0.02s Sys=0.00s Real=0.02s
[351.636s][info][gc             ] GC(98) Concurrent Mark
[351.689s][info][gc             ] GC(98) Concurrent Mark 53.062ms
[351.689s][info][gc,cpu         ] GC(98) User=0.06s Sys=0.00s Real=0.05s
[351.689s][info][gc             ] GC(98) Concurrent Preclean
[351.689s][info][gc             ] GC(98) Concurrent Preclean 0.133ms
[351.689s][info][gc,cpu         ] GC(98) User=0.00s Sys=0.00s Real=0.00s
[351.689s][info][gc             ] GC(98) Concurrent Abortable Preclean
[351.689s][info][gc             ] GC(98) Concurrent Abortable Preclean 0.017ms
[351.689s][info][gc,cpu         ] GC(98) User=0.00s Sys=0.00s Real=0.00s
[351.689s][info][gc,start       ] GC(98) Pause Remark
[351.701s][info][gc             ] GC(98) Pause Remark 54M->54M(61M) 12.164ms
[351.702s][info][gc,cpu         ] GC(98) User=0.03s Sys=0.00s Real=0.01s
[351.702s][info][gc             ] GC(98) Concurrent Sweep
[351.719s][info][gc             ] GC(98) Concurrent Sweep 17.471ms
[351.719s][info][gc,cpu         ] GC(98) User=0.02s Sys=0.00s Real=0.02s
[351.719s][info][gc             ] GC(98) Concurrent Reset
[351.719s][info][gc             ] GC(98) Concurrent Reset 0.043ms
[351.719s][info][gc,cpu         ] GC(98) User=0.00s Sys=0.00s Real=0.00s
[351.719s][info][gc,heap        ] GC(98) Old: 43700K->43332K(43712K)
[353.720s][info][gc,start       ] GC(99) Pause Initial Mark
[353.751s][info][gc             ] GC(99) Pause Initial Mark 55M->55M(61M) 31.581ms
[353.751s][info][gc,cpu         ] GC(99) User=0.03s Sys=0.00s Real=0.03s
[353.751s][info][gc             ] GC(99) Concurrent Mark
[353.808s][info][gc             ] GC(99) Concurrent Mark 56.508ms
[353.808s][info][gc,cpu         ] GC(99) User=0.06s Sys=0.00s Real=0.06s
[353.808s][info][gc             ] GC(99) Concurrent Preclean
[353.808s][info][gc             ] GC(99) Concurrent Preclean 0.120ms
[353.808s][info][gc,cpu         ] GC(99) User=0.00s Sys=0.00s Real=0.00s
[353.808s][info][gc             ] GC(99) Concurrent Abortable Preclean
[353.808s][info][gc             ] GC(99) Concurrent Abortable Preclean 0.015ms
[353.808s][info][gc,cpu         ] GC(99) User=0.00s Sys=0.00s Real=0.00s
[353.808s][info][gc,start       ] GC(99) Pause Remark
[353.822s][info][gc             ] GC(99) Pause Remark 55M->55M(61M) 13.955ms
[353.822s][info][gc,cpu         ] GC(99) User=0.02s Sys=0.00s Real=0.01s
[353.822s][info][gc             ] GC(99) Concurrent Sweep
[353.840s][info][gc             ] GC(99) Concurrent Sweep 18.127ms
[353.841s][info][gc,cpu         ] GC(99) User=0.02s Sys=0.00s Real=0.02s
[353.841s][info][gc             ] GC(99) Concurrent Reset
[353.841s][info][gc             ] GC(99) Concurrent Reset 0.056ms
[353.841s][info][gc,cpu         ] GC(99) User=0.00s Sys=0.00s Real=0.00s
[353.841s][info][gc,heap        ] GC(99) Old: 43332K->42965K(43712K)
[355.841s][info][gc,start       ] GC(100) Pause Initial Mark
[355.851s][info][gc             ] GC(100) Pause Initial Mark 56M->56M(61M) 9.978ms
[355.851s][info][gc,cpu         ] GC(100) User=0.02s Sys=0.00s Real=0.01s
[355.851s][info][gc             ] GC(100) Concurrent Mark
[355.899s][info][gc             ] GC(100) Concurrent Mark 47.954ms
[355.899s][info][gc,cpu         ] GC(100) User=0.05s Sys=0.00s Real=0.05s
[355.899s][info][gc             ] GC(100) Concurrent Preclean
[355.899s][info][gc             ] GC(100) Concurrent Preclean 0.130ms
[355.899s][info][gc,cpu         ] GC(100) User=0.00s Sys=0.00s Real=0.00s
[355.899s][info][gc             ] GC(100) Concurrent Abortable Preclean
[355.899s][info][gc             ] GC(100) Concurrent Abortable Preclean 0.022ms
[355.899s][info][gc,cpu         ] GC(100) User=0.00s Sys=0.00s Real=0.00s
[355.899s][info][gc,start       ] GC(100) Pause Remark
[355.913s][info][gc             ] GC(100) Pause Remark 56M->56M(61M) 13.506ms
[355.913s][info][gc,cpu         ] GC(100) User=0.02s Sys=0.00s Real=0.01s
[355.913s][info][gc             ] GC(100) Concurrent Sweep
[355.931s][info][gc             ] GC(100) Concurrent Sweep 18.418ms
[355.931s][info][gc,cpu         ] GC(100) User=0.02s Sys=0.00s Real=0.02s
[355.931s][info][gc             ] GC(100) Concurrent Reset
[355.931s][info][gc             ] GC(100) Concurrent Reset 0.042ms
[355.931s][info][gc,cpu         ] GC(100) User=0.00s Sys=0.00s Real=0.00s
[355.931s][info][gc,heap        ] GC(100) Old: 42965K->42597K(43712K)
[357.932s][info][gc,start       ] GC(101) Pause Initial Mark
[357.950s][info][gc             ] GC(101) Pause Initial Mark 56M->56M(61M) 18.140ms
[357.950s][info][gc,cpu         ] GC(101) User=0.03s Sys=0.00s Real=0.02s
[357.950s][info][gc             ] GC(101) Concurrent Mark
[358.000s][info][gc             ] GC(101) Concurrent Mark 49.903ms
[358.000s][info][gc,cpu         ] GC(101) User=0.05s Sys=0.03s Real=0.05s
[358.000s][info][gc             ] GC(101) Concurrent Preclean
[358.000s][info][gc             ] GC(101) Concurrent Preclean 0.124ms
[358.000s][info][gc,cpu         ] GC(101) User=0.00s Sys=0.00s Real=0.00s
[358.000s][info][gc             ] GC(101) Concurrent Abortable Preclean
[358.000s][info][gc             ] GC(101) Concurrent Abortable Preclean 0.017ms
[358.000s][info][gc,cpu         ] GC(101) User=0.00s Sys=0.00s Real=0.00s
[358.001s][info][gc,start       ] GC(101) Pause Remark
[358.022s][info][gc             ] GC(101) Pause Remark 56M->56M(61M) 21.930ms
[358.023s][info][gc,cpu         ] GC(101) User=0.03s Sys=0.00s Real=0.02s
[358.023s][info][gc             ] GC(101) Concurrent Sweep
[358.040s][info][gc             ] GC(101) Concurrent Sweep 17.555ms
[358.040s][info][gc,cpu         ] GC(101) User=0.02s Sys=0.00s Real=0.02s
[358.040s][info][gc             ] GC(101) Concurrent Reset
[358.040s][info][gc             ] GC(101) Concurrent Reset 0.042ms
[358.040s][info][gc,cpu         ] GC(101) User=0.00s Sys=0.00s Real=0.00s
[358.040s][info][gc,heap        ] GC(101) Old: 42597K->42230K(43712K)
[360.040s][info][gc,start       ] GC(102) Pause Initial Mark
[360.057s][info][gc             ] GC(102) Pause Initial Mark 57M->57M(61M) 16.705ms
[360.057s][info][gc,cpu         ] GC(102) User=0.03s Sys=0.00s Real=0.02s
[360.057s][info][gc             ] GC(102) Concurrent Mark
[360.109s][info][gc             ] GC(102) Concurrent Mark 52.150ms
[360.109s][info][gc,cpu         ] GC(102) User=0.05s Sys=0.00s Real=0.05s
[360.109s][info][gc             ] GC(102) Concurrent Preclean
[360.109s][info][gc             ] GC(102) Concurrent Preclean 0.129ms
[360.109s][info][gc,cpu         ] GC(102) User=0.00s Sys=0.00s Real=0.00s
[360.109s][info][gc             ] GC(102) Concurrent Abortable Preclean
[360.109s][info][gc             ] GC(102) Concurrent Abortable Preclean 0.016ms
[360.109s][info][gc,cpu         ] GC(102) User=0.00s Sys=0.00s Real=0.00s
[360.109s][info][gc,start       ] GC(102) Pause Remark
[360.122s][info][gc             ] GC(102) Pause Remark 57M->57M(61M) 12.358ms
[360.122s][info][gc,cpu         ] GC(102) User=0.00s Sys=0.00s Real=0.01s
[360.122s][info][gc             ] GC(102) Concurrent Sweep
[360.140s][info][gc             ] GC(102) Concurrent Sweep 18.529ms
[360.140s][info][gc,cpu         ] GC(102) User=0.03s Sys=0.00s Real=0.02s
[360.140s][info][gc             ] GC(102) Concurrent Reset
[360.140s][info][gc             ] GC(102) Concurrent Reset 0.042ms
[360.140s][info][gc,cpu         ] GC(102) User=0.00s Sys=0.00s Real=0.00s
[360.140s][info][gc,heap        ] GC(102) Old: 42230K->41862K(43712K)
[362.140s][info][gc,start       ] GC(103) Pause Initial Mark
[362.166s][info][gc             ] GC(103) Pause Initial Mark 58M->58M(61M) 26.184ms
[362.166s][info][gc,cpu         ] GC(103) User=0.02s Sys=0.00s Real=0.03s
[362.166s][info][gc             ] GC(103) Concurrent Mark
[362.221s][info][gc             ] GC(103) Concurrent Mark 54.083ms
[362.221s][info][gc,cpu         ] GC(103) User=0.08s Sys=0.00s Real=0.05s
[362.221s][info][gc             ] GC(103) Concurrent Preclean
[362.221s][info][gc             ] GC(103) Concurrent Preclean 0.132ms
[362.221s][info][gc,cpu         ] GC(103) User=0.00s Sys=0.00s Real=0.00s
[362.221s][info][gc             ] GC(103) Concurrent Abortable Preclean
[362.221s][info][gc             ] GC(103) Concurrent Abortable Preclean 0.027ms
[362.221s][info][gc,cpu         ] GC(103) User=0.00s Sys=0.00s Real=0.00s
[362.221s][info][gc,start       ] GC(103) Pause Remark
[362.233s][info][gc             ] GC(103) Pause Remark 58M->58M(61M) 12.213ms
[362.233s][info][gc,cpu         ] GC(103) User=0.03s Sys=0.00s Real=0.01s
[362.233s][info][gc             ] GC(103) Concurrent Sweep
[362.250s][info][gc             ] GC(103) Concurrent Sweep 17.154ms
[362.250s][info][gc,cpu         ] GC(103) User=0.02s Sys=0.00s Real=0.02s
[362.251s][info][gc             ] GC(103) Concurrent Reset
[362.251s][info][gc             ] GC(103) Concurrent Reset 0.042ms
[362.251s][info][gc,cpu         ] GC(103) User=0.00s Sys=0.00s Real=0.00s
[362.251s][info][gc,heap        ] GC(103) Old: 41862K->41483K(43712K)
[364.250s][info][gc,start       ] GC(104) Pause Initial Mark
[364.274s][info][gc             ] GC(104) Pause Initial Mark 59M->59M(61M) 24.290ms
[364.275s][info][gc,cpu         ] GC(104) User=0.05s Sys=0.00s Real=0.02s
[364.275s][info][gc             ] GC(104) Concurrent Mark
[364.325s][info][gc             ] GC(104) Concurrent Mark 50.637ms
[364.325s][info][gc,cpu         ] GC(104) User=0.05s Sys=0.00s Real=0.05s
[364.325s][info][gc             ] GC(104) Concurrent Preclean
[364.325s][info][gc             ] GC(104) Concurrent Preclean 0.130ms
[364.325s][info][gc,cpu         ] GC(104) User=0.00s Sys=0.00s Real=0.00s
[364.325s][info][gc             ] GC(104) Concurrent Abortable Preclean
[364.325s][info][gc             ] GC(104) Concurrent Abortable Preclean 0.016ms
[364.326s][info][gc,cpu         ] GC(104) User=0.00s Sys=0.00s Real=0.00s
[364.326s][info][gc,start       ] GC(104) Pause Remark
[364.340s][info][gc             ] GC(104) Pause Remark 59M->59M(61M) 14.799ms
[364.340s][info][gc,cpu         ] GC(104) User=0.03s Sys=0.00s Real=0.02s
[364.341s][info][gc             ] GC(104) Concurrent Sweep
[364.357s][info][gc             ] GC(104) Concurrent Sweep 16.967ms
[364.358s][info][gc,cpu         ] GC(104) User=0.02s Sys=0.00s Real=0.02s
[364.358s][info][gc             ] GC(104) Concurrent Reset
[364.358s][info][gc             ] GC(104) Concurrent Reset 0.043ms
[364.358s][info][gc,cpu         ] GC(104) User=0.00s Sys=0.00s Real=0.00s
[364.358s][info][gc,heap        ] GC(104) Old: 41483K->41116K(43712K)
[365.541s][info][gc,start       ] GC(105) Pause Young (Allocation Failure)
[365.542s][info][gc,task        ] GC(105) Using 4 workers of 4 for evacuation
[365.542s][info][gc,start       ] GC(106) Pause Full (Allocation Failure)
[365.542s][info][gc,phases,start] GC(106) Phase 1: Mark live objects
[365.606s][info][gc,phases      ] GC(106) Phase 1: Mark live objects 64.473ms
[365.607s][info][gc,phases,start] GC(106) Phase 2: Compute new object addresses
[365.645s][info][gc,phases      ] GC(106) Phase 2: Compute new object addresses 38.415ms
[365.645s][info][gc,phases,start] GC(106) Phase 3: Adjust pointers
[365.680s][info][gc,phases      ] GC(106) Phase 3: Adjust pointers 35.356ms
[365.680s][info][gc,phases,start] GC(106) Phase 4: Move objects
[365.702s][info][gc,phases      ] GC(106) Phase 4: Move objects 21.057ms
[365.702s][info][gc             ] GC(106) Pause Full (Allocation Failure) 59M->55M(61M) 160.162ms
[365.702s][info][gc,heap        ] GC(105) ParNew: 19647K->13435K(19648K)
[365.702s][info][gc,heap        ] GC(105) CMS: 41116K->43712K(43712K)
[365.702s][info][gc,metaspace   ] GC(105) Metaspace: 8337K->8337K(1056768K)
[365.702s][info][gc             ] GC(105) Pause Young (Allocation Failure) 59M->55M(61M) 160.382ms
[365.702s][info][gc,cpu         ] GC(105) User=0.16s Sys=0.00s Real=0.16s
[365.702s][info][gc,start       ] GC(107) Pause Initial Mark
[365.713s][info][gc             ] GC(107) Pause Initial Mark 56M->56M(61M) 10.836ms
[365.713s][info][gc,cpu         ] GC(107) User=0.02s Sys=0.00s Real=0.01s
[365.713s][info][gc             ] GC(107) Concurrent Mark
[365.762s][info][gc             ] GC(107) Concurrent Mark 48.738ms
[365.762s][info][gc,cpu         ] GC(107) User=0.05s Sys=0.00s Real=0.05s
[365.762s][info][gc             ] GC(107) Concurrent Preclean
[365.809s][info][gc             ] GC(107) Concurrent Preclean 47.270ms
[365.809s][info][gc,cpu         ] GC(107) User=0.05s Sys=0.00s Real=0.05s
[365.809s][info][gc             ] GC(107) Concurrent Abortable Preclean
[365.809s][info][gc             ] GC(107) Concurrent Abortable Preclean 0.015ms
[365.809s][info][gc,cpu         ] GC(107) User=0.00s Sys=0.00s Real=0.00s
[365.809s][info][gc,start       ] GC(107) Pause Remark
[365.825s][info][gc             ] GC(107) Pause Remark 56M->56M(61M) 16.006ms
[365.825s][info][gc,cpu         ] GC(107) User=0.03s Sys=0.00s Real=0.02s
[365.825s][info][gc             ] GC(107) Concurrent Sweep
[365.843s][info][gc             ] GC(107) Concurrent Sweep 17.824ms
[365.843s][info][gc,cpu         ] GC(107) User=0.02s Sys=0.00s Real=0.02s
[365.843s][info][gc             ] GC(107) Concurrent Reset
[365.843s][info][gc             ] GC(107) Concurrent Reset 0.042ms
[365.843s][info][gc,cpu         ] GC(107) User=0.00s Sys=0.00s Real=0.00s
[365.843s][info][gc,heap        ] GC(107) Old: 43712K->43700K(43712K)
[367.843s][info][gc,start       ] GC(108) Pause Initial Mark
[367.873s][info][gc             ] GC(108) Pause Initial Mark 57M->57M(61M) 29.940ms
[367.873s][info][gc,cpu         ] GC(108) User=0.05s Sys=0.00s Real=0.03s
[367.873s][info][gc             ] GC(108) Concurrent Mark
[367.938s][info][gc             ] GC(108) Concurrent Mark 64.253ms
[367.938s][info][gc,cpu         ] GC(108) User=0.06s Sys=0.00s Real=0.06s
[367.938s][info][gc             ] GC(108) Concurrent Preclean
[367.938s][info][gc             ] GC(108) Concurrent Preclean 0.138ms
[367.938s][info][gc,cpu         ] GC(108) User=0.00s Sys=0.00s Real=0.00s
[367.938s][info][gc             ] GC(108) Concurrent Abortable Preclean
[367.938s][info][gc             ] GC(108) Concurrent Abortable Preclean 0.017ms
[367.938s][info][gc,cpu         ] GC(108) User=0.00s Sys=0.00s Real=0.00s
[367.938s][info][gc,start       ] GC(108) Pause Remark
[367.953s][info][gc             ] GC(108) Pause Remark 57M->57M(61M) 14.832ms
[367.953s][info][gc,cpu         ] GC(108) User=0.02s Sys=0.00s Real=0.02s
[367.953s][info][gc             ] GC(108) Concurrent Sweep
[367.970s][info][gc             ] GC(108) Concurrent Sweep 17.471ms
[367.971s][info][gc,cpu         ] GC(108) User=0.03s Sys=0.00s Real=0.02s
[367.971s][info][gc             ] GC(108) Concurrent Reset
[367.971s][info][gc             ] GC(108) Concurrent Reset 0.042ms
[367.971s][info][gc,cpu         ] GC(108) User=0.00s Sys=0.00s Real=0.00s
[367.971s][info][gc,heap        ] GC(108) Old: 43700K->43321K(43712K)
[369.970s][info][gc,start       ] GC(109) Pause Initial Mark
[369.983s][info][gc             ] GC(109) Pause Initial Mark 57M->57M(61M) 12.262ms
[369.983s][info][gc,cpu         ] GC(109) User=0.02s Sys=0.00s Real=0.01s
[369.983s][info][gc             ] GC(109) Concurrent Mark
[370.037s][info][gc             ] GC(109) Concurrent Mark 54.496ms
[370.037s][info][gc,cpu         ] GC(109) User=0.05s Sys=0.00s Real=0.05s
[370.037s][info][gc             ] GC(109) Concurrent Preclean
[370.037s][info][gc             ] GC(109) Concurrent Preclean 0.234ms
[370.037s][info][gc,cpu         ] GC(109) User=0.00s Sys=0.00s Real=0.00s
[370.038s][info][gc             ] GC(109) Concurrent Abortable Preclean
[370.038s][info][gc             ] GC(109) Concurrent Abortable Preclean 0.028ms
[370.038s][info][gc,cpu         ] GC(109) User=0.00s Sys=0.00s Real=0.00s
[370.038s][info][gc,start       ] GC(109) Pause Remark
[370.052s][info][gc             ] GC(109) Pause Remark 57M->57M(61M) 14.174ms
[370.052s][info][gc,cpu         ] GC(109) User=0.03s Sys=0.00s Real=0.01s
[370.052s][info][gc             ] GC(109) Concurrent Sweep
[370.070s][info][gc             ] GC(109) Concurrent Sweep 18.007ms
[370.070s][info][gc,cpu         ] GC(109) User=0.02s Sys=0.00s Real=0.02s
[370.070s][info][gc             ] GC(109) Concurrent Reset
[370.070s][info][gc             ] GC(109) Concurrent Reset 0.057ms
[370.070s][info][gc,cpu         ] GC(109) User=0.00s Sys=0.00s Real=0.00s
[370.070s][info][gc,heap        ] GC(109) Old: 43321K->42954K(43712K)
[372.069s][info][gc,start       ] GC(110) Pause Initial Mark
[372.094s][info][gc             ] GC(110) Pause Initial Mark 58M->58M(61M) 24.978ms
[372.094s][info][gc,cpu         ] GC(110) User=0.05s Sys=0.00s Real=0.03s
[372.095s][info][gc             ] GC(110) Concurrent Mark
[372.151s][info][gc             ] GC(110) Concurrent Mark 56.520ms
[372.151s][info][gc,cpu         ] GC(110) User=0.06s Sys=0.00s Real=0.06s
[372.151s][info][gc             ] GC(110) Concurrent Preclean
[372.151s][info][gc             ] GC(110) Concurrent Preclean 0.115ms
[372.151s][info][gc,cpu         ] GC(110) User=0.00s Sys=0.00s Real=0.00s
[372.151s][info][gc             ] GC(110) Concurrent Abortable Preclean
[372.151s][info][gc             ] GC(110) Concurrent Abortable Preclean 0.017ms
[372.151s][info][gc,cpu         ] GC(110) User=0.00s Sys=0.00s Real=0.00s
[372.151s][info][gc,start       ] GC(110) Pause Remark
[372.165s][info][gc             ] GC(110) Pause Remark 58M->58M(61M) 14.060ms
[372.166s][info][gc,cpu         ] GC(110) User=0.00s Sys=0.00s Real=0.01s
[372.166s][info][gc             ] GC(110) Concurrent Sweep
[372.183s][info][gc             ] GC(110) Concurrent Sweep 17.658ms
[372.183s][info][gc,cpu         ] GC(110) User=0.03s Sys=0.00s Real=0.02s
[372.183s][info][gc             ] GC(110) Concurrent Reset
[372.183s][info][gc             ] GC(110) Concurrent Reset 0.042ms
[372.183s][info][gc,cpu         ] GC(110) User=0.00s Sys=0.00s Real=0.00s
[372.183s][info][gc,heap        ] GC(110) Old: 42954K->42586K(43712K)
[374.183s][info][gc,start       ] GC(111) Pause Initial Mark
[374.197s][info][gc             ] GC(111) Pause Initial Mark 59M->59M(61M) 13.425ms
[374.197s][info][gc,cpu         ] GC(111) User=0.02s Sys=0.00s Real=0.01s
[374.197s][info][gc             ] GC(111) Concurrent Mark
[374.250s][info][gc             ] GC(111) Concurrent Mark 53.436ms
[374.251s][info][gc,cpu         ] GC(111) User=0.05s Sys=0.00s Real=0.05s
[374.251s][info][gc             ] GC(111) Concurrent Preclean
[374.251s][info][gc             ] GC(111) Concurrent Preclean 0.148ms
[374.251s][info][gc,cpu         ] GC(111) User=0.00s Sys=0.00s Real=0.00s
[374.251s][info][gc             ] GC(111) Concurrent Abortable Preclean
[374.251s][info][gc             ] GC(111) Concurrent Abortable Preclean 0.027ms
[374.251s][info][gc,cpu         ] GC(111) User=0.00s Sys=0.00s Real=0.00s
[374.251s][info][gc,start       ] GC(111) Pause Remark
[374.270s][info][gc             ] GC(111) Pause Remark 59M->59M(61M) 19.078ms
[374.270s][info][gc,cpu         ] GC(111) User=0.03s Sys=0.00s Real=0.02s
[374.270s][info][gc             ] GC(111) Concurrent Sweep
[374.289s][info][gc             ] GC(111) Concurrent Sweep 18.549ms
[374.289s][info][gc,cpu         ] GC(111) User=0.03s Sys=0.00s Real=0.02s
[374.289s][info][gc             ] GC(111) Concurrent Reset
[374.289s][info][gc             ] GC(111) Concurrent Reset 0.056ms
[374.289s][info][gc,cpu         ] GC(111) User=0.00s Sys=0.00s Real=0.00s
[374.289s][info][gc,heap        ] GC(111) Old: 42586K->42230K(43712K)
[376.289s][info][gc,start       ] GC(112) Pause Initial Mark
[376.318s][info][gc             ] GC(112) Pause Initial Mark 59M->59M(61M) 29.484ms
[376.318s][info][gc,cpu         ] GC(112) User=0.03s Sys=0.00s Real=0.03s
[376.318s][info][gc             ] GC(112) Concurrent Mark
[376.371s][info][gc             ] GC(112) Concurrent Mark 52.352ms
[376.371s][info][gc,cpu         ] GC(112) User=0.05s Sys=0.00s Real=0.05s
[376.371s][info][gc             ] GC(112) Concurrent Preclean
[376.371s][info][gc             ] GC(112) Concurrent Preclean 0.115ms
[376.371s][info][gc,cpu         ] GC(112) User=0.00s Sys=0.00s Real=0.00s
[376.371s][info][gc             ] GC(112) Concurrent Abortable Preclean
[376.371s][info][gc             ] GC(112) Concurrent Abortable Preclean 0.017ms
[376.371s][info][gc,cpu         ] GC(112) User=0.00s Sys=0.00s Real=0.00s
[376.371s][info][gc,start       ] GC(112) Pause Remark
[376.388s][info][gc             ] GC(112) Pause Remark 60M->60M(61M) 16.687ms
[376.388s][info][gc,cpu         ] GC(112) User=0.03s Sys=0.00s Real=0.02s
[376.388s][info][gc             ] GC(112) Concurrent Sweep
[376.405s][info][gc             ] GC(112) Concurrent Sweep 17.203ms
[376.405s][info][gc,cpu         ] GC(112) User=0.02s Sys=0.00s Real=0.02s
[376.405s][info][gc             ] GC(112) Concurrent Reset
[376.405s][info][gc             ] GC(112) Concurrent Reset 0.057ms
[376.405s][info][gc,cpu         ] GC(112) User=0.00s Sys=0.00s Real=0.00s
[376.405s][info][gc,heap        ] GC(112) Old: 42230K->41851K(43712K)
[377.186s][info][gc,start       ] GC(113) Pause Young (Allocation Failure)
[377.186s][info][gc,task        ] GC(113) Using 4 workers of 4 for evacuation
[377.186s][info][gc,start       ] GC(114) Pause Full (Allocation Failure)
[377.186s][info][gc,phases,start] GC(114) Phase 1: Mark live objects
[377.243s][info][gc,phases      ] GC(114) Phase 1: Mark live objects 56.541ms
[377.243s][info][gc,phases,start] GC(114) Phase 2: Compute new object addresses
[377.281s][info][gc,phases      ] GC(114) Phase 2: Compute new object addresses 38.194ms
[377.281s][info][gc,phases,start] GC(114) Phase 3: Adjust pointers
[377.317s][info][gc,phases      ] GC(114) Phase 3: Adjust pointers 36.030ms
[377.317s][info][gc,phases,start] GC(114) Phase 4: Move objects
[377.339s][info][gc,phases      ] GC(114) Phase 4: Move objects 22.188ms
[377.339s][info][gc             ] GC(114) Pause Full (Allocation Failure) 60M->57M(61M) 153.634ms
[377.340s][info][gc,heap        ] GC(113) ParNew: 19647K->15160K(19648K)
[377.340s][info][gc,heap        ] GC(113) CMS: 41851K->43711K(43712K)
[377.340s][info][gc,metaspace   ] GC(113) Metaspace: 8337K->8265K(1056768K)
[377.340s][info][gc             ] GC(113) Pause Young (Allocation Failure) 60M->57M(61M) 153.970ms
[377.340s][info][gc,cpu         ] GC(113) User=0.14s Sys=0.02s Real=0.15s
[377.340s][info][gc,start       ] GC(115) Pause Initial Mark
[377.352s][info][gc             ] GC(115) Pause Initial Mark 57M->57M(61M) 11.911ms
[377.352s][info][gc,cpu         ] GC(115) User=0.02s Sys=0.00s Real=0.01s
[377.352s][info][gc             ] GC(115) Concurrent Mark
[377.403s][info][gc             ] GC(115) Concurrent Mark 50.676ms
[377.403s][info][gc,cpu         ] GC(115) User=0.05s Sys=0.00s Real=0.05s
[377.403s][info][gc             ] GC(115) Concurrent Preclean
[377.450s][info][gc             ] GC(115) Concurrent Preclean 47.592ms
[377.450s][info][gc,cpu         ] GC(115) User=0.05s Sys=0.00s Real=0.05s
[377.450s][info][gc             ] GC(115) Concurrent Abortable Preclean
[377.450s][info][gc             ] GC(115) Concurrent Abortable Preclean 0.014ms
[377.450s][info][gc,cpu         ] GC(115) User=0.00s Sys=0.00s Real=0.00s
[377.450s][info][gc,start       ] GC(115) Pause Remark
[377.469s][info][gc             ] GC(115) Pause Remark 57M->57M(61M) 18.715ms
[377.469s][info][gc,cpu         ] GC(115) User=0.03s Sys=0.00s Real=0.02s
[377.469s][info][gc             ] GC(115) Concurrent Sweep
[377.488s][info][gc             ] GC(115) Concurrent Sweep 18.266ms
[377.488s][info][gc,cpu         ] GC(115) User=0.05s Sys=0.00s Real=0.02s
[377.488s][info][gc             ] GC(115) Concurrent Reset
[377.488s][info][gc             ] GC(115) Concurrent Reset 0.060ms
[377.488s][info][gc,cpu         ] GC(115) User=0.00s Sys=0.00s Real=0.00s
[377.488s][info][gc,heap        ] GC(115) Old: 43711K->43700K(43712K)
[379.488s][info][gc,start       ] GC(116) Pause Initial Mark
[379.522s][info][gc             ] GC(116) Pause Initial Mark 59M->59M(61M) 34.545ms
[379.523s][info][gc,cpu         ] GC(116) User=0.03s Sys=0.00s Real=0.03s
[379.523s][info][gc             ] GC(116) Concurrent Mark
[379.582s][info][gc             ] GC(116) Concurrent Mark 59.230ms
[379.582s][info][gc,cpu         ] GC(116) User=0.06s Sys=0.00s Real=0.06s
[379.582s][info][gc             ] GC(116) Concurrent Preclean
[379.582s][info][gc             ] GC(116) Concurrent Preclean 0.166ms
[379.582s][info][gc,cpu         ] GC(116) User=0.00s Sys=0.00s Real=0.00s
[379.582s][info][gc             ] GC(116) Concurrent Abortable Preclean
[379.582s][info][gc             ] GC(116) Concurrent Abortable Preclean 0.017ms
[379.582s][info][gc,cpu         ] GC(116) User=0.00s Sys=0.00s Real=0.00s
[379.582s][info][gc,start       ] GC(116) Pause Remark
[379.598s][info][gc             ] GC(116) Pause Remark 59M->59M(61M) 15.599ms
[379.598s][info][gc,cpu         ] GC(116) User=0.03s Sys=0.00s Real=0.02s
[379.598s][info][gc             ] GC(116) Concurrent Sweep
[379.616s][info][gc             ] GC(116) Concurrent Sweep 17.784ms
[379.616s][info][gc,cpu         ] GC(116) User=0.02s Sys=0.00s Real=0.02s
[379.616s][info][gc             ] GC(116) Concurrent Reset
[379.616s][info][gc             ] GC(116) Concurrent Reset 0.043ms
[379.616s][info][gc,cpu         ] GC(116) User=0.00s Sys=0.00s Real=0.00s
[379.616s][info][gc,heap        ] GC(116) Old: 43700K->43317K(43712K)
[381.616s][info][gc,start       ] GC(117) Pause Initial Mark
[381.649s][info][gc             ] GC(117) Pause Initial Mark 59M->59M(61M) 33.638ms
[381.650s][info][gc,cpu         ] GC(117) User=0.05s Sys=0.00s Real=0.03s
[381.650s][info][gc             ] GC(117) Concurrent Mark
[381.701s][info][gc             ] GC(117) Concurrent Mark 51.684ms
[381.701s][info][gc,cpu         ] GC(117) User=0.08s Sys=0.00s Real=0.05s
[381.701s][info][gc             ] GC(117) Concurrent Preclean
[381.702s][info][gc             ] GC(117) Concurrent Preclean 0.129ms
[381.702s][info][gc,cpu         ] GC(117) User=0.00s Sys=0.00s Real=0.00s
[381.702s][info][gc             ] GC(117) Concurrent Abortable Preclean
[381.702s][info][gc             ] GC(117) Concurrent Abortable Preclean 0.019ms
[381.702s][info][gc,cpu         ] GC(117) User=0.00s Sys=0.00s Real=0.00s
[381.702s][info][gc,start       ] GC(117) Pause Remark
[381.717s][info][gc             ] GC(117) Pause Remark 60M->60M(61M) 15.681ms
[381.717s][info][gc,cpu         ] GC(117) User=0.03s Sys=0.00s Real=0.01s
[381.718s][info][gc             ] GC(117) Concurrent Sweep
[381.735s][info][gc             ] GC(117) Concurrent Sweep 17.625ms
[381.735s][info][gc,cpu         ] GC(117) User=0.02s Sys=0.00s Real=0.02s
[381.735s][info][gc             ] GC(117) Concurrent Reset
[381.735s][info][gc             ] GC(117) Concurrent Reset 0.042ms
[381.735s][info][gc,cpu         ] GC(117) User=0.00s Sys=0.00s Real=0.00s
[381.735s][info][gc,heap        ] GC(117) Old: 43317K->42949K(43712K)
[383.735s][info][gc,start       ] GC(118) Pause Initial Mark
[383.762s][info][gc             ] GC(118) Pause Initial Mark 60M->60M(61M) 26.967ms
[383.762s][info][gc,cpu         ] GC(118) User=0.06s Sys=0.00s Real=0.03s
[383.762s][info][gc             ] GC(118) Concurrent Mark
[383.811s][info][gc             ] GC(118) Concurrent Mark 49.170ms
[383.811s][info][gc,cpu         ] GC(118) User=0.05s Sys=0.00s Real=0.05s
[383.811s][info][gc             ] GC(118) Concurrent Preclean
[383.811s][info][gc             ] GC(118) Concurrent Preclean 0.136ms
[383.811s][info][gc,cpu         ] GC(118) User=0.00s Sys=0.00s Real=0.00s
[383.812s][info][gc             ] GC(118) Concurrent Abortable Preclean
[383.812s][info][gc             ] GC(118) Concurrent Abortable Preclean 0.017ms
[383.812s][info][gc,cpu         ] GC(118) User=0.00s Sys=0.00s Real=0.00s
[383.812s][info][gc,start       ] GC(118) Pause Remark
[383.829s][info][gc             ] GC(118) Pause Remark 60M->60M(61M) 16.924ms
[383.829s][info][gc,cpu         ] GC(118) User=0.03s Sys=0.00s Real=0.02s
[383.829s][info][gc             ] GC(118) Concurrent Sweep
[383.846s][info][gc             ] GC(118) Concurrent Sweep 17.160ms
[383.846s][info][gc,cpu         ] GC(118) User=0.02s Sys=0.00s Real=0.02s
[383.846s][info][gc             ] GC(118) Concurrent Reset
[383.846s][info][gc             ] GC(118) Concurrent Reset 0.042ms
[383.846s][info][gc,cpu         ] GC(118) User=0.00s Sys=0.00s Real=0.00s
[383.846s][info][gc,heap        ] GC(118) Old: 42949K->42581K(43712K)
[384.433s][info][gc,start       ] GC(119) Pause Young (Allocation Failure)
[384.433s][info][gc,task        ] GC(119) Using 4 workers of 4 for evacuation
[384.433s][info][gc,start       ] GC(120) Pause Full (Allocation Failure)
[384.433s][info][gc,phases,start] GC(120) Phase 1: Mark live objects
[384.517s][info][gc,phases      ] GC(120) Phase 1: Mark live objects 83.722ms
[384.517s][info][gc,phases,start] GC(120) Phase 2: Compute new object addresses
[384.557s][info][gc,phases      ] GC(120) Phase 2: Compute new object addresses 39.609ms
[384.557s][info][gc,phases,start] GC(120) Phase 3: Adjust pointers
[384.598s][info][gc,phases      ] GC(120) Phase 3: Adjust pointers 40.889ms
[384.598s][info][gc,phases,start] GC(120) Phase 4: Move objects
[384.620s][info][gc,phases      ] GC(120) Phase 4: Move objects 22.385ms
[384.621s][info][gc             ] GC(120) Pause Full (Allocation Failure) 60M->58M(61M) 187.746ms
[384.621s][info][gc,heap        ] GC(119) ParNew: 19648K->16278K(19648K)
[384.621s][info][gc,heap        ] GC(119) CMS: 42581K->43712K(43712K)
[384.621s][info][gc,metaspace   ] GC(119) Metaspace: 8345K->8341K(1056768K)
[384.621s][info][gc             ] GC(119) Pause Young (Allocation Failure) 60M->58M(61M) 188.098ms
[384.621s][info][gc,cpu         ] GC(119) User=0.19s Sys=0.00s Real=0.19s
[384.621s][info][gc,start       ] GC(121) Pause Initial Mark
[384.634s][info][gc             ] GC(121) Pause Initial Mark 58M->58M(61M) 12.657ms
[384.634s][info][gc,cpu         ] GC(121) User=0.02s Sys=0.00s Real=0.01s
[384.634s][info][gc             ] GC(121) Concurrent Mark
[384.685s][info][gc             ] GC(121) Concurrent Mark 51.114ms
[384.685s][info][gc,cpu         ] GC(121) User=0.05s Sys=0.00s Real=0.05s
[384.685s][info][gc             ] GC(121) Concurrent Preclean
[384.735s][info][gc             ] GC(121) Concurrent Preclean 49.499ms
[384.735s][info][gc,cpu         ] GC(121) User=0.05s Sys=0.00s Real=0.05s
[384.735s][info][gc             ] GC(121) Concurrent Abortable Preclean
[384.735s][info][gc             ] GC(121) Concurrent Abortable Preclean 0.015ms
[384.735s][info][gc,cpu         ] GC(121) User=0.00s Sys=0.00s Real=0.00s
[384.735s][info][gc,start       ] GC(121) Pause Remark
[384.752s][info][gc             ] GC(121) Pause Remark 58M->58M(61M) 17.312ms
[384.752s][info][gc,cpu         ] GC(121) User=0.03s Sys=0.00s Real=0.02s
[384.752s][info][gc             ] GC(121) Concurrent Sweep
[384.770s][info][gc             ] GC(121) Concurrent Sweep 18.162ms
[384.770s][info][gc,cpu         ] GC(121) User=0.02s Sys=0.00s Real=0.02s
[384.770s][info][gc             ] GC(121) Concurrent Reset
[384.770s][info][gc             ] GC(121) Concurrent Reset 0.042ms
[384.770s][info][gc,cpu         ] GC(121) User=0.00s Sys=0.00s Real=0.00s
[384.770s][info][gc,heap        ] GC(121) Old: 43712K->43700K(43712K)
[386.781s][info][gc,start       ] GC(122) Pause Initial Mark
[386.797s][info][gc             ] GC(122) Pause Initial Mark 59M->59M(61M) 15.795ms
[386.797s][info][gc,cpu         ] GC(122) User=0.03s Sys=0.00s Real=0.01s
[386.797s][info][gc             ] GC(122) Concurrent Mark
[386.847s][info][gc             ] GC(122) Concurrent Mark 50.248ms
[386.847s][info][gc,cpu         ] GC(122) User=0.05s Sys=0.00s Real=0.05s
[386.847s][info][gc             ] GC(122) Concurrent Preclean
[386.847s][info][gc             ] GC(122) Concurrent Preclean 0.127ms
[386.847s][info][gc,cpu         ] GC(122) User=0.00s Sys=0.00s Real=0.00s
[386.847s][info][gc             ] GC(122) Concurrent Abortable Preclean
[386.847s][info][gc             ] GC(122) Concurrent Abortable Preclean 0.019ms
[386.847s][info][gc,cpu         ] GC(122) User=0.00s Sys=0.00s Real=0.00s
[386.848s][info][gc,start       ] GC(122) Pause Remark
[386.867s][info][gc             ] GC(122) Pause Remark 59M->59M(61M) 19.443ms
[386.867s][info][gc,cpu         ] GC(122) User=0.03s Sys=0.00s Real=0.02s
[386.867s][info][gc             ] GC(122) Concurrent Sweep
[386.885s][info][gc             ] GC(122) Concurrent Sweep 17.833ms
[386.885s][info][gc,cpu         ] GC(122) User=0.02s Sys=0.00s Real=0.02s
[386.885s][info][gc             ] GC(122) Concurrent Reset
[386.885s][info][gc             ] GC(122) Concurrent Reset 0.042ms
[386.885s][info][gc,cpu         ] GC(122) User=0.00s Sys=0.00s Real=0.00s
[386.885s][info][gc,heap        ] GC(122) Old: 43700K->43333K(43712K)
[388.885s][info][gc,start       ] GC(123) Pause Initial Mark
[388.918s][info][gc             ] GC(123) Pause Initial Mark 60M->60M(61M) 33.293ms
[388.919s][info][gc,cpu         ] GC(123) User=0.05s Sys=0.00s Real=0.03s
[388.919s][info][gc             ] GC(123) Concurrent Mark
[388.971s][info][gc             ] GC(123) Concurrent Mark 52.416ms
[388.971s][info][gc,cpu         ] GC(123) User=0.06s Sys=0.00s Real=0.05s
[388.971s][info][gc             ] GC(123) Concurrent Preclean
[388.971s][info][gc             ] GC(123) Concurrent Preclean 0.114ms
[388.971s][info][gc,cpu         ] GC(123) User=0.00s Sys=0.00s Real=0.00s
[388.971s][info][gc             ] GC(123) Concurrent Abortable Preclean
[388.971s][info][gc             ] GC(123) Concurrent Abortable Preclean 0.019ms
[388.971s][info][gc,cpu         ] GC(123) User=0.00s Sys=0.00s Real=0.00s
[388.971s][info][gc,start       ] GC(123) Pause Remark
[388.988s][info][gc             ] GC(123) Pause Remark 60M->60M(61M) 16.312ms
[388.988s][info][gc,cpu         ] GC(123) User=0.02s Sys=0.00s Real=0.02s
[388.988s][info][gc             ] GC(123) Concurrent Sweep
[389.006s][info][gc             ] GC(123) Concurrent Sweep 18.052ms
[389.006s][info][gc,cpu         ] GC(123) User=0.02s Sys=0.00s Real=0.02s
[389.006s][info][gc             ] GC(123) Concurrent Reset
[389.006s][info][gc             ] GC(123) Concurrent Reset 0.070ms
[389.006s][info][gc,cpu         ] GC(123) User=0.00s Sys=0.00s Real=0.00s
[389.006s][info][gc,heap        ] GC(123) Old: 43333K->42965K(43712K)
[390.632s][info][gc,start       ] GC(124) Pause Young (Allocation Failure)
[390.632s][info][gc,task        ] GC(124) Using 4 workers of 4 for evacuation
[390.632s][info][gc,start       ] GC(125) Pause Full (Allocation Failure)
[390.632s][info][gc,phases,start] GC(125) Phase 1: Mark live objects
[390.705s][info][gc,phases      ] GC(125) Phase 1: Mark live objects 72.411ms
[390.705s][info][gc,phases,start] GC(125) Phase 2: Compute new object addresses
[390.747s][info][gc,phases      ] GC(125) Phase 2: Compute new object addresses 42.624ms
[390.747s][info][gc,phases,start] GC(125) Phase 3: Adjust pointers
[390.789s][info][gc,phases      ] GC(125) Phase 3: Adjust pointers 41.764ms
[390.789s][info][gc,phases,start] GC(125) Phase 4: Move objects
[390.811s][info][gc,phases      ] GC(125) Phase 4: Move objects 21.839ms
[390.812s][info][gc             ] GC(125) Pause Full (Allocation Failure) 61M->59M(61M) 179.847ms
[390.812s][info][gc,heap        ] GC(124) ParNew: 19647K->17222K(19648K)
[390.812s][info][gc,heap        ] GC(124) CMS: 42965K->43711K(43712K)
[390.812s][info][gc,metaspace   ] GC(124) Metaspace: 8342K->8342K(1056768K)
[390.812s][info][gc             ] GC(124) Pause Young (Allocation Failure) 61M->59M(61M) 180.108ms
[390.812s][info][gc,cpu         ] GC(124) User=0.19s Sys=0.00s Real=0.18s
[390.812s][info][gc,start       ] GC(126) Pause Initial Mark
[390.827s][info][gc             ] GC(126) Pause Initial Mark 59M->59M(61M) 15.228ms
[390.827s][info][gc,cpu         ] GC(126) User=0.02s Sys=0.00s Real=0.02s
[390.827s][info][gc             ] GC(126) Concurrent Mark
[390.883s][info][gc             ] GC(126) Concurrent Mark 56.064ms
[390.884s][info][gc,cpu         ] GC(126) User=0.05s Sys=0.00s Real=0.06s
[390.884s][info][gc             ] GC(126) Concurrent Preclean
[390.931s][info][gc             ] GC(126) Concurrent Preclean 47.692ms
[390.931s][info][gc,cpu         ] GC(126) User=0.05s Sys=0.00s Real=0.05s
[390.931s][info][gc             ] GC(126) Concurrent Abortable Preclean
[390.931s][info][gc             ] GC(126) Concurrent Abortable Preclean 0.015ms
[390.931s][info][gc,cpu         ] GC(126) User=0.00s Sys=0.00s Real=0.00s
[390.931s][info][gc,start       ] GC(126) Pause Remark
[390.950s][info][gc             ] GC(126) Pause Remark 59M->59M(61M) 18.988ms
[390.951s][info][gc,cpu         ] GC(126) User=0.05s Sys=0.00s Real=0.02s
[390.951s][info][gc             ] GC(126) Concurrent Sweep
[390.969s][info][gc             ] GC(126) Concurrent Sweep 17.980ms
[390.969s][info][gc,cpu         ] GC(126) User=0.02s Sys=0.00s Real=0.02s
[390.969s][info][gc             ] GC(126) Concurrent Reset
[390.969s][info][gc             ] GC(126) Concurrent Reset 0.043ms
[390.969s][info][gc,cpu         ] GC(126) User=0.00s Sys=0.00s Real=0.00s
[390.969s][info][gc,heap        ] GC(126) Old: 43711K->43700K(43712K)
[392.968s][info][gc,start       ] GC(127) Pause Initial Mark
[393.001s][info][gc             ] GC(127) Pause Initial Mark 60M->60M(61M) 32.235ms
[393.001s][info][gc,cpu         ] GC(127) User=0.03s Sys=0.00s Real=0.03s
[393.001s][info][gc             ] GC(127) Concurrent Mark
[393.050s][info][gc             ] GC(127) Concurrent Mark 49.341ms
[393.050s][info][gc,cpu         ] GC(127) User=0.05s Sys=0.00s Real=0.05s
[393.050s][info][gc             ] GC(127) Concurrent Preclean
[393.050s][info][gc             ] GC(127) Concurrent Preclean 0.117ms
[393.050s][info][gc,cpu         ] GC(127) User=0.00s Sys=0.00s Real=0.00s
[393.050s][info][gc             ] GC(127) Concurrent Abortable Preclean
[393.050s][info][gc             ] GC(127) Concurrent Abortable Preclean 0.018ms
[393.050s][info][gc,cpu         ] GC(127) User=0.00s Sys=0.00s Real=0.00s
[393.051s][info][gc,start       ] GC(127) Pause Remark
[393.068s][info][gc             ] GC(127) Pause Remark 60M->60M(61M) 16.996ms
[393.068s][info][gc,cpu         ] GC(127) User=0.03s Sys=0.00s Real=0.02s
[393.068s][info][gc             ] GC(127) Concurrent Sweep
[393.085s][info][gc             ] GC(127) Concurrent Sweep 17.360ms
[393.085s][info][gc,cpu         ] GC(127) User=0.02s Sys=0.00s Real=0.02s
[393.085s][info][gc             ] GC(127) Concurrent Reset
[393.085s][info][gc             ] GC(127) Concurrent Reset 0.042ms
[393.085s][info][gc,cpu         ] GC(127) User=0.02s Sys=0.02s Real=0.00s
[393.085s][info][gc,heap        ] GC(127) Old: 43700K->43321K(43712K)
[395.084s][info][gc,start       ] GC(128) Pause Initial Mark
[395.123s][info][gc             ] GC(128) Pause Initial Mark 61M->61M(61M) 38.366ms
[395.123s][info][gc,cpu         ] GC(128) User=0.03s Sys=0.00s Real=0.04s
[395.123s][info][gc             ] GC(128) Concurrent Mark
[395.173s][info][gc             ] GC(128) Concurrent Mark 49.500ms
[395.173s][info][gc,cpu         ] GC(128) User=0.05s Sys=0.00s Real=0.05s
[395.173s][info][gc             ] GC(128) Concurrent Preclean
[395.173s][info][gc             ] GC(128) Concurrent Preclean 0.135ms
[395.173s][info][gc,cpu         ] GC(128) User=0.00s Sys=0.00s Real=0.00s
[395.173s][info][gc             ] GC(128) Concurrent Abortable Preclean
[395.173s][info][gc             ] GC(128) Concurrent Abortable Preclean 0.017ms
[395.173s][info][gc,cpu         ] GC(128) User=0.00s Sys=0.00s Real=0.00s
[395.173s][info][gc,start       ] GC(128) Pause Remark
[395.190s][info][gc             ] GC(128) Pause Remark 61M->61M(61M) 17.277ms
[395.190s][info][gc,cpu         ] GC(128) User=0.03s Sys=0.00s Real=0.02s
[395.190s][info][gc             ] GC(128) Concurrent Sweep
[395.209s][info][gc             ] GC(128) Concurrent Sweep 18.149ms
[395.209s][info][gc,cpu         ] GC(128) User=0.03s Sys=0.00s Real=0.02s
[395.209s][info][gc             ] GC(128) Concurrent Reset
[395.209s][info][gc             ] GC(128) Concurrent Reset 0.061ms
[395.209s][info][gc,cpu         ] GC(128) User=0.00s Sys=0.00s Real=0.00s
[395.209s][info][gc,heap        ] GC(128) Old: 43321K->42953K(43712K)
[395.321s][info][gc,start       ] GC(129) Pause Young (Allocation Failure)
[395.321s][info][gc,task        ] GC(129) Using 4 workers of 4 for evacuation
[395.321s][info][gc,start       ] GC(130) Pause Full (Allocation Failure)
[395.321s][info][gc,phases,start] GC(130) Phase 1: Mark live objects
[395.404s][info][gc,phases      ] GC(130) Phase 1: Mark live objects 82.587ms
[395.404s][info][gc,phases,start] GC(130) Phase 2: Compute new object addresses
[395.443s][info][gc,phases      ] GC(130) Phase 2: Compute new object addresses 39.155ms
[395.443s][info][gc,phases,start] GC(130) Phase 3: Adjust pointers
[395.480s][info][gc,phases      ] GC(130) Phase 3: Adjust pointers 36.928ms
[395.480s][info][gc,phases,start] GC(130) Phase 4: Move objects
[395.502s][info][gc,phases      ] GC(130) Phase 4: Move objects 22.290ms
[395.502s][info][gc             ] GC(130) Pause Full (Allocation Failure) 61M->60M(61M) 181.749ms
[395.503s][info][gc,heap        ] GC(129) ParNew: 19647K->17885K(19648K)
[395.503s][info][gc,heap        ] GC(129) CMS: 42953K->43711K(43712K)
[395.503s][info][gc,metaspace   ] GC(129) Metaspace: 8347K->8282K(1056768K)
[395.503s][info][gc             ] GC(129) Pause Young (Allocation Failure) 61M->60M(61M) 182.058ms
[395.503s][info][gc,cpu         ] GC(129) User=0.17s Sys=0.00s Real=0.18s
[395.503s][info][gc,start       ] GC(131) Pause Initial Mark
[395.516s][info][gc             ] GC(131) Pause Initial Mark 60M->60M(61M) 13.550ms
[395.516s][info][gc,cpu         ] GC(131) User=0.03s Sys=0.00s Real=0.01s
[395.516s][info][gc             ] GC(131) Concurrent Mark
[395.567s][info][gc             ] GC(131) Concurrent Mark 50.751ms
[395.567s][info][gc,cpu         ] GC(131) User=0.08s Sys=0.00s Real=0.05s
[395.567s][info][gc             ] GC(131) Concurrent Preclean
[395.614s][info][gc             ] GC(131) Concurrent Preclean 46.950ms
[395.614s][info][gc,cpu         ] GC(131) User=0.05s Sys=0.00s Real=0.05s
[395.614s][info][gc             ] GC(131) Concurrent Abortable Preclean
[395.614s][info][gc             ] GC(131) Concurrent Abortable Preclean 0.015ms
[395.614s][info][gc,cpu         ] GC(131) User=0.00s Sys=0.00s Real=0.00s
[395.614s][info][gc,start       ] GC(131) Pause Remark
[395.632s][info][gc             ] GC(131) Pause Remark 60M->60M(61M) 17.261ms
[395.632s][info][gc,cpu         ] GC(131) User=0.03s Sys=0.00s Real=0.02s
[395.632s][info][gc             ] GC(131) Concurrent Sweep
[395.650s][info][gc             ] GC(131) Concurrent Sweep 17.770ms
[395.650s][info][gc,cpu         ] GC(131) User=0.02s Sys=0.00s Real=0.02s
[395.650s][info][gc             ] GC(131) Concurrent Reset
[395.650s][info][gc             ] GC(131) Concurrent Reset 0.041ms
[395.650s][info][gc,cpu         ] GC(131) User=0.00s Sys=0.00s Real=0.00s
[395.650s][info][gc,heap        ] GC(131) Old: 43711K->43711K(43712K)
[397.650s][info][gc,start       ] GC(132) Pause Initial Mark
[397.682s][info][gc             ] GC(132) Pause Initial Mark 61M->61M(61M) 32.513ms
[397.682s][info][gc,cpu         ] GC(132) User=0.03s Sys=0.00s Real=0.03s
[397.682s][info][gc             ] GC(132) Concurrent Mark
[397.738s][info][gc             ] GC(132) Concurrent Mark 55.322ms
[397.738s][info][gc,cpu         ] GC(132) User=0.08s Sys=0.00s Real=0.06s
[397.738s][info][gc             ] GC(132) Concurrent Preclean
[397.738s][info][gc             ] GC(132) Concurrent Preclean 0.119ms
[397.738s][info][gc,cpu         ] GC(132) User=0.00s Sys=0.00s Real=0.00s
[397.738s][info][gc             ] GC(132) Concurrent Abortable Preclean
[397.738s][info][gc             ] GC(132) Concurrent Abortable Preclean 0.018ms
[397.738s][info][gc,cpu         ] GC(132) User=0.00s Sys=0.00s Real=0.00s
[397.738s][info][gc,start       ] GC(132) Pause Remark
[397.755s][info][gc             ] GC(132) Pause Remark 61M->61M(61M) 17.204ms
[397.755s][info][gc,cpu         ] GC(132) User=0.03s Sys=0.00s Real=0.02s
[397.755s][info][gc             ] GC(132) Concurrent Sweep
[397.773s][info][gc             ] GC(132) Concurrent Sweep 17.803ms
[397.773s][info][gc,cpu         ] GC(132) User=0.02s Sys=0.00s Real=0.02s
[397.773s][info][gc             ] GC(132) Concurrent Reset
[397.773s][info][gc             ] GC(132) Concurrent Reset 0.042ms
[397.773s][info][gc,cpu         ] GC(132) User=0.00s Sys=0.00s Real=0.00s
[397.773s][info][gc,heap        ] GC(132) Old: 43711K->43332K(43712K)
[397.956s][info][gc,start       ] GC(133) Pause Young (Allocation Failure)
[397.956s][info][gc,task        ] GC(133) Using 4 workers of 4 for evacuation
[397.956s][info][gc,start       ] GC(134) Pause Full (Allocation Failure)
[397.957s][info][gc,phases,start] GC(134) Phase 1: Mark live objects
[398.018s][info][gc,phases      ] GC(134) Phase 1: Mark live objects 61.746ms
[398.018s][info][gc,phases,start] GC(134) Phase 2: Compute new object addresses
[398.057s][info][gc,phases      ] GC(134) Phase 2: Compute new object addresses 38.923ms
[398.057s][info][gc,phases,start] GC(134) Phase 3: Adjust pointers
[398.099s][info][gc,phases      ] GC(134) Phase 3: Adjust pointers 41.592ms
[398.099s][info][gc,phases,start] GC(134) Phase 4: Move objects
[398.121s][info][gc,phases      ] GC(134) Phase 4: Move objects 21.393ms
[398.121s][info][gc             ] GC(134) Pause Full (Allocation Failure) 61M->60M(61M) 164.341ms
[398.121s][info][gc,heap        ] GC(133) ParNew: 19647K->18414K(19648K)
[398.121s][info][gc,heap        ] GC(133) CMS: 43332K->43711K(43712K)
[398.121s][info][gc,metaspace   ] GC(133) Metaspace: 8338K->8338K(1056768K)
[398.121s][info][gc             ] GC(133) Pause Young (Allocation Failure) 61M->60M(61M) 164.544ms
[398.121s][info][gc,cpu         ] GC(133) User=0.14s Sys=0.00s Real=0.16s
[398.121s][info][gc,start       ] GC(135) Pause Initial Mark
[398.134s][info][gc             ] GC(135) Pause Initial Mark 60M->60M(61M) 13.291ms
[398.134s][info][gc,cpu         ] GC(135) User=0.02s Sys=0.00s Real=0.01s
[398.134s][info][gc             ] GC(135) Concurrent Mark
[398.179s][info][gc             ] GC(135) Concurrent Mark 44.798ms
[398.179s][info][gc,cpu         ] GC(135) User=0.06s Sys=0.00s Real=0.04s
[398.179s][info][gc             ] GC(135) Concurrent Preclean
[398.235s][info][gc             ] GC(135) Concurrent Preclean 55.547ms
[398.235s][info][gc,cpu         ] GC(135) User=0.06s Sys=0.00s Real=0.06s
[398.235s][info][gc             ] GC(135) Concurrent Abortable Preclean
[398.235s][info][gc             ] GC(135) Concurrent Abortable Preclean 0.024ms
[398.235s][info][gc,cpu         ] GC(135) User=0.00s Sys=0.00s Real=0.00s
[398.235s][info][gc,start       ] GC(135) Pause Remark
[398.258s][info][gc             ] GC(135) Pause Remark 60M->60M(61M) 22.848ms
[398.258s][info][gc,cpu         ] GC(135) User=0.02s Sys=0.00s Real=0.02s
[398.258s][info][gc             ] GC(135) Concurrent Sweep
[398.276s][info][gc             ] GC(135) Concurrent Sweep 18.238ms
[398.276s][info][gc,cpu         ] GC(135) User=0.02s Sys=0.00s Real=0.02s
[398.276s][info][gc             ] GC(135) Concurrent Reset
[398.276s][info][gc             ] GC(135) Concurrent Reset 0.054ms
[398.277s][info][gc,cpu         ] GC(135) User=0.00s Sys=0.00s Real=0.00s
[398.277s][info][gc,heap        ] GC(135) Old: 43711K->43700K(43712K)
[400.169s][info][gc,start       ] GC(136) Pause Young (Allocation Failure)
[400.169s][info][gc,task        ] GC(136) Using 4 workers of 4 for evacuation
[400.169s][info][gc,start       ] GC(137) Pause Full (Allocation Failure)
[400.169s][info][gc,phases,start] GC(137) Phase 1: Mark live objects
[400.246s][info][gc,phases      ] GC(137) Phase 1: Mark live objects 76.299ms
[400.246s][info][gc,phases,start] GC(137) Phase 2: Compute new object addresses
[400.285s][info][gc,phases      ] GC(137) Phase 2: Compute new object addresses 39.280ms
[400.285s][info][gc,phases,start] GC(137) Phase 3: Adjust pointers
[400.326s][info][gc,phases      ] GC(137) Phase 3: Adjust pointers 40.696ms
[400.326s][info][gc,phases,start] GC(137) Phase 4: Move objects
[400.356s][info][gc,phases      ] GC(137) Phase 4: Move objects 30.315ms
[400.356s][info][gc             ] GC(137) Pause Full (Allocation Failure) 61M->61M(61M) 187.338ms
[400.357s][info][gc,heap        ] GC(136) ParNew: 19647K->18754K(19648K)
[400.357s][info][gc,heap        ] GC(136) CMS: 43700K->43711K(43712K)
[400.357s][info][gc,metaspace   ] GC(136) Metaspace: 8351K->8351K(1056768K)
[400.357s][info][gc             ] GC(136) Pause Young (Allocation Failure) 61M->61M(61M) 187.639ms
[400.357s][info][gc,cpu         ] GC(136) User=0.19s Sys=0.00s Real=0.19s
[400.358s][info][gc,start       ] GC(138) Pause Initial Mark
[400.381s][info][gc             ] GC(138) Pause Initial Mark 61M->61M(61M) 23.147ms
[400.381s][info][gc,cpu         ] GC(138) User=0.02s Sys=0.00s Real=0.02s
[400.381s][info][gc             ] GC(138) Concurrent Mark
[400.439s][info][gc             ] GC(138) Concurrent Mark 57.616ms
[400.439s][info][gc,cpu         ] GC(138) User=0.06s Sys=0.00s Real=0.06s
[400.439s][info][gc             ] GC(138) Concurrent Preclean
[400.494s][info][gc             ] GC(138) Concurrent Preclean 55.189ms
[400.494s][info][gc,cpu         ] GC(138) User=0.05s Sys=0.00s Real=0.05s
[400.494s][info][gc             ] GC(138) Concurrent Abortable Preclean
[400.494s][info][gc             ] GC(138) Concurrent Abortable Preclean 0.015ms
[400.494s][info][gc,cpu         ] GC(138) User=0.00s Sys=0.00s Real=0.00s
[400.494s][info][gc,start       ] GC(138) Pause Remark
[400.518s][info][gc             ] GC(138) Pause Remark 61M->61M(61M) 23.979ms
[400.518s][info][gc,cpu         ] GC(138) User=0.08s Sys=0.00s Real=0.02s
[400.518s][info][gc             ] GC(138) Concurrent Sweep
[400.537s][info][gc             ] GC(138) Concurrent Sweep 18.604ms
[400.537s][info][gc,cpu         ] GC(138) User=0.02s Sys=0.00s Real=0.02s
[400.537s][info][gc             ] GC(138) Concurrent Reset
[400.537s][info][gc             ] GC(138) Concurrent Reset 0.059ms
[400.537s][info][gc,cpu         ] GC(138) User=0.00s Sys=0.00s Real=0.00s
[400.537s][info][gc,heap        ] GC(138) Old: 43711K->43700K(43712K)
[401.952s][info][gc,start       ] GC(139) Pause Young (Allocation Failure)
[401.952s][info][gc,task        ] GC(139) Using 4 workers of 4 for evacuation
[401.952s][info][gc,start       ] GC(140) Pause Full (Allocation Failure)
[401.953s][info][gc,phases,start] GC(140) Phase 1: Mark live objects
[402.015s][info][gc,phases      ] GC(140) Phase 1: Mark live objects 62.319ms
[402.015s][info][gc,phases,start] GC(140) Phase 2: Compute new object addresses
[402.054s][info][gc,phases      ] GC(140) Phase 2: Compute new object addresses 39.390ms
[402.055s][info][gc,phases,start] GC(140) Phase 3: Adjust pointers
[402.097s][info][gc,phases      ] GC(140) Phase 3: Adjust pointers 42.042ms
[402.097s][info][gc,phases,start] GC(140) Phase 4: Move objects
[402.117s][info][gc,phases      ] GC(140) Phase 4: Move objects 20.053ms
[402.117s][info][gc             ] GC(140) Pause Full (Allocation Failure) 61M->61M(61M) 164.863ms
[402.117s][info][gc,heap        ] GC(139) ParNew: 19647K->18907K(19648K)
[402.117s][info][gc,heap        ] GC(139) CMS: 43700K->43711K(43712K)
[402.117s][info][gc,metaspace   ] GC(139) Metaspace: 8351K->8351K(1056768K)
[402.117s][info][gc             ] GC(139) Pause Young (Allocation Failure) 61M->61M(61M) 165.112ms
[402.117s][info][gc,cpu         ] GC(139) User=0.16s Sys=0.00s Real=0.16s
[402.117s][info][gc,start       ] GC(141) Pause Initial Mark
[402.131s][info][gc             ] GC(141) Pause Initial Mark 61M->61M(61M) 13.621ms
[402.131s][info][gc,cpu         ] GC(141) User=0.03s Sys=0.00s Real=0.01s
[402.131s][info][gc             ] GC(141) Concurrent Mark
[402.178s][info][gc             ] GC(141) Concurrent Mark 47.398ms
[402.178s][info][gc,cpu         ] GC(141) User=0.08s Sys=0.00s Real=0.05s
[402.178s][info][gc             ] GC(141) Concurrent Preclean
[402.226s][info][gc             ] GC(141) Concurrent Preclean 47.657ms
[402.226s][info][gc,cpu         ] GC(141) User=0.05s Sys=0.00s Real=0.05s
[402.226s][info][gc             ] GC(141) Concurrent Abortable Preclean
[402.226s][info][gc             ] GC(141) Concurrent Abortable Preclean 0.015ms
[402.226s][info][gc,cpu         ] GC(141) User=0.00s Sys=0.00s Real=0.00s
[402.226s][info][gc,start       ] GC(141) Pause Remark
[402.246s][info][gc             ] GC(141) Pause Remark 61M->61M(61M) 19.485ms
[402.246s][info][gc,cpu         ] GC(141) User=0.08s Sys=0.00s Real=0.02s
[402.246s][info][gc             ] GC(141) Concurrent Sweep
[402.264s][info][gc             ] GC(141) Concurrent Sweep 17.644ms
[402.264s][info][gc,cpu         ] GC(141) User=0.02s Sys=0.00s Real=0.02s
[402.264s][info][gc             ] GC(141) Concurrent Reset
[402.264s][info][gc             ] GC(141) Concurrent Reset 0.058ms
[402.264s][info][gc,cpu         ] GC(141) User=0.00s Sys=0.00s Real=0.00s
[402.264s][info][gc,heap        ] GC(141) Old: 43711K->43700K(43712K)
[403.250s][info][gc,start       ] GC(142) Pause Young (Allocation Failure)
[403.250s][info][gc,task        ] GC(142) Using 4 workers of 4 for evacuation
[403.250s][info][gc,start       ] GC(143) Pause Full (Allocation Failure)
[403.250s][info][gc,phases,start] GC(143) Phase 1: Mark live objects
[403.331s][info][gc,phases      ] GC(143) Phase 1: Mark live objects 80.664ms
[403.331s][info][gc,phases,start] GC(143) Phase 2: Compute new object addresses
[403.372s][info][gc,phases      ] GC(143) Phase 2: Compute new object addresses 40.554ms
[403.372s][info][gc,phases,start] GC(143) Phase 3: Adjust pointers
[403.415s][info][gc,phases      ] GC(143) Phase 3: Adjust pointers 43.020ms
[403.415s][info][gc,phases,start] GC(143) Phase 4: Move objects
[403.435s][info][gc,phases      ] GC(143) Phase 4: Move objects 20.469ms
[403.435s][info][gc             ] GC(143) Pause Full (Allocation Failure) 61M->61M(61M) 185.464ms
[403.435s][info][gc,heap        ] GC(142) ParNew: 19647K->19112K(19648K)
[403.435s][info][gc,heap        ] GC(142) CMS: 43700K->43712K(43712K)
[403.435s][info][gc,metaspace   ] GC(142) Metaspace: 8351K->8351K(1056768K)
[403.435s][info][gc             ] GC(142) Pause Young (Allocation Failure) 61M->61M(61M) 185.716ms
[403.435s][info][gc,cpu         ] GC(142) User=0.17s Sys=0.02s Real=0.18s
[403.436s][info][gc,start       ] GC(144) Pause Initial Mark
[403.450s][info][gc             ] GC(144) Pause Initial Mark 61M->61M(61M) 14.592ms
[403.450s][info][gc,cpu         ] GC(144) User=0.02s Sys=0.00s Real=0.02s
[403.450s][info][gc             ] GC(144) Concurrent Mark
[403.502s][info][gc             ] GC(144) Concurrent Mark 51.774ms
[403.502s][info][gc,cpu         ] GC(144) User=0.05s Sys=0.00s Real=0.05s
[403.502s][info][gc             ] GC(144) Concurrent Preclean
[403.550s][info][gc             ] GC(144) Concurrent Preclean 47.600ms
[403.550s][info][gc,cpu         ] GC(144) User=0.05s Sys=0.00s Real=0.05s
[403.550s][info][gc             ] GC(144) Concurrent Abortable Preclean
[403.550s][info][gc             ] GC(144) Concurrent Abortable Preclean 0.024ms
[403.550s][info][gc,cpu         ] GC(144) User=0.00s Sys=0.00s Real=0.00s
[403.550s][info][gc,start       ] GC(144) Pause Remark
[403.568s][info][gc             ] GC(144) Pause Remark 61M->61M(61M) 18.265ms
[403.568s][info][gc,cpu         ] GC(144) User=0.03s Sys=0.00s Real=0.02s
[403.568s][info][gc             ] GC(144) Concurrent Sweep
[403.587s][info][gc             ] GC(144) Concurrent Sweep 18.136ms
[403.587s][info][gc,cpu         ] GC(144) User=0.03s Sys=0.00s Real=0.02s
[403.587s][info][gc             ] GC(144) Concurrent Reset
[403.587s][info][gc             ] GC(144) Concurrent Reset 0.042ms
[403.587s][info][gc,cpu         ] GC(144) User=0.00s Sys=0.00s Real=0.00s
[403.587s][info][gc,heap        ] GC(144) Old: 43712K->43712K(43712K)
[404.453s][info][gc,start       ] GC(145) Pause Young (Allocation Failure)
[404.453s][info][gc,task        ] GC(145) Using 4 workers of 4 for evacuation
[404.453s][info][gc,start       ] GC(146) Pause Full (Allocation Failure)
[404.453s][info][gc,phases,start] GC(146) Phase 1: Mark live objects
[404.530s][info][gc,phases      ] GC(146) Phase 1: Mark live objects 76.486ms
[404.530s][info][gc,phases,start] GC(146) Phase 2: Compute new object addresses
[404.572s][info][gc,phases      ] GC(146) Phase 2: Compute new object addresses 42.319ms
[404.572s][info][gc,phases,start] GC(146) Phase 3: Adjust pointers
[404.611s][info][gc,phases      ] GC(146) Phase 3: Adjust pointers 39.056ms
[404.611s][info][gc,phases,start] GC(146) Phase 4: Move objects
[404.630s][info][gc,phases      ] GC(146) Phase 4: Move objects 19.332ms
[404.631s][info][gc             ] GC(146) Pause Full (Allocation Failure) 61M->61M(61M) 177.942ms
[404.631s][info][gc,heap        ] GC(145) ParNew: 19647K->19297K(19648K)
[404.631s][info][gc,heap        ] GC(145) CMS: 43712K->43712K(43712K)
[404.631s][info][gc,metaspace   ] GC(145) Metaspace: 8351K->8344K(1056768K)
[404.631s][info][gc             ] GC(145) Pause Young (Allocation Failure) 61M->61M(61M) 178.231ms
[404.631s][info][gc,cpu         ] GC(145) User=0.19s Sys=0.00s Real=0.18s
[404.634s][info][gc,start       ] GC(147) Pause Initial Mark
[404.649s][info][gc             ] GC(147) Pause Initial Mark 61M->61M(61M) 14.827ms
[404.649s][info][gc,cpu         ] GC(147) User=0.02s Sys=0.00s Real=0.02s
[404.649s][info][gc             ] GC(147) Concurrent Mark
[404.700s][info][gc             ] GC(147) Concurrent Mark 51.563ms
[404.700s][info][gc,cpu         ] GC(147) User=0.05s Sys=0.00s Real=0.05s
[404.700s][info][gc             ] GC(147) Concurrent Preclean
[404.749s][info][gc             ] GC(147) Concurrent Preclean 48.907ms
[404.749s][info][gc,cpu         ] GC(147) User=0.05s Sys=0.00s Real=0.05s
[404.749s][info][gc             ] GC(147) Concurrent Abortable Preclean
[404.749s][info][gc             ] GC(147) Concurrent Abortable Preclean 0.015ms
[404.750s][info][gc,cpu         ] GC(147) User=0.00s Sys=0.00s Real=0.00s
[404.750s][info][gc,start       ] GC(147) Pause Remark
[404.771s][info][gc             ] GC(147) Pause Remark 61M->61M(61M) 21.441ms
[404.771s][info][gc,cpu         ] GC(147) User=0.05s Sys=0.00s Real=0.02s
[404.771s][info][gc             ] GC(147) Concurrent Sweep
[404.789s][info][gc             ] GC(147) Concurrent Sweep 18.092ms
[404.789s][info][gc,cpu         ] GC(147) User=0.02s Sys=0.00s Real=0.02s
[404.789s][info][gc             ] GC(147) Concurrent Reset
[404.789s][info][gc             ] GC(147) Concurrent Reset 0.056ms
[404.789s][info][gc,cpu         ] GC(147) User=0.00s Sys=0.00s Real=0.00s
[404.789s][info][gc,heap        ] GC(147) Old: 43712K->43700K(43712K)
[405.299s][info][gc,start       ] GC(148) Pause Young (Allocation Failure)
[405.300s][info][gc,task        ] GC(148) Using 4 workers of 4 for evacuation
[405.300s][info][gc,start       ] GC(149) Pause Full (Allocation Failure)
[405.300s][info][gc,phases,start] GC(149) Phase 1: Mark live objects
[405.396s][info][gc,phases      ] GC(149) Phase 1: Mark live objects 95.649ms
[405.396s][info][gc,phases,start] GC(149) Phase 2: Compute new object addresses
[405.435s][info][gc,phases      ] GC(149) Phase 2: Compute new object addresses 39.505ms
[405.435s][info][gc,phases,start] GC(149) Phase 3: Adjust pointers
[405.477s][info][gc,phases      ] GC(149) Phase 3: Adjust pointers 41.799ms
[405.477s][info][gc,phases,start] GC(149) Phase 4: Move objects
[405.497s][info][gc,phases      ] GC(149) Phase 4: Move objects 20.362ms
[405.498s][info][gc             ] GC(149) Pause Full (Allocation Failure) 61M->61M(61M) 198.250ms
[405.498s][info][gc,heap        ] GC(148) ParNew: 19647K->19387K(19648K)
[405.498s][info][gc,heap        ] GC(148) CMS: 43700K->43712K(43712K)
[405.498s][info][gc,metaspace   ] GC(148) Metaspace: 8344K->8287K(1056768K)
[405.498s][info][gc             ] GC(148) Pause Young (Allocation Failure) 61M->61M(61M) 198.573ms
[405.498s][info][gc,cpu         ] GC(148) User=0.19s Sys=0.00s Real=0.20s
[405.498s][info][gc,start       ] GC(150) Pause Initial Mark
[405.512s][info][gc             ] GC(150) Pause Initial Mark 61M->61M(61M) 13.952ms
[405.512s][info][gc,cpu         ] GC(150) User=0.02s Sys=0.00s Real=0.01s
[405.512s][info][gc             ] GC(150) Concurrent Mark
[405.564s][info][gc             ] GC(150) Concurrent Mark 51.993ms
[405.564s][info][gc,cpu         ] GC(150) User=0.05s Sys=0.00s Real=0.05s
[405.564s][info][gc             ] GC(150) Concurrent Preclean
[405.612s][info][gc             ] GC(150) Concurrent Preclean 47.117ms
[405.612s][info][gc,cpu         ] GC(150) User=0.05s Sys=0.00s Real=0.05s
[405.612s][info][gc             ] GC(150) Concurrent Abortable Preclean
[405.612s][info][gc             ] GC(150) Concurrent Abortable Preclean 0.015ms
[405.612s][info][gc,cpu         ] GC(150) User=0.00s Sys=0.00s Real=0.00s
[405.612s][info][gc,start       ] GC(150) Pause Remark
[405.630s][info][gc             ] GC(150) Pause Remark 61M->61M(61M) 18.435ms
[405.630s][info][gc,cpu         ] GC(150) User=0.03s Sys=0.00s Real=0.02s
[405.630s][info][gc             ] GC(150) Concurrent Sweep
[405.648s][info][gc             ] GC(150) Concurrent Sweep 17.428ms
[405.648s][info][gc,cpu         ] GC(150) User=0.02s Sys=0.00s Real=0.02s
[405.648s][info][gc             ] GC(150) Concurrent Reset
[405.648s][info][gc             ] GC(150) Concurrent Reset 0.042ms
[405.648s][info][gc,cpu         ] GC(150) User=0.00s Sys=0.00s Real=0.00s
[405.648s][info][gc,heap        ] GC(150) Old: 43712K->43700K(43712K)
[405.925s][info][gc,start       ] GC(151) Pause Young (Allocation Failure)
[405.925s][info][gc,task        ] GC(151) Using 4 workers of 4 for evacuation
[405.926s][info][gc,start       ] GC(152) Pause Full (Allocation Failure)
[405.926s][info][gc,phases,start] GC(152) Phase 1: Mark live objects
[405.999s][info][gc,phases      ] GC(152) Phase 1: Mark live objects 72.961ms
[405.999s][info][gc,phases,start] GC(152) Phase 2: Compute new object addresses
[406.038s][info][gc,phases      ] GC(152) Phase 2: Compute new object addresses 38.762ms
[406.038s][info][gc,phases,start] GC(152) Phase 3: Adjust pointers
[406.081s][info][gc,phases      ] GC(152) Phase 3: Adjust pointers 43.379ms
[406.081s][info][gc,phases,start] GC(152) Phase 4: Move objects
[406.101s][info][gc,phases      ] GC(152) Phase 4: Move objects 19.726ms
[406.101s][info][gc             ] GC(152) Pause Full (Allocation Failure) 61M->61M(61M) 175.802ms
[406.101s][info][gc,heap        ] GC(151) ParNew: 19647K->19476K(19648K)
[406.101s][info][gc,heap        ] GC(151) CMS: 43700K->43712K(43712K)
[406.101s][info][gc,metaspace   ] GC(151) Metaspace: 8287K->8287K(1056768K)
[406.101s][info][gc             ] GC(151) Pause Young (Allocation Failure) 61M->61M(61M) 176.057ms
[406.101s][info][gc,cpu         ] GC(151) User=0.17s Sys=0.00s Real=0.18s
[406.102s][info][gc,start       ] GC(153) Pause Initial Mark
[406.116s][info][gc             ] GC(153) Pause Initial Mark 61M->61M(61M) 14.140ms
[406.116s][info][gc,cpu         ] GC(153) User=0.02s Sys=0.00s Real=0.01s
[406.116s][info][gc             ] GC(153) Concurrent Mark
[406.129s][info][gc,start       ] GC(154) Pause Full (Allocation Failure)
[406.166s][info][gc             ] GC(153) Concurrent Mark 49.988ms
[406.166s][info][gc,cpu         ] GC(153) User=0.06s Sys=0.00s Real=0.05s
[406.166s][info][gc,phases,start] GC(154) Phase 1: Mark live objects
[406.224s][info][gc,phases      ] GC(154) Phase 1: Mark live objects 57.654ms
[406.224s][info][gc,phases,start] GC(154) Phase 2: Compute new object addresses
[406.264s][info][gc,phases      ] GC(154) Phase 2: Compute new object addresses 40.027ms
[406.264s][info][gc,phases,start] GC(154) Phase 3: Adjust pointers
[406.306s][info][gc,phases      ] GC(154) Phase 3: Adjust pointers 41.723ms
[406.306s][info][gc,phases,start] GC(154) Phase 4: Move objects
[406.325s][info][gc,phases      ] GC(154) Phase 4: Move objects 19.517ms
[406.326s][info][gc,heap        ] GC(154) ParNew: 19647K->19536K(19648K)
[406.326s][info][gc,heap        ] GC(154) CMS: 43712K->43712K(43712K)
[406.326s][info][gc,metaspace   ] GC(154) Metaspace: 8299K->8299K(1056768K)
[406.326s][info][gc             ] GC(154) Pause Full (Allocation Failure) 61M->61M(61M) 197.073ms
[406.326s][info][gc,cpu         ] GC(154) User=0.19s Sys=0.00s Real=0.20s
[406.329s][info][gc,start       ] GC(155) Pause Full (Allocation Failure)
[406.329s][info][gc,phases,start] GC(155) Phase 1: Mark live objects
[406.384s][info][gc,phases      ] GC(155) Phase 1: Mark live objects 54.233ms
[406.384s][info][gc,phases,start] GC(155) Phase 2: Compute new object addresses
[406.422s][info][gc,phases      ] GC(155) Phase 2: Compute new object addresses 38.448ms
[406.422s][info][gc,phases,start] GC(155) Phase 3: Adjust pointers
[406.462s][info][gc,phases      ] GC(155) Phase 3: Adjust pointers 39.817ms
[406.462s][info][gc,phases,start] GC(155) Phase 4: Move objects
[406.483s][info][gc,phases      ] GC(155) Phase 4: Move objects 20.902ms
[406.483s][info][gc,heap        ] GC(155) ParNew: 19647K->19579K(19648K)
[406.483s][info][gc,heap        ] GC(155) CMS: 43712K->43712K(43712K)
[406.483s][info][gc,metaspace   ] GC(155) Metaspace: 8306K->8306K(1056768K)
[406.483s][info][gc             ] GC(155) Pause Full (Allocation Failure) 61M->61M(61M) 154.152ms
[406.483s][info][gc,cpu         ] GC(155) User=0.16s Sys=0.02s Real=0.15s
[406.483s][info][gc,start       ] GC(156) Pause Initial Mark
[406.497s][info][gc             ] GC(156) Pause Initial Mark 61M->61M(61M) 13.527ms
[406.497s][info][gc,cpu         ] GC(156) User=0.02s Sys=0.00s Real=0.01s
[406.497s][info][gc             ] GC(156) Concurrent Mark
[406.498s][info][gc,start       ] GC(157) Pause Full (Allocation Failure)
[406.549s][info][gc             ] GC(156) Concurrent Mark 51.726ms
[406.549s][info][gc,cpu         ] GC(156) User=0.06s Sys=0.00s Real=0.05s
[406.549s][info][gc,phases,start] GC(157) Phase 1: Mark live objects
[406.604s][info][gc,phases      ] GC(157) Phase 1: Mark live objects 55.456ms
[406.604s][info][gc,phases,start] GC(157) Phase 2: Compute new object addresses
[406.643s][info][gc,phases      ] GC(157) Phase 2: Compute new object addresses 38.455ms
[406.643s][info][gc,phases,start] GC(157) Phase 3: Adjust pointers
[406.684s][info][gc,phases      ] GC(157) Phase 3: Adjust pointers 40.634ms
[406.684s][info][gc,phases,start] GC(157) Phase 4: Move objects
[406.703s][info][gc,phases      ] GC(157) Phase 4: Move objects 19.206ms
[406.703s][info][gc,heap        ] GC(157) ParNew: 19647K->19595K(19648K)
[406.703s][info][gc,heap        ] GC(157) CMS: 43712K->43712K(43712K)
[406.703s][info][gc,metaspace   ] GC(157) Metaspace: 8306K->8306K(1056768K)
[406.703s][info][gc             ] GC(157) Pause Full (Allocation Failure) 61M->61M(61M) 205.355ms
[406.703s][info][gc,cpu         ] GC(157) User=0.20s Sys=0.00s Real=0.20s
[406.704s][info][gc,start       ] GC(158) Pause Full (Allocation Failure)
[406.705s][info][gc,phases,start] GC(158) Phase 1: Mark live objects
[406.760s][info][gc,phases      ] GC(158) Phase 1: Mark live objects 55.321ms
[406.760s][info][gc,phases,start] GC(158) Phase 2: Compute new object addresses
[406.798s][info][gc,phases      ] GC(158) Phase 2: Compute new object addresses 38.463ms
[406.798s][info][gc,phases,start] GC(158) Phase 3: Adjust pointers
[406.840s][info][gc,phases      ] GC(158) Phase 3: Adjust pointers 41.489ms
[406.840s][info][gc,phases,start] GC(158) Phase 4: Move objects
[406.860s][info][gc,phases      ] GC(158) Phase 4: Move objects 19.557ms
[406.860s][info][gc,heap        ] GC(158) ParNew: 19647K->19609K(19648K)
[406.860s][info][gc,heap        ] GC(158) CMS: 43712K->43712K(43712K)
[406.860s][info][gc,metaspace   ] GC(158) Metaspace: 8310K->8310K(1056768K)
[406.860s][info][gc             ] GC(158) Pause Full (Allocation Failure) 61M->61M(61M) 155.855ms
[406.860s][info][gc,cpu         ] GC(158) User=0.12s Sys=0.03s Real=0.16s
[406.861s][info][gc,start       ] GC(159) Pause Full (Allocation Failure)
[406.861s][info][gc,phases,start] GC(159) Phase 1: Mark live objects
[406.923s][info][gc,phases      ] GC(159) Phase 1: Mark live objects 61.467ms
[406.923s][info][gc,phases,start] GC(159) Phase 2: Compute new object addresses
[406.972s][info][gc,phases      ] GC(159) Phase 2: Compute new object addresses 48.973ms
[406.972s][info][gc,phases,start] GC(159) Phase 3: Adjust pointers
[407.011s][info][gc,phases      ] GC(159) Phase 3: Adjust pointers 38.776ms
[407.011s][info][gc,phases,start] GC(159) Phase 4: Move objects
[407.012s][info][gc,phases      ] GC(159) Phase 4: Move objects 0.925ms
[407.012s][info][gc,heap        ] GC(159) ParNew: 19647K->19616K(19648K)
[407.012s][info][gc,heap        ] GC(159) CMS: 43712K->43712K(43712K)
[407.012s][info][gc,metaspace   ] GC(159) Metaspace: 8314K->8314K(1056768K)
[407.012s][info][gc             ] GC(159) Pause Full (Allocation Failure) 61M->61M(61M) 151.156ms
[407.012s][info][gc,cpu         ] GC(159) User=0.11s Sys=0.03s Real=0.15s
[407.013s][info][gc,start       ] GC(160) Pause Full (Allocation Failure)
[407.014s][info][gc,phases,start] GC(160) Phase 1: Mark live objects
[407.074s][info][gc,phases      ] GC(160) Phase 1: Mark live objects 60.836ms
[407.074s][info][gc,phases,start] GC(160) Phase 2: Compute new object addresses
[407.116s][info][gc,phases      ] GC(160) Phase 2: Compute new object addresses 41.307ms
[407.116s][info][gc,phases,start] GC(160) Phase 3: Adjust pointers
[407.150s][info][gc,phases      ] GC(160) Phase 3: Adjust pointers 33.994ms
[407.150s][info][gc,phases,start] GC(160) Phase 4: Move objects
[407.151s][info][gc,phases      ] GC(160) Phase 4: Move objects 0.902ms
[407.151s][info][gc,heap        ] GC(160) ParNew: 19647K->19621K(19648K)
[407.151s][info][gc,heap        ] GC(160) CMS: 43712K->43712K(43712K)
[407.151s][info][gc,metaspace   ] GC(160) Metaspace: 8318K->8318K(1056768K)
[407.151s][info][gc             ] GC(160) Pause Full (Allocation Failure) 61M->61M(61M) 137.977ms
[407.151s][info][gc,cpu         ] GC(160) User=0.14s Sys=0.00s Real=0.14s
[407.152s][info][gc,start       ] GC(161) Pause Initial Mark
[407.165s][info][gc             ] GC(161) Pause Initial Mark 61M->61M(61M) 13.546ms
[407.165s][info][gc,cpu         ] GC(161) User=0.02s Sys=0.00s Real=0.01s
[407.165s][info][gc             ] GC(161) Concurrent Mark
[407.166s][info][gc,start       ] GC(162) Pause Full (Allocation Failure)
[407.216s][info][gc             ] GC(161) Concurrent Mark 51.179ms
[407.216s][info][gc,cpu         ] GC(161) User=0.05s Sys=0.00s Real=0.05s
[407.217s][info][gc,phases,start] GC(162) Phase 1: Mark live objects
[407.272s][info][gc,phases      ] GC(162) Phase 1: Mark live objects 55.898ms
[407.272s][info][gc,phases,start] GC(162) Phase 2: Compute new object addresses
[407.314s][info][gc,phases      ] GC(162) Phase 2: Compute new object addresses 41.054ms
[407.314s][info][gc,phases,start] GC(162) Phase 3: Adjust pointers
[407.347s][info][gc,phases      ] GC(162) Phase 3: Adjust pointers 33.076ms
[407.347s][info][gc,phases,start] GC(162) Phase 4: Move objects
[407.347s][info][gc,phases      ] GC(162) Phase 4: Move objects 0.030ms
[407.347s][info][gc,heap        ] GC(162) ParNew: 19647K->19644K(19648K)
[407.347s][info][gc,heap        ] GC(162) CMS: 43712K->43712K(43712K)
[407.347s][info][gc,metaspace   ] GC(162) Metaspace: 8318K->8318K(1056768K)
[407.347s][info][gc             ] GC(162) Pause Full (Allocation Failure) 61M->61M(61M) 181.608ms
[407.347s][info][gc,cpu         ] GC(162) User=0.19s Sys=0.00s Real=0.18s
[407.348s][info][gc,start       ] GC(163) Pause Full (Allocation Failure)
[407.348s][info][gc,phases,start] GC(163) Phase 1: Mark live objects
[407.403s][info][gc,phases      ] GC(163) Phase 1: Mark live objects 55.550ms
[407.403s][info][gc,phases,start] GC(163) Phase 2: Compute new object addresses
[407.444s][info][gc,phases      ] GC(163) Phase 2: Compute new object addresses 40.366ms
[407.444s][info][gc,phases,start] GC(163) Phase 3: Adjust pointers
[407.477s][info][gc,phases      ] GC(163) Phase 3: Adjust pointers 33.403ms
[407.477s][info][gc,phases,start] GC(163) Phase 4: Move objects
[407.477s][info][gc,phases      ] GC(163) Phase 4: Move objects 0.026ms
[407.478s][info][gc,heap        ] GC(163) ParNew: 19647K->19646K(19648K)
[407.478s][info][gc,heap        ] GC(163) CMS: 43712K->43712K(43712K)
[407.478s][info][gc,metaspace   ] GC(163) Metaspace: 8318K->8318K(1056768K)
[407.478s][info][gc             ] GC(163) Pause Full (Allocation Failure) 61M->61M(61M) 130.172ms
[407.478s][info][gc,cpu         ] GC(163) User=0.12s Sys=0.00s Real=0.13s
[407.478s][info][gc,start       ] GC(164) Pause Full (Allocation Failure)
[407.478s][info][gc,phases,start] GC(164) Phase 1: Mark live objects
[407.534s][info][gc,phases      ] GC(164) Phase 1: Mark live objects 55.721ms
[407.534s][info][gc,phases,start] GC(164) Phase 2: Compute new object addresses
[407.575s][info][gc,phases      ] GC(164) Phase 2: Compute new object addresses 40.913ms
[407.575s][info][gc,phases,start] GC(164) Phase 3: Adjust pointers
[407.609s][info][gc,phases      ] GC(164) Phase 3: Adjust pointers 34.334ms
[407.609s][info][gc,phases,start] GC(164) Phase 4: Move objects
[407.609s][info][gc,phases      ] GC(164) Phase 4: Move objects 0.020ms
[407.610s][info][gc,heap        ] GC(164) ParNew: 19648K->19647K(19648K)
[407.610s][info][gc,heap        ] GC(164) CMS: 43712K->43712K(43712K)
[407.610s][info][gc,metaspace   ] GC(164) Metaspace: 8318K->8318K(1056768K)
[407.610s][info][gc             ] GC(164) Pause Full (Allocation Failure) 61M->61M(61M) 131.820ms
[407.610s][info][gc,cpu         ] GC(164) User=0.14s Sys=0.00s Real=0.13s
[407.610s][info][gc,start       ] GC(165) Pause Full (Allocation Failure)
[407.610s][info][gc,phases,start] GC(165) Phase 1: Mark live objects
[407.666s][info][gc,phases      ] GC(165) Phase 1: Mark live objects 56.025ms
[407.666s][info][gc,phases,start] GC(165) Phase 2: Compute new object addresses
[407.708s][info][gc,phases      ] GC(165) Phase 2: Compute new object addresses 41.471ms
[407.708s][info][gc,phases,start] GC(165) Phase 3: Adjust pointers
[407.741s][info][gc,phases      ] GC(165) Phase 3: Adjust pointers 33.240ms
[407.741s][info][gc,phases,start] GC(165) Phase 4: Move objects
[407.741s][info][gc,phases      ] GC(165) Phase 4: Move objects 0.019ms
[407.742s][info][gc,heap        ] GC(165) ParNew: 19647K->19647K(19648K)
[407.742s][info][gc,heap        ] GC(165) CMS: 43712K->43712K(43712K)
[407.742s][info][gc,metaspace   ] GC(165) Metaspace: 8318K->8318K(1056768K)
[407.742s][info][gc             ] GC(165) Pause Full (Allocation Failure) 61M->61M(61M) 131.627ms
[407.742s][info][gc,cpu         ] GC(165) User=0.12s Sys=0.00s Real=0.13s
[407.742s][info][gc,start       ] GC(166) Pause Full (Allocation Failure)
[407.742s][info][gc,phases,start] GC(166) Phase 1: Mark live objects
[407.801s][info][gc,phases      ] GC(166) Phase 1: Mark live objects 58.650ms
[407.801s][info][gc,phases,start] GC(166) Phase 2: Compute new object addresses
[407.841s][info][gc,phases      ] GC(166) Phase 2: Compute new object addresses 39.905ms
[407.841s][info][gc,phases,start] GC(166) Phase 3: Adjust pointers
[407.879s][info][gc,phases      ] GC(166) Phase 3: Adjust pointers 38.042ms
[407.879s][info][gc,phases,start] GC(166) Phase 4: Move objects
[407.902s][info][gc,phases      ] GC(166) Phase 4: Move objects 23.327ms
[407.902s][info][gc,heap        ] GC(166) ParNew: 19647K->19583K(19648K)
[407.903s][info][gc,heap        ] GC(166) CMS: 43712K->43711K(43712K)
[407.903s][info][gc,metaspace   ] GC(166) Metaspace: 8318K->8310K(1056768K)
[407.903s][info][gc             ] GC(166) Pause Full (Allocation Failure) 61M->61M(61M) 160.891ms
[407.903s][info][gc,cpu         ] GC(166) User=0.16s Sys=0.00s Real=0.16s
[407.904s][info][gc,start       ] GC(167) Pause Full (Allocation Failure)
[407.904s][info][gc,phases,start] GC(167) Phase 1: Mark live objects
[407.961s][info][gc,phases      ] GC(167) Phase 1: Mark live objects 56.869ms
[407.961s][info][gc,phases,start] GC(167) Phase 2: Compute new object addresses
[408.001s][info][gc,phases      ] GC(167) Phase 2: Compute new object addresses 39.589ms
[408.001s][info][gc,phases,start] GC(167) Phase 3: Adjust pointers
[408.038s][info][gc,phases      ] GC(167) Phase 3: Adjust pointers 36.974ms
[408.038s][info][gc,phases,start] GC(167) Phase 4: Move objects
[408.062s][info][gc,phases      ] GC(167) Phase 4: Move objects 24.242ms
[408.063s][info][gc,heap        ] GC(167) ParNew: 19648K->19613K(19648K)
[408.063s][info][gc,heap        ] GC(167) CMS: 43712K->43712K(43712K)
[408.063s][info][gc,metaspace   ] GC(167) Metaspace: 8310K->8310K(1056768K)
[408.063s][info][gc             ] GC(167) Pause Full (Allocation Failure) 61M->61M(61M) 158.712ms
[408.063s][info][gc,cpu         ] GC(167) User=0.17s Sys=0.00s Real=0.16s
[408.063s][info][gc,start       ] GC(168) Pause Initial Mark
[408.077s][info][gc             ] GC(168) Pause Initial Mark 61M->61M(61M) 13.809ms
[408.077s][info][gc,cpu         ] GC(168) User=0.02s Sys=0.00s Real=0.01s
[408.077s][info][gc             ] GC(168) Concurrent Mark
[408.079s][info][gc,start       ] GC(169) Pause Full (Allocation Failure)
[408.127s][info][gc             ] GC(168) Concurrent Mark 50.146ms
[408.127s][info][gc,cpu         ] GC(168) User=0.05s Sys=0.00s Real=0.05s
[408.127s][info][gc,phases,start] GC(169) Phase 1: Mark live objects
[408.182s][info][gc,phases      ] GC(169) Phase 1: Mark live objects 54.469ms
[408.182s][info][gc,phases,start] GC(169) Phase 2: Compute new object addresses
[408.221s][info][gc,phases      ] GC(169) Phase 2: Compute new object addresses 39.071ms
[408.221s][info][gc,phases,start] GC(169) Phase 3: Adjust pointers
[408.257s][info][gc,phases      ] GC(169) Phase 3: Adjust pointers 36.232ms
[408.257s][info][gc,phases,start] GC(169) Phase 4: Move objects
[408.272s][info][gc,phases      ] GC(169) Phase 4: Move objects 14.998ms
[408.273s][info][gc,heap        ] GC(169) ParNew: 19647K->19630K(19648K)
[408.273s][info][gc,heap        ] GC(169) CMS: 43712K->43711K(43712K)
[408.273s][info][gc,metaspace   ] GC(169) Metaspace: 8314K->8314K(1056768K)
[408.273s][info][gc             ] GC(169) Pause Full (Allocation Failure) 61M->61M(61M) 193.785ms
[408.273s][info][gc,cpu         ] GC(169) User=0.19s Sys=0.00s Real=0.19s
[408.273s][info][gc,start       ] GC(170) Pause Full (Allocation Failure)
[408.274s][info][gc,phases,start] GC(170) Phase 1: Mark live objects
[408.327s][info][gc,phases      ] GC(170) Phase 1: Mark live objects 53.308ms
[408.327s][info][gc,phases,start] GC(170) Phase 2: Compute new object addresses
[408.369s][info][gc,phases      ] GC(170) Phase 2: Compute new object addresses 41.644ms
[408.369s][info][gc,phases,start] GC(170) Phase 3: Adjust pointers
[408.402s][info][gc,phases      ] GC(170) Phase 3: Adjust pointers 33.017ms
[408.402s][info][gc,phases,start] GC(170) Phase 4: Move objects
[408.402s][info][gc,phases      ] GC(170) Phase 4: Move objects 0.029ms
[408.402s][info][gc,heap        ] GC(170) ParNew: 19647K->19643K(19648K)
[408.402s][info][gc,heap        ] GC(170) CMS: 43711K->43711K(43712K)
[408.402s][info][gc,metaspace   ] GC(170) Metaspace: 8314K->8314K(1056768K)
[408.402s][info][gc             ] GC(170) Pause Full (Allocation Failure) 61M->61M(61M) 128.836ms
[408.402s][info][gc,cpu         ] GC(170) User=0.11s Sys=0.02s Real=0.13s
[408.402s][info][gc,start       ] GC(171) Pause Full (Allocation Failure)
[408.403s][info][gc,phases,start] GC(171) Phase 1: Mark live objects
[408.458s][info][gc,phases      ] GC(171) Phase 1: Mark live objects 55.356ms
[408.458s][info][gc,phases,start] GC(171) Phase 2: Compute new object addresses
[408.497s][info][gc,phases      ] GC(171) Phase 2: Compute new object addresses 39.156ms
[408.497s][info][gc,phases,start] GC(171) Phase 3: Adjust pointers
[408.538s][info][gc,phases      ] GC(171) Phase 3: Adjust pointers 40.827ms
[408.538s][info][gc,phases,start] GC(171) Phase 4: Move objects
[408.558s][info][gc,phases      ] GC(171) Phase 4: Move objects 19.563ms
[408.558s][info][gc,heap        ] GC(171) ParNew: 19647K->19631K(19648K)
[408.558s][info][gc,heap        ] GC(171) CMS: 43711K->43711K(43712K)
[408.558s][info][gc,metaspace   ] GC(171) Metaspace: 8314K->8314K(1056768K)
[408.558s][info][gc             ] GC(171) Pause Full (Allocation Failure) 61M->61M(61M) 155.815ms
[408.558s][info][gc,cpu         ] GC(171) User=0.16s Sys=0.00s Real=0.16s
[408.558s][info][gc,start       ] GC(172) Pause Initial Mark
[408.572s][info][gc             ] GC(172) Pause Initial Mark 61M->61M(61M) 13.572ms
[408.572s][info][gc,cpu         ] GC(172) User=0.02s Sys=0.00s Real=0.01s
[408.572s][info][gc             ] GC(172) Concurrent Mark
[408.573s][info][gc,start       ] GC(173) Pause Full (Allocation Failure)
[408.623s][info][gc             ] GC(172) Concurrent Mark 51.118ms
[408.623s][info][gc,cpu         ] GC(172) User=0.06s Sys=0.00s Real=0.05s
[408.623s][info][gc,phases,start] GC(173) Phase 1: Mark live objects
[408.678s][info][gc,phases      ] GC(173) Phase 1: Mark live objects 55.022ms
[408.679s][info][gc,phases,start] GC(173) Phase 2: Compute new object addresses
[408.719s][info][gc,phases      ] GC(173) Phase 2: Compute new object addresses 40.928ms
[408.720s][info][gc,phases,start] GC(173) Phase 3: Adjust pointers
[408.753s][info][gc,phases      ] GC(173) Phase 3: Adjust pointers 33.073ms
[408.753s][info][gc,phases,start] GC(173) Phase 4: Move objects
[408.753s][info][gc,phases      ] GC(173) Phase 4: Move objects 0.034ms
[408.753s][info][gc,heap        ] GC(173) ParNew: 19647K->19632K(19648K)
[408.753s][info][gc,heap        ] GC(173) CMS: 43712K->43712K(43712K)
[408.753s][info][gc,metaspace   ] GC(173) Metaspace: 8314K->8314K(1056768K)
[408.753s][info][gc             ] GC(173) Pause Full (Allocation Failure) 61M->61M(61M) 180.429ms
[408.753s][info][gc,cpu         ] GC(173) User=0.19s Sys=0.00s Real=0.18s
[408.753s][info][gc,start       ] GC(174) Pause Full (Allocation Failure)
[408.754s][info][gc,phases,start] GC(174) Phase 1: Mark live objects
[408.808s][info][gc,phases      ] GC(174) Phase 1: Mark live objects 53.929ms
[408.808s][info][gc,phases,start] GC(174) Phase 2: Compute new object addresses
[408.848s][info][gc,phases      ] GC(174) Phase 2: Compute new object addresses 40.407ms
[408.848s][info][gc,phases,start] GC(174) Phase 3: Adjust pointers
[408.881s][info][gc,phases      ] GC(174) Phase 3: Adjust pointers 32.587ms
[408.881s][info][gc,phases,start] GC(174) Phase 4: Move objects
[408.881s][info][gc,phases      ] GC(174) Phase 4: Move objects 0.024ms
[408.881s][info][gc,heap        ] GC(174) ParNew: 19647K->19645K(19648K)
[408.881s][info][gc,heap        ] GC(174) CMS: 43712K->43712K(43712K)
[408.881s][info][gc,metaspace   ] GC(174) Metaspace: 8314K->8314K(1056768K)
[408.881s][info][gc             ] GC(174) Pause Full (Allocation Failure) 61M->61M(61M) 127.731ms
[408.881s][info][gc,cpu         ] GC(174) User=0.12s Sys=0.00s Real=0.13s
[408.881s][info][gc,start       ] GC(175) Pause Initial Mark
[408.895s][info][gc             ] GC(175) Pause Initial Mark 61M->61M(61M) 13.300ms
[408.895s][info][gc,cpu         ] GC(175) User=0.02s Sys=0.00s Real=0.01s
[408.895s][info][gc             ] GC(175) Concurrent Mark
[408.895s][info][gc,start       ] GC(176) Pause Full (Allocation Failure)
[408.943s][info][gc             ] GC(175) Concurrent Mark 48.669ms
[408.944s][info][gc,cpu         ] GC(175) User=0.05s Sys=0.00s Real=0.05s
[408.944s][info][gc,phases,start] GC(176) Phase 1: Mark live objects
[408.997s][info][gc,phases      ] GC(176) Phase 1: Mark live objects 53.735ms
[408.997s][info][gc,phases,start] GC(176) Phase 2: Compute new object addresses
[409.038s][info][gc,phases      ] GC(176) Phase 2: Compute new object addresses 40.137ms
[409.038s][info][gc,phases,start] GC(176) Phase 3: Adjust pointers
[409.070s][info][gc,phases      ] GC(176) Phase 3: Adjust pointers 32.394ms
[409.070s][info][gc,phases,start] GC(176) Phase 4: Move objects
[409.070s][info][gc,phases      ] GC(176) Phase 4: Move objects 0.024ms
[409.070s][info][gc,heap        ] GC(176) ParNew: 19647K->19646K(19648K)
[409.071s][info][gc,heap        ] GC(176) CMS: 43712K->43712K(43712K)
[409.071s][info][gc,metaspace   ] GC(176) Metaspace: 8314K->8314K(1056768K)
[409.071s][info][gc             ] GC(176) Pause Full (Allocation Failure) 61M->61M(61M) 175.482ms
[409.071s][info][gc,cpu         ] GC(176) User=0.17s Sys=0.00s Real=0.17s
[409.071s][info][gc,start       ] GC(177) Pause Full (Allocation Failure)
[409.071s][info][gc,phases,start] GC(177) Phase 1: Mark live objects
[409.124s][info][gc,phases      ] GC(177) Phase 1: Mark live objects 53.501ms
[409.125s][info][gc,phases,start] GC(177) Phase 2: Compute new object addresses
[409.165s][info][gc,phases      ] GC(177) Phase 2: Compute new object addresses 40.280ms
[409.165s][info][gc,phases,start] GC(177) Phase 3: Adjust pointers
[409.198s][info][gc,phases      ] GC(177) Phase 3: Adjust pointers 32.892ms
[409.198s][info][gc,phases,start] GC(177) Phase 4: Move objects
[409.198s][info][gc,phases      ] GC(177) Phase 4: Move objects 0.020ms
[409.198s][info][gc,heap        ] GC(177) ParNew: 19647K->19646K(19648K)
[409.198s][info][gc,heap        ] GC(177) CMS: 43712K->43712K(43712K)
[409.198s][info][gc,metaspace   ] GC(177) Metaspace: 8314K->8314K(1056768K)
[409.198s][info][gc             ] GC(177) Pause Full (Allocation Failure) 61M->61M(61M) 127.518ms
[409.198s][info][gc,cpu         ] GC(177) User=0.12s Sys=0.00s Real=0.13s
[409.198s][info][gc,start       ] GC(178) Pause Initial Mark
[409.213s][info][gc             ] GC(178) Pause Initial Mark 61M->61M(61M) 14.192ms
[409.213s][info][gc,cpu         ] GC(178) User=0.03s Sys=0.00s Real=0.01s
[409.213s][info][gc             ] GC(178) Concurrent Mark
[409.213s][info][gc,start       ] GC(179) Pause Full (Allocation Failure)
[409.263s][info][gc             ] GC(178) Concurrent Mark 50.173ms
[409.263s][info][gc,cpu         ] GC(178) User=0.06s Sys=0.00s Real=0.05s
[409.263s][info][gc,phases,start] GC(179) Phase 1: Mark live objects
[409.322s][info][gc,phases      ] GC(179) Phase 1: Mark live objects 59.180ms
[409.322s][info][gc,phases,start] GC(179) Phase 2: Compute new object addresses
[409.364s][info][gc,phases      ] GC(179) Phase 2: Compute new object addresses 41.528ms
[409.364s][info][gc,phases,start] GC(179) Phase 3: Adjust pointers
[409.398s][info][gc,phases      ] GC(179) Phase 3: Adjust pointers 34.105ms
[409.398s][info][gc,phases,start] GC(179) Phase 4: Move objects
[409.398s][info][gc,phases      ] GC(179) Phase 4: Move objects 0.021ms
[409.399s][info][gc,heap        ] GC(179) ParNew: 19647K->19646K(19648K)
[409.399s][info][gc,heap        ] GC(179) CMS: 43712K->43712K(43712K)
[409.399s][info][gc,metaspace   ] GC(179) Metaspace: 8314K->8314K(1056768K)
[409.399s][info][gc             ] GC(179) Pause Full (Allocation Failure) 61M->61M(61M) 185.634ms
[409.399s][info][gc,cpu         ] GC(179) User=0.19s Sys=0.00s Real=0.18s
[409.399s][info][gc,start       ] GC(180) Pause Full (Allocation Failure)
[409.399s][info][gc,phases,start] GC(180) Phase 1: Mark live objects
[409.456s][info][gc,phases      ] GC(180) Phase 1: Mark live objects 56.556ms
[409.456s][info][gc,phases,start] GC(180) Phase 2: Compute new object addresses
[409.496s][info][gc,phases      ] GC(180) Phase 2: Compute new object addresses 40.817ms
[409.496s][info][gc,phases,start] GC(180) Phase 3: Adjust pointers
[409.530s][info][gc,phases      ] GC(180) Phase 3: Adjust pointers 33.311ms
[409.530s][info][gc,phases,start] GC(180) Phase 4: Move objects
[409.530s][info][gc,phases      ] GC(180) Phase 4: Move objects 0.019ms
[409.530s][info][gc,heap        ] GC(180) ParNew: 19647K->19647K(19648K)
[409.530s][info][gc,heap        ] GC(180) CMS: 43712K->43712K(43712K)
[409.530s][info][gc,metaspace   ] GC(180) Metaspace: 8314K->8314K(1056768K)
[409.530s][info][gc             ] GC(180) Pause Full (Allocation Failure) 61M->61M(61M) 131.567ms
[409.530s][info][gc,cpu         ] GC(180) User=0.14s Sys=0.00s Real=0.13s
[409.530s][info][gc,start       ] GC(181) Pause Full (Allocation Failure)
[409.531s][info][gc,phases,start] GC(181) Phase 1: Mark live objects
[409.587s][info][gc,phases      ] GC(181) Phase 1: Mark live objects 56.417ms
[409.587s][info][gc,phases,start] GC(181) Phase 2: Compute new object addresses
[409.629s][info][gc,phases      ] GC(181) Phase 2: Compute new object addresses 41.887ms
[409.629s][info][gc,phases,start] GC(181) Phase 3: Adjust pointers
[409.663s][info][gc,phases      ] GC(181) Phase 3: Adjust pointers 33.538ms
[409.663s][info][gc,phases,start] GC(181) Phase 4: Move objects
[409.663s][info][gc,phases      ] GC(181) Phase 4: Move objects 0.042ms
[409.663s][info][gc,heap        ] GC(181) ParNew: 19647K->19607K(19648K)
[409.663s][info][gc,heap        ] GC(181) CMS: 43712K->43711K(43712K)
[409.663s][info][gc,metaspace   ] GC(181) Metaspace: 8314K->8314K(1056768K)
[409.663s][info][gc             ] GC(181) Pause Full (Allocation Failure) 61M->61M(61M) 132.735ms
[409.663s][info][gc,cpu         ] GC(181) User=0.12s Sys=0.00s Real=0.13s
[409.663s][info][gc,start       ] GC(182) Pause Initial Mark
[409.677s][info][gc             ] GC(182) Pause Initial Mark 61M->61M(61M) 13.477ms
[409.677s][info][gc,cpu         ] GC(182) User=0.02s Sys=0.00s Real=0.01s
[409.677s][info][gc             ] GC(182) Concurrent Mark
[409.678s][info][gc,start       ] GC(183) Pause Full (Allocation Failure)
[409.726s][info][gc             ] GC(182) Concurrent Mark 48.813ms
[409.726s][info][gc,cpu         ] GC(182) User=0.05s Sys=0.00s Real=0.05s
[409.726s][info][gc,phases,start] GC(183) Phase 1: Mark live objects
[409.781s][info][gc,phases      ] GC(183) Phase 1: Mark live objects 54.911ms
[409.781s][info][gc,phases,start] GC(183) Phase 2: Compute new object addresses
[409.821s][info][gc,phases      ] GC(183) Phase 2: Compute new object addresses 39.720ms
[409.821s][info][gc,phases,start] GC(183) Phase 3: Adjust pointers
[409.854s][info][gc,phases      ] GC(183) Phase 3: Adjust pointers 32.991ms
[409.854s][info][gc,phases,start] GC(183) Phase 4: Move objects
[409.855s][info][gc,phases      ] GC(183) Phase 4: Move objects 0.890ms
[409.855s][info][gc,heap        ] GC(183) ParNew: 19647K->19636K(19648K)
[409.855s][info][gc,heap        ] GC(183) CMS: 43711K->43711K(43712K)
[409.855s][info][gc,metaspace   ] GC(183) Metaspace: 8314K->8314K(1056768K)
[409.855s][info][gc             ] GC(183) Pause Full (Allocation Failure) 61M->61M(61M) 177.016ms
[409.855s][info][gc,cpu         ] GC(183) User=0.17s Sys=0.02s Real=0.18s
[409.856s][info][gc,start       ] GC(184) Pause Full (Allocation Failure)
[409.856s][info][gc,phases,start] GC(184) Phase 1: Mark live objects
[409.912s][info][gc,phases      ] GC(184) Phase 1: Mark live objects 56.512ms
[409.912s][info][gc,phases,start] GC(184) Phase 2: Compute new object addresses
[409.954s][info][gc,phases      ] GC(184) Phase 2: Compute new object addresses 41.254ms
[409.954s][info][gc,phases,start] GC(184) Phase 3: Adjust pointers
[409.988s][info][gc,phases      ] GC(184) Phase 3: Adjust pointers 34.499ms
[409.988s][info][gc,phases,start] GC(184) Phase 4: Move objects
[409.988s][info][gc,phases      ] GC(184) Phase 4: Move objects 0.045ms
[409.989s][info][gc,heap        ] GC(184) ParNew: 19647K->19641K(19648K)
[409.989s][info][gc,heap        ] GC(184) CMS: 43711K->43711K(43712K)
[409.989s][info][gc,metaspace   ] GC(184) Metaspace: 8317K->8317K(1056768K)
[409.989s][info][gc             ] GC(184) Pause Full (Allocation Failure) 61M->61M(61M) 133.218ms
[409.989s][info][gc,cpu         ] GC(184) User=0.12s Sys=0.00s Real=0.13s
[409.989s][info][gc,start       ] GC(185) Pause Initial Mark
[410.003s][info][gc             ] GC(185) Pause Initial Mark 61M->61M(61M) 13.632ms
[410.003s][info][gc,cpu         ] GC(185) User=0.02s Sys=0.00s Real=0.01s
[410.003s][info][gc             ] GC(185) Concurrent Mark
[410.003s][info][gc,start       ] GC(186) Pause Full (Allocation Failure)
[410.053s][info][gc             ] GC(185) Concurrent Mark 50.111ms
[410.053s][info][gc,cpu         ] GC(185) User=0.05s Sys=0.00s Real=0.05s
[410.053s][info][gc,phases,start] GC(186) Phase 1: Mark live objects
[410.110s][info][gc,phases      ] GC(186) Phase 1: Mark live objects 57.046ms
[410.110s][info][gc,phases,start] GC(186) Phase 2: Compute new object addresses
[410.161s][info][gc,phases      ] GC(186) Phase 2: Compute new object addresses 50.866ms
[410.161s][info][gc,phases,start] GC(186) Phase 3: Adjust pointers
[410.211s][info][gc,phases      ] GC(186) Phase 3: Adjust pointers 49.528ms
[410.211s][info][gc,phases,start] GC(186) Phase 4: Move objects
[410.211s][info][gc,phases      ] GC(186) Phase 4: Move objects 0.032ms
[410.211s][info][gc,heap        ] GC(186) ParNew: 19647K->19644K(19648K)
[410.211s][info][gc,heap        ] GC(186) CMS: 43711K->43711K(43712K)
[410.211s][info][gc,metaspace   ] GC(186) Metaspace: 8318K->8318K(1056768K)
[410.211s][info][gc             ] GC(186) Pause Full (Allocation Failure) 61M->61M(61M) 208.093ms
[410.211s][info][gc,cpu         ] GC(186) User=0.20s Sys=0.00s Real=0.21s
[410.212s][info][gc,start       ] GC(187) Pause Full (Allocation Failure)
[410.212s][info][gc,phases,start] GC(187) Phase 1: Mark live objects
[410.284s][info][gc,phases      ] GC(187) Phase 1: Mark live objects 71.883ms
[410.284s][info][gc,phases,start] GC(187) Phase 2: Compute new object addresses
[410.332s][info][gc,phases      ] GC(187) Phase 2: Compute new object addresses 48.156ms
[410.332s][info][gc,phases,start] GC(187) Phase 3: Adjust pointers
[410.378s][info][gc,phases      ] GC(187) Phase 3: Adjust pointers 45.627ms
[410.378s][info][gc,phases,start] GC(187) Phase 4: Move objects
[410.378s][info][gc,phases      ] GC(187) Phase 4: Move objects 0.023ms
[410.378s][info][gc,heap        ] GC(187) ParNew: 19647K->19647K(19648K)
[410.378s][info][gc,heap        ] GC(187) CMS: 43711K->43711K(43712K)
[410.378s][info][gc,metaspace   ] GC(187) Metaspace: 8318K->8318K(1056768K)
[410.378s][info][gc             ] GC(187) Pause Full (Allocation Failure) 61M->61M(61M) 166.635ms
[410.378s][info][gc,cpu         ] GC(187) User=0.17s Sys=0.00s Real=0.17s
[410.378s][info][gc,start       ] GC(188) Pause Initial Mark
[410.395s][info][gc             ] GC(188) Pause Initial Mark 61M->61M(61M) 16.800ms
[410.395s][info][gc,cpu         ] GC(188) User=0.02s Sys=0.00s Real=0.02s
[410.395s][info][gc             ] GC(188) Concurrent Mark
[410.395s][info][gc,start       ] GC(189) Pause Full (Allocation Failure)
[410.458s][info][gc             ] GC(188) Concurrent Mark 62.901ms
[410.458s][info][gc,cpu         ] GC(188) User=0.06s Sys=0.00s Real=0.06s
[410.458s][info][gc,phases,start] GC(189) Phase 1: Mark live objects
[410.515s][info][gc,phases      ] GC(189) Phase 1: Mark live objects 56.546ms
[410.515s][info][gc,phases,start] GC(189) Phase 2: Compute new object addresses
[410.557s][info][gc,phases      ] GC(189) Phase 2: Compute new object addresses 41.879ms
[410.557s][info][gc,phases,start] GC(189) Phase 3: Adjust pointers
[410.591s][info][gc,phases      ] GC(189) Phase 3: Adjust pointers 34.186ms
[410.591s][info][gc,phases,start] GC(189) Phase 4: Move objects
[410.591s][info][gc,phases      ] GC(189) Phase 4: Move objects 0.020ms
[410.592s][info][gc,heap        ] GC(189) ParNew: 19647K->19647K(19648K)
[410.592s][info][gc,heap        ] GC(189) CMS: 43711K->43711K(43712K)
[410.592s][info][gc,metaspace   ] GC(189) Metaspace: 8318K->8318K(1056768K)
[410.592s][info][gc             ] GC(189) Pause Full (Allocation Failure) 61M->61M(61M) 196.156ms
[410.592s][info][gc,cpu         ] GC(189) User=0.20s Sys=0.00s Real=0.20s
[410.592s][info][gc,start       ] GC(190) Pause Full (Allocation Failure)
[410.592s][info][gc,phases,start] GC(190) Phase 1: Mark live objects
[410.651s][info][gc,phases      ] GC(190) Phase 1: Mark live objects 59.362ms
[410.651s][info][gc,phases,start] GC(190) Phase 2: Compute new object addresses
[410.693s][info][gc,phases      ] GC(190) Phase 2: Compute new object addresses 41.862ms
[410.693s][info][gc,phases,start] GC(190) Phase 3: Adjust pointers
[410.728s][info][gc,phases      ] GC(190) Phase 3: Adjust pointers 34.363ms
[410.728s][info][gc,phases,start] GC(190) Phase 4: Move objects
[410.728s][info][gc,phases      ] GC(190) Phase 4: Move objects 0.042ms
[410.728s][info][gc,heap        ] GC(190) ParNew: 19647K->19629K(19648K)
[410.728s][info][gc,heap        ] GC(190) CMS: 43711K->43711K(43712K)
[410.728s][info][gc,metaspace   ] GC(190) Metaspace: 8318K->8314K(1056768K)
[410.728s][info][gc             ] GC(190) Pause Full (Allocation Failure) 61M->61M(61M) 136.495ms
[410.728s][info][gc,cpu         ] GC(190) User=0.12s Sys=0.00s Real=0.14s
[410.729s][info][gc,start       ] GC(191) Pause Full (Allocation Failure)
[410.729s][info][gc,phases,start] GC(191) Phase 1: Mark live objects
[410.784s][info][gc,phases      ] GC(191) Phase 1: Mark live objects 55.069ms
[410.784s][info][gc,phases,start] GC(191) Phase 2: Compute new object addresses
[410.825s][info][gc,phases      ] GC(191) Phase 2: Compute new object addresses 41.654ms
[410.826s][info][gc,phases,start] GC(191) Phase 3: Adjust pointers
[410.859s][info][gc,phases      ] GC(191) Phase 3: Adjust pointers 33.095ms
[410.859s][info][gc,phases,start] GC(191) Phase 4: Move objects
[410.859s][info][gc,phases      ] GC(191) Phase 4: Move objects 0.027ms
[410.859s][info][gc,heap        ] GC(191) ParNew: 19647K->19643K(19648K)
[410.859s][info][gc,heap        ] GC(191) CMS: 43711K->43711K(43712K)
[410.859s][info][gc,metaspace   ] GC(191) Metaspace: 8314K->8314K(1056768K)
[410.859s][info][gc             ] GC(191) Pause Full (Allocation Failure) 61M->61M(61M) 130.648ms
[410.859s][info][gc,cpu         ] GC(191) User=0.14s Sys=0.00s Real=0.13s
[410.860s][info][gc,start       ] GC(192) Pause Full (Allocation Failure)
[410.860s][info][gc,phases,start] GC(192) Phase 1: Mark live objects
[410.914s][info][gc,phases      ] GC(192) Phase 1: Mark live objects 54.547ms
[410.914s][info][gc,phases,start] GC(192) Phase 2: Compute new object addresses
[410.955s][info][gc,phases      ] GC(192) Phase 2: Compute new object addresses 40.244ms
[410.955s][info][gc,phases,start] GC(192) Phase 3: Adjust pointers
[410.987s][info][gc,phases      ] GC(192) Phase 3: Adjust pointers 32.634ms
[410.987s][info][gc,phases,start] GC(192) Phase 4: Move objects
[410.988s][info][gc,phases      ] GC(192) Phase 4: Move objects 0.031ms
[410.988s][info][gc,heap        ] GC(192) ParNew: 19647K->19647K(19648K)
[410.988s][info][gc,heap        ] GC(192) CMS: 43711K->43711K(43712K)
[410.988s][info][gc,metaspace   ] GC(192) Metaspace: 8314K->8314K(1056768K)
[410.988s][info][gc             ] GC(192) Pause Full (Allocation Failure) 61M->61M(61M) 128.346ms
[410.988s][info][gc,cpu         ] GC(192) User=0.12s Sys=0.00s Real=0.13s
[410.988s][info][gc,start       ] GC(193) Pause Full (Allocation Failure)
[410.988s][info][gc,phases,start] GC(193) Phase 1: Mark live objects
[411.042s][info][gc,phases      ] GC(193) Phase 1: Mark live objects 53.631ms
[411.042s][info][gc,phases,start] GC(193) Phase 2: Compute new object addresses
[411.082s][info][gc,phases      ] GC(193) Phase 2: Compute new object addresses 39.898ms
[411.082s][info][gc,phases,start] GC(193) Phase 3: Adjust pointers
[411.114s][info][gc,phases      ] GC(193) Phase 3: Adjust pointers 32.451ms
[411.115s][info][gc,phases,start] GC(193) Phase 4: Move objects
[411.115s][info][gc,phases      ] GC(193) Phase 4: Move objects 0.018ms
[411.115s][info][gc,heap        ] GC(193) ParNew: 19647K->19647K(19648K)
[411.115s][info][gc,heap        ] GC(193) CMS: 43711K->43711K(43712K)
[411.115s][info][gc,metaspace   ] GC(193) Metaspace: 8314K->8314K(1056768K)
[411.115s][info][gc             ] GC(193) Pause Full (Allocation Failure) 61M->61M(61M) 126.802ms
[411.115s][info][gc,cpu         ] GC(193) User=0.11s Sys=0.02s Real=0.13s
[411.115s][info][gc,start       ] GC(194) Pause Full (Allocation Failure)
[411.115s][info][gc,phases,start] GC(194) Phase 1: Mark live objects
[411.169s][info][gc,phases      ] GC(194) Phase 1: Mark live objects 53.890ms
[411.169s][info][gc,phases,start] GC(194) Phase 2: Compute new object addresses
[411.212s][info][gc,phases      ] GC(194) Phase 2: Compute new object addresses 42.349ms
[411.212s][info][gc,phases,start] GC(194) Phase 3: Adjust pointers
[411.245s][info][gc,phases      ] GC(194) Phase 3: Adjust pointers 33.488ms
[411.245s][info][gc,phases,start] GC(194) Phase 4: Move objects
[411.245s][info][gc,phases      ] GC(194) Phase 4: Move objects 0.024ms
[411.246s][info][gc,heap        ] GC(194) ParNew: 19647K->19647K(19648K)
[411.246s][info][gc,heap        ] GC(194) CMS: 43711K->43711K(43712K)
[411.246s][info][gc,metaspace   ] GC(194) Metaspace: 8314K->8314K(1056768K)
[411.246s][info][gc             ] GC(194) Pause Full (Allocation Failure) 61M->61M(61M) 130.599ms
[411.246s][info][gc,cpu         ] GC(194) User=0.14s Sys=0.00s Real=0.13s
[411.250s][info][gc,start       ] GC(195) Pause Full (Allocation Failure)
[411.250s][info][gc,phases,start] GC(195) Phase 1: Mark live objects
[411.306s][info][gc,phases      ] GC(195) Phase 1: Mark live objects 56.342ms
[411.306s][info][gc,phases,start] GC(195) Phase 2: Compute new object addresses
[411.348s][info][gc,phases      ] GC(195) Phase 2: Compute new object addresses 41.411ms
[411.348s][info][gc,phases,start] GC(195) Phase 3: Adjust pointers
[411.381s][info][gc,phases      ] GC(195) Phase 3: Adjust pointers 33.679ms
[411.381s][info][gc,phases,start] GC(195) Phase 4: Move objects
[411.381s][info][gc,phases      ] GC(195) Phase 4: Move objects 0.020ms
[411.382s][info][gc,heap        ] GC(195) ParNew: 19647K->19647K(19648K)
[411.382s][info][gc,heap        ] GC(195) CMS: 43711K->43711K(43712K)
[411.382s][info][gc,metaspace   ] GC(195) Metaspace: 8314K->8314K(1056768K)
[411.382s][info][gc             ] GC(195) Pause Full (Allocation Failure) 61M->61M(61M) 132.287ms
[411.382s][info][gc,cpu         ] GC(195) User=0.12s Sys=0.00s Real=0.13s
[411.382s][info][gc,start       ] GC(196) Pause Full (Allocation Failure)
[411.382s][info][gc,phases,start] GC(196) Phase 1: Mark live objects
[411.439s][info][gc,phases      ] GC(196) Phase 1: Mark live objects 56.738ms
[411.439s][info][gc,phases,start] GC(196) Phase 2: Compute new object addresses
[411.482s][info][gc,phases      ] GC(196) Phase 2: Compute new object addresses 42.619ms
[411.482s][info][gc,phases,start] GC(196) Phase 3: Adjust pointers
[411.517s][info][gc,phases      ] GC(196) Phase 3: Adjust pointers 35.234ms
[411.517s][info][gc,phases,start] GC(196) Phase 4: Move objects
[411.517s][info][gc,phases      ] GC(196) Phase 4: Move objects 0.019ms
[411.517s][info][gc,heap        ] GC(196) ParNew: 19647K->19647K(19648K)
[411.517s][info][gc,heap        ] GC(196) CMS: 43711K->43711K(43712K)
[411.517s][info][gc,metaspace   ] GC(196) Metaspace: 8314K->8314K(1056768K)
[411.517s][info][gc             ] GC(196) Pause Full (Allocation Failure) 61M->61M(61M) 135.495ms
[411.518s][info][gc,cpu         ] GC(196) User=0.14s Sys=0.00s Real=0.14s
[411.518s][info][gc,start       ] GC(197) Pause Full (Allocation Failure)
[411.518s][info][gc,phases,start] GC(197) Phase 1: Mark live objects
[411.574s][info][gc,phases      ] GC(197) Phase 1: Mark live objects 55.895ms
[411.574s][info][gc,phases,start] GC(197) Phase 2: Compute new object addresses
[411.613s][info][gc,phases      ] GC(197) Phase 2: Compute new object addresses 39.515ms
[411.613s][info][gc,phases,start] GC(197) Phase 3: Adjust pointers
[411.655s][info][gc,phases      ] GC(197) Phase 3: Adjust pointers 41.977ms
[411.655s][info][gc,phases,start] GC(197) Phase 4: Move objects
[411.678s][info][gc,phases      ] GC(197) Phase 4: Move objects 22.332ms
[411.678s][info][gc,heap        ] GC(197) ParNew: 19647K->19634K(19648K)
[411.678s][info][gc,heap        ] GC(197) CMS: 43711K->43711K(43712K)
[411.678s][info][gc,metaspace   ] GC(197) Metaspace: 8314K->8314K(1056768K)
[411.678s][info][gc             ] GC(197) Pause Full (Allocation Failure) 61M->61M(61M) 160.607ms
[411.678s][info][gc,cpu         ] GC(197) User=0.16s Sys=0.00s Real=0.16s
[411.679s][info][gc,start       ] GC(198) Pause Initial Mark
[411.692s][info][gc             ] GC(198) Pause Initial Mark 61M->61M(61M) 13.226ms
[411.692s][info][gc,cpu         ] GC(198) User=0.03s Sys=0.00s Real=0.01s
[411.692s][info][gc             ] GC(198) Concurrent Mark
[412.534s][info][gc,start       ] GC(199) Pause Full (Allocation Failure)
[412.585s][info][gc             ] GC(198) Concurrent Mark 893.007ms
[412.585s][info][gc,cpu         ] GC(198) User=0.86s Sys=0.05s Real=0.89s
[412.585s][info][gc,phases,start] GC(199) Phase 1: Mark live objects
[412.597s][info][gc,phases      ] GC(199) Phase 1: Mark live objects 11.562ms
[412.597s][info][gc,phases,start] GC(199) Phase 2: Compute new object addresses
[412.617s][info][gc,phases      ] GC(199) Phase 2: Compute new object addresses 20.443ms
[412.617s][info][gc,phases,start] GC(199) Phase 3: Adjust pointers
[412.623s][info][gc,phases      ] GC(199) Phase 3: Adjust pointers 5.316ms
[412.623s][info][gc,phases,start] GC(199) Phase 4: Move objects
[412.625s][info][gc,phases      ] GC(199) Phase 4: Move objects 1.703ms
[412.625s][info][gc,heap        ] GC(199) ParNew: 19647K->0K(19648K)
[412.625s][info][gc,heap        ] GC(199) CMS: 43711K->4794K(43712K)
[412.625s][info][gc,metaspace   ] GC(199) Metaspace: 8318K->8314K(1056768K)
[412.625s][info][gc             ] GC(199) Pause Full (Allocation Failure) 61M->4M(61M) 90.900ms
[412.625s][info][gc,cpu         ] GC(199) User=0.09s Sys=0.00s Real=0.09s
[412.647s][info][gc,heap,exit   ] Heap
[412.647s][info][gc,heap,exit   ]  par new generation   total 19648K, used 1286K [0x00000000fc000000, 0x00000000fd550000, 0x00000000fd550000)
[412.647s][info][gc,heap,exit   ]   eden space 17472K,   7% used [0x00000000fc000000, 0x00000000fc141b08, 0x00000000fd110000)
[412.647s][info][gc,heap,exit   ]   from space 2176K,   0% used [0x00000000fd330000, 0x00000000fd330000, 0x00000000fd550000)
[412.647s][info][gc,heap,exit   ]   to   space 2176K,   0% used [0x00000000fd110000, 0x00000000fd110000, 0x00000000fd330000)
[412.647s][info][gc,heap,exit   ]  concurrent mark-sweep generation total 43712K, used 4794K [0x00000000fd550000, 0x0000000100000000, 0x0000000100000000)
[412.647s][info][gc,heap,exit   ]  Metaspace       used 8378K, capacity 8849K, committed 9344K, reserved 1056768K
[412.647s][info][gc,heap,exit   ]   class space    used 891K, capacity 1049K, committed 1152K, reserved 1048576K
